******************************************************************************
                  TI ARM Linker PC v16.9.0                     
******************************************************************************
>> Linked Sat Mar 18 22:57:33 2017

OUTPUT FILE NAME:   <SensorTag_cc2640r2lp_app.out>
ENTRY POINT SYMBOL: "ResetISR"  address: 00009939


MEMORY CONFIGURATION

         name            origin    length      used     unused   attr    fill
----------------------  --------  ---------  --------  --------  ----  --------
  FLASH                 00000000   00017d30  0000c04c  0000bce4  R  X
  FLASH_LAST_PAGE       0001f000   00001000  00000058  00000fa8  R  X
  SRAM                  20000000   000040a4  00002749  0000195b  RW X


SEGMENT ALLOCATION MAP

run origin  load origin   length   init length attrs members
----------  ----------- ---------- ----------- ----- -------
00000000    00000000    0000bab4   0000bab4    r-x
  00000000    00000000    0000003c   0000003c    r-- .resetVecs
  0000003c    0000003c    00000fc4   00000fc4    r-x .text.1
  00001000    00001000    00000028   00000028    r-- .const:ti_sysbios_heaps_HeapMem_Module__FXNS__C
  00001028    00001028    00000024   00000024    r-- .const:ti_sysbios_gates_GateHwi_Module__FXNS__C
  0000104c    0000104c    00000024   00000024    r-- .const:ti_sysbios_gates_GateMutex_Module__FXNS__C
  00001070    00001070    00000020   00000020    r-- .const:ti_sysbios_family_arm_m3_Hwi_Object__DESC__C
  00001090    00001090    00000020   00000020    r-- .const:ti_sysbios_gates_GateHwi_Object__DESC__C
  000010b0    000010b0    00000020   00000020    r-- .const:ti_sysbios_gates_GateMutex_Object__DESC__C
  000010d0    000010d0    00000020   00000020    r-- .const:ti_sysbios_hal_Hwi_Object__DESC__C
  000010f0    000010f0    00000020   00000020    r-- .const:ti_sysbios_heaps_HeapMem_Object__DESC__C
  00001110    00001110    00000020   00000020    r-- .const:ti_sysbios_knl_Clock_Object__DESC__C
  00001130    00001130    00000020   00000020    r-- .const:ti_sysbios_knl_Event_Object__DESC__C
  00001150    00001150    00000020   00000020    r-- .const:ti_sysbios_knl_Mailbox_Object__DESC__C
  00001170    00001170    00000020   00000020    r-- .const:ti_sysbios_knl_Queue_Object__DESC__C
  00001190    00001190    00000020   00000020    r-- .const:ti_sysbios_knl_Semaphore_Object__DESC__C
  000011b0    000011b0    00000020   00000020    r-- .const:ti_sysbios_knl_Swi_Object__DESC__C
  000011d0    000011d0    00000020   00000020    r-- .const:ti_sysbios_knl_Task_Object__DESC__C
  000011f0    000011f0    00000008   00000008    r-- .const:ti_sysbios_knl_Idle_funcList__C
  000011f8    000011f8    00000004   00000004    r-- .const:ti_sysbios_family_arm_cc26xx_Timer_startupNeeded__C
  000011fc    000011fc    00000004   00000004    r-- .const:ti_sysbios_family_arm_m3_Hwi_E_alreadyDefined__C
  00001200    00001200    00000004   00000004    r-- .const:ti_sysbios_family_arm_m3_Hwi_E_hwiLimitExceeded__C
  00001204    00001204    00000004   00000004    r-- .const:ti_sysbios_family_arm_m3_Hwi_NUM_INTERRUPTS__C
  00001208    00001208    00000004   00000004    r-- .const:ti_sysbios_family_arm_m3_Hwi_Object__count__C
  0000120c    0000120c    00000004   00000004    r-- .const:ti_sysbios_family_arm_m3_Hwi_Object__table__C
  00001210    00001210    00000004   00000004    r-- .const:ti_sysbios_family_arm_m3_Hwi_ccr__C
  00001214    00001214    00000004   00000004    r-- .const:ti_sysbios_family_arm_m3_Hwi_excHandlerFunc__C
  00001218    00001218    00000004   00000004    r-- .const:ti_sysbios_family_arm_m3_Hwi_nullIsrFunc__C
  0000121c    0000121c    00000004   00000004    r-- .const:ti_sysbios_family_arm_m3_Hwi_numSparseInterrupts__C
  00001220    00001220    00000004   00000004    r-- .const:ti_sysbios_family_arm_m3_Hwi_priGroup__C
  00001224    00001224    00000004   00000004    r-- .const:ti_sysbios_family_arm_m3_TaskSupport_stackAlignment__C
  00001228    00001228    00000004   00000004    r-- .const:ti_sysbios_heaps_HeapMem_E_memory__C
  0000122c    0000122c    00000004   00000004    r-- .const:ti_sysbios_heaps_HeapMem_Module__gateObj__C
  00001230    00001230    00000004   00000004    r-- .const:ti_sysbios_heaps_HeapMem_Object__count__C
  00001234    00001234    00000004   00000004    r-- .const:ti_sysbios_heaps_HeapMem_Object__table__C
  00001238    00001238    00000004   00000004    r-- .const:ti_sysbios_heaps_HeapMem_reqAlign__C
  0000123c    0000123c    00000004   00000004    r-- .const:ti_sysbios_knl_Clock_triggerClock__C
  00001240    00001240    00000004   00000004    r-- .const:ti_sysbios_knl_Mailbox_Object__count__C
  00001244    00001244    00000004   00000004    r-- .const:ti_sysbios_knl_Mailbox_Object__table__C
  00001248    00001248    00000004   00000004    r-- .const:ti_sysbios_knl_Mailbox_maxTypeAlign__C
  0000124c    0000124c    00000004   00000004    r-- .const:ti_sysbios_knl_Queue_Object__count__C
  00001250    00001250    00000004   00000004    r-- .const:ti_sysbios_knl_Queue_Object__table__C
  00001254    00001254    00000004   00000004    r-- .const:ti_sysbios_knl_Semaphore_eventPost__C
  00001258    00001258    00000004   00000004    r-- .const:ti_sysbios_knl_Semaphore_eventSync__C
  0000125c    0000125c    00000004   00000004    r-- .const:ti_sysbios_knl_Swi_Object__count__C
  00001260    00001260    00000004   00000004    r-- .const:ti_sysbios_knl_Swi_Object__table__C
  00001264    00001264    00000004   00000004    r-- .const:ti_sysbios_knl_Swi_numPriorities__C
  00001268    00001268    00000004   00000004    r-- .const:ti_sysbios_knl_Task_Object__count__C
  0000126c    0000126c    00000004   00000004    r-- .const:ti_sysbios_knl_Task_Object__table__C
  00001270    00001270    00000004   00000004    r-- .const:ti_sysbios_knl_Task_allBlockedFunc__C
  00001274    00001274    00000004   00000004    r-- .const:ti_sysbios_knl_Task_defaultStackHeap__C
  00001278    00001278    00000004   00000004    r-- .const:ti_sysbios_knl_Task_defaultStackSize__C
  0000127c    0000127c    00000004   00000004    r-- .const:ti_sysbios_knl_Task_numConstructedTasks__C
  00001280    00001280    00000002   00000002    r-- .const:ti_sysbios_family_arm_cc26xx_Timer_Module__id__C
  00001282    00001282    00000002   00000002    r-- .const:ti_sysbios_family_arm_cc26xx_TimestampProvider_useClockTimer__C
  00001284    00001284    00000002   00000002    r-- .const:ti_sysbios_family_arm_m3_Hwi_Module__id__C
  00001286    00001286    00000002   00000002    r-- .const:ti_sysbios_gates_GateHwi_Module__id__C
  00001288    00001288    00000002   00000002    r-- .const:ti_sysbios_gates_GateMutex_Module__id__C
  0000128a    0000128a    00000002   00000002    r-- .const:ti_sysbios_heaps_HeapMem_Module__id__C
  0000128c    0000128c    00000002   00000002    r-- .const:ti_sysbios_knl_Task_initStackFlag__C
  0000128e    0000128e    00000001   00000001    r-- .const:ti_sysbios_knl_Clock_tickMode__C
  00001290    00001290    00000008   00000008    r-- .const:xdc_runtime_Startup_firstFxns__C
  00001298    00001298    00000008   00000008    r-- .const:xdc_runtime_Startup_lastFxns__C
  000012a0    000012a0    00000004   00000004    r-- .const:xdc_runtime_Assert_E_assertFailed__C
  000012a4    000012a4    00000004   00000004    r-- .const:xdc_runtime_Error_E_memory__C
  000012a8    000012a8    00000004   00000004    r-- .const:xdc_runtime_Error_policyFxn__C
  000012ac    000012ac    00000004   00000004    r-- .const:xdc_runtime_Error_raiseHook__C
  000012b0    000012b0    00000004   00000004    r-- .const:xdc_runtime_IGateProvider_Interface__BASE__C
  000012b4    000012b4    00000004   00000004    r-- .const:xdc_runtime_IHeap_Interface__BASE__C
  000012b8    000012b8    00000004   00000004    r-- .const:xdc_runtime_IModule_Interface__BASE__C
  000012bc    000012bc    00000004   00000004    r-- .const:xdc_runtime_Memory_defaultHeapInstance__C
  000012c0    000012c0    00000004   00000004    r-- .const:xdc_runtime_Startup_execImpl__C
  000012c4    000012c4    00000004   00000004    r-- .const:xdc_runtime_Startup_maxPasses__C
  000012c8    000012c8    00000004   00000004    r-- .const:xdc_runtime_Startup_sfxnRts__C
  000012cc    000012cc    00000004   00000004    r-- .const:xdc_runtime_Startup_sfxnTab__C
  000012d0    000012d0    00000004   00000004    r-- .const:xdc_runtime_Startup_startModsFxn__C
  000012d4    000012d4    00000004   00000004    r-- .const:xdc_runtime_SysCallback_abortFxn__C
  000012d8    000012d8    00000004   00000004    r-- .const:xdc_runtime_SysCallback_exitFxn__C
  000012dc    000012dc    00000004   00000004    r-- .const:xdc_runtime_System_abortFxn__C
  000012e0    000012e0    00000004   00000004    r-- .const:xdc_runtime_System_exitFxn__C
  000012e4    000012e4    00000004   00000004    r-- .const:xdc_runtime_System_maxAtexitHandlers__C
  000012e8    000012e8    00000004   00000004    r-- .const:xdc_runtime_Text_charTab__C
  000012ec    000012ec    00000004   00000004    r-- .const:xdc_runtime_Text_nameEmpty__C
  000012f0    000012f0    00000004   00000004    r-- .const:xdc_runtime_Text_nameStatic__C
  000012f4    000012f4    00000004   00000004    r-- .const:xdc_runtime_Text_nameUnknown__C
  000012f8    000012f8    00000002   00000002    r-- .const:xdc_runtime_Error_maxDepth__C
  000012fa    000012fa    00000002   00000002    r-- .const:xdc_runtime_Memory_Module__id__C
  000012fc    000012fc    00000002   00000002    r-- .const:xdc_runtime_Text_charCnt__C
  000012fe    000012fe    00000002   00000002    r-- .const:xdc_runtime_Text_isLoaded__C
  00001300    00001300    00000001   00000001    r-- .const:xdc_runtime_Error_policy__C
  00001304    00001304    00000004   00000004    r-- .const:ti_sysbios_rom_ROM_ti_sysbios_family_arm_cc26xx_Timer_getCount64__E
  00001308    00001308    00000004   00000004    r-- .const:ti_sysbios_rom_ROM_ti_sysbios_family_arm_cc26xx_Timer_getCurrentTick__E
  0000130c    0000130c    00000004   00000004    r-- .const:ti_sysbios_rom_ROM_ti_sysbios_family_arm_cc26xx_Timer_getMaxTicks__E
  00001310    00001310    00000004   00000004    r-- .const:ti_sysbios_rom_ROM_ti_sysbios_family_arm_cc26xx_Timer_initDevice__I
  00001314    00001314    00000004   00000004    r-- .const:ti_sysbios_rom_ROM_ti_sysbios_family_arm_cc26xx_Timer_setNextTick__E
  00001318    00001318    00000004   00000004    r-- .const:ti_sysbios_rom_ROM_ti_sysbios_family_arm_cc26xx_Timer_setThreshold__I
  0000131c    0000131c    00000004   00000004    r-- .const:ti_sysbios_rom_ROM_ti_sysbios_family_arm_cc26xx_Timer_start__E
  00001320    00001320    00000004   00000004    r-- .const:ti_sysbios_rom_ROM_ti_sysbios_family_arm_cc26xx_TimestampProvider_get32__E
  00001324    00001324    00000004   00000004    r-- .const:ti_sysbios_rom_ROM_xdc_runtime_Startup_getState__I
  00001328    00001328    00000004   00000004    r-- .const:ti_sysbios_rom_ROM_xdc_runtime_System_SupportProxy_abort__E
  0000132c    0000132c    00000004   00000004    r-- .const:ti_sysbios_rom_ROM_xdc_runtime_System_SupportProxy_exit__E
  00001330    00001330    0000a298   0000a298    r-x .text.2
  0000b5c8    0000b5c8    000004ec   000004ec    r-- .const
0000bab4    0000bab4    00000008   00000008    rw-
  0000bab4    0000bab4    00000008   00000008    rw- .args
0000bac0    0000bac0    00000594   00000594    r--
  0000bac0    0000bac0    00000594   00000594    r-- .cinit
0001ffa8    0001ffa8    00000058   00000058    r--
  0001ffa8    0001ffa8    00000058   00000058    r-- .ccfg
20000100    20000100    00002283   00000000    rw-
  20000100    20000100    00000044   00000000    rw- .data:ti_sysbios_knl_Task_Module__state__V
  20000144    20000144    00000034   00000000    rw- .data:ti_sysbios_family_arm_m3_Hwi_Module__state__V
  20000178    20000178    0000002c   00000000    rw- .data:ti_sysbios_knl_Clock_Module__state__V
  200001a4    200001a4    00000024   00000000    rw- .data:ti_sysbios_BIOS_Module__state__V
  200001c8    200001c8    0000001c   00000000    rw- .data:ti_sysbios_knl_Swi_Module__state__V
  200001e4    200001e4    00000008   00000000    rw- .data:ti_sysbios_family_arm_cc26xx_Timer_Module__state__V
  200001ec    200001ec    00000004   00000000    rw- .data:ti_sysbios_family_arm_cc26xx_TimestampProvider_Module__state__V
  200001f0    200001f0    00000008   00000000    rw- .data:xdc_runtime_Startup_Module__state__V
  200001f8    200001f8    00000008   00000000    rw- .data:xdc_runtime_System_Module__state__V
  20000200    20000200    00000004   00000000    rw- .data:xdc_runtime_Memory_Module__state__V
  20000204    20000204    00000002   00000000    rw- .data:xdc_runtime_Error_Module__state__V
  20000208    20000208    00000b0c   00000000    rw- .data
  20000d18    20000d18    0000166b   00000000    rw- .bss
20003ca4    20003ca4    00000400   00000000    rw-
  20003ca4    20003ca4    00000400   00000000    rw- .stack


SECTION ALLOCATION MAP

 output                                  attributes/
section   page    origin      length       input sections
--------  ----  ----------  ----------   ----------------
.resetVecs 
*          0    00000000    0000003c     
                  00000000    0000003c     app_ble_pem3.oem3 (.resetVecs)

.text.1    0    0000003c    00000fc4     
                  0000003c    0000056c     peripheral.obj (.text:GAPRole_SetParameter)
                  000005a8    00000558     RFCC26XX_singleMode.obj (.text:fsmActiveState)
                  00000b00    00000008     (.tramp.ti_sysbios_family_arm_m3_Hwi_disableFxn__E.1)
                  00000b08    00000008     (.tramp.ti_sysbios_family_arm_m3_Hwi_restoreFxn__E.1)
                  00000b10    00000008     (.tramp.ti_sysbios_knl_Clock_setTimeout__E.1)
                  00000b18    00000008     (.tramp.ti_sysbios_knl_Clock_start__E.1)
                  00000b20    00000340     sensortag_lp.obj (.text:SensorTag_init)
                  00000e60    000001a0     devinfoservice.obj (.text:devInfo_ReadAttrCB)

.const:ti_sysbios_heaps_HeapMem_Module__FXNS__C 
*          0    00001000    00000028     
                  00001000    00000028     app_ble_pem3.oem3 (.const:ti_sysbios_heaps_HeapMem_Module__FXNS__C)

.const:ti_sysbios_gates_GateHwi_Module__FXNS__C 
*          0    00001028    00000024     
                  00001028    00000024     app_ble_pem3.oem3 (.const:ti_sysbios_gates_GateHwi_Module__FXNS__C)

.const:ti_sysbios_gates_GateMutex_Module__FXNS__C 
*          0    0000104c    00000024     
                  0000104c    00000024     app_ble_pem3.oem3 (.const:ti_sysbios_gates_GateMutex_Module__FXNS__C)

.const:ti_sysbios_family_arm_m3_Hwi_Object__DESC__C 
*          0    00001070    00000020     
                  00001070    00000020     app_ble_pem3.oem3 (.const:ti_sysbios_family_arm_m3_Hwi_Object__DESC__C)

.const:ti_sysbios_gates_GateHwi_Object__DESC__C 
*          0    00001090    00000020     
                  00001090    00000020     app_ble_pem3.oem3 (.const:ti_sysbios_gates_GateHwi_Object__DESC__C)

.const:ti_sysbios_gates_GateMutex_Object__DESC__C 
*          0    000010b0    00000020     
                  000010b0    00000020     app_ble_pem3.oem3 (.const:ti_sysbios_gates_GateMutex_Object__DESC__C)

.const:ti_sysbios_hal_Hwi_Object__DESC__C 
*          0    000010d0    00000020     
                  000010d0    00000020     app_ble_pem3.oem3 (.const:ti_sysbios_hal_Hwi_Object__DESC__C)

.const:ti_sysbios_heaps_HeapMem_Object__DESC__C 
*          0    000010f0    00000020     
                  000010f0    00000020     app_ble_pem3.oem3 (.const:ti_sysbios_heaps_HeapMem_Object__DESC__C)

.const:ti_sysbios_knl_Clock_Object__DESC__C 
*          0    00001110    00000020     
                  00001110    00000020     app_ble_pem3.oem3 (.const:ti_sysbios_knl_Clock_Object__DESC__C)

.const:ti_sysbios_knl_Event_Object__DESC__C 
*          0    00001130    00000020     
                  00001130    00000020     app_ble_pem3.oem3 (.const:ti_sysbios_knl_Event_Object__DESC__C)

.const:ti_sysbios_knl_Mailbox_Object__DESC__C 
*          0    00001150    00000020     
                  00001150    00000020     app_ble_pem3.oem3 (.const:ti_sysbios_knl_Mailbox_Object__DESC__C)

.const:ti_sysbios_knl_Queue_Object__DESC__C 
*          0    00001170    00000020     
                  00001170    00000020     app_ble_pem3.oem3 (.const:ti_sysbios_knl_Queue_Object__DESC__C)

.const:ti_sysbios_knl_Semaphore_Object__DESC__C 
*          0    00001190    00000020     
                  00001190    00000020     app_ble_pem3.oem3 (.const:ti_sysbios_knl_Semaphore_Object__DESC__C)

.const:ti_sysbios_knl_Swi_Object__DESC__C 
*          0    000011b0    00000020     
                  000011b0    00000020     app_ble_pem3.oem3 (.const:ti_sysbios_knl_Swi_Object__DESC__C)

.const:ti_sysbios_knl_Task_Object__DESC__C 
*          0    000011d0    00000020     
                  000011d0    00000020     app_ble_pem3.oem3 (.const:ti_sysbios_knl_Task_Object__DESC__C)

.const:ti_sysbios_knl_Idle_funcList__C 
*          0    000011f0    00000008     
                  000011f0    00000008     app_ble_pem3.oem3 (.const:ti_sysbios_knl_Idle_funcList__C)

.const:ti_sysbios_family_arm_cc26xx_Timer_startupNeeded__C 
*          0    000011f8    00000004     
                  000011f8    00000004     app_ble_pem3.oem3 (.const:ti_sysbios_family_arm_cc26xx_Timer_startupNeeded__C)

.const:ti_sysbios_family_arm_m3_Hwi_E_alreadyDefined__C 
*          0    000011fc    00000004     
                  000011fc    00000004     app_ble_pem3.oem3 (.const:ti_sysbios_family_arm_m3_Hwi_E_alreadyDefined__C)

.const:ti_sysbios_family_arm_m3_Hwi_E_hwiLimitExceeded__C 
*          0    00001200    00000004     
                  00001200    00000004     app_ble_pem3.oem3 (.const:ti_sysbios_family_arm_m3_Hwi_E_hwiLimitExceeded__C)

.const:ti_sysbios_family_arm_m3_Hwi_NUM_INTERRUPTS__C 
*          0    00001204    00000004     
                  00001204    00000004     app_ble_pem3.oem3 (.const:ti_sysbios_family_arm_m3_Hwi_NUM_INTERRUPTS__C)

.const:ti_sysbios_family_arm_m3_Hwi_Object__count__C 
*          0    00001208    00000004     
                  00001208    00000004     app_ble_pem3.oem3 (.const:ti_sysbios_family_arm_m3_Hwi_Object__count__C)

.const:ti_sysbios_family_arm_m3_Hwi_Object__table__C 
*          0    0000120c    00000004     
                  0000120c    00000004     app_ble_pem3.oem3 (.const:ti_sysbios_family_arm_m3_Hwi_Object__table__C)

.const:ti_sysbios_family_arm_m3_Hwi_ccr__C 
*          0    00001210    00000004     
                  00001210    00000004     app_ble_pem3.oem3 (.const:ti_sysbios_family_arm_m3_Hwi_ccr__C)

.const:ti_sysbios_family_arm_m3_Hwi_excHandlerFunc__C 
*          0    00001214    00000004     
                  00001214    00000004     app_ble_pem3.oem3 (.const:ti_sysbios_family_arm_m3_Hwi_excHandlerFunc__C)

.const:ti_sysbios_family_arm_m3_Hwi_nullIsrFunc__C 
*          0    00001218    00000004     
                  00001218    00000004     app_ble_pem3.oem3 (.const:ti_sysbios_family_arm_m3_Hwi_nullIsrFunc__C)

.const:ti_sysbios_family_arm_m3_Hwi_numSparseInterrupts__C 
*          0    0000121c    00000004     
                  0000121c    00000004     app_ble_pem3.oem3 (.const:ti_sysbios_family_arm_m3_Hwi_numSparseInterrupts__C)

.const:ti_sysbios_family_arm_m3_Hwi_priGroup__C 
*          0    00001220    00000004     
                  00001220    00000004     app_ble_pem3.oem3 (.const:ti_sysbios_family_arm_m3_Hwi_priGroup__C)

.const:ti_sysbios_family_arm_m3_TaskSupport_stackAlignment__C 
*          0    00001224    00000004     
                  00001224    00000004     app_ble_pem3.oem3 (.const:ti_sysbios_family_arm_m3_TaskSupport_stackAlignment__C)

.const:ti_sysbios_heaps_HeapMem_E_memory__C 
*          0    00001228    00000004     
                  00001228    00000004     app_ble_pem3.oem3 (.const:ti_sysbios_heaps_HeapMem_E_memory__C)

.const:ti_sysbios_heaps_HeapMem_Module__gateObj__C 
*          0    0000122c    00000004     
                  0000122c    00000004     app_ble_pem3.oem3 (.const:ti_sysbios_heaps_HeapMem_Module__gateObj__C)

.const:ti_sysbios_heaps_HeapMem_Object__count__C 
*          0    00001230    00000004     
                  00001230    00000004     app_ble_pem3.oem3 (.const:ti_sysbios_heaps_HeapMem_Object__count__C)

.const:ti_sysbios_heaps_HeapMem_Object__table__C 
*          0    00001234    00000004     
                  00001234    00000004     app_ble_pem3.oem3 (.const:ti_sysbios_heaps_HeapMem_Object__table__C)

.const:ti_sysbios_heaps_HeapMem_reqAlign__C 
*          0    00001238    00000004     
                  00001238    00000004     app_ble_pem3.oem3 (.const:ti_sysbios_heaps_HeapMem_reqAlign__C)

.const:ti_sysbios_knl_Clock_triggerClock__C 
*          0    0000123c    00000004     
                  0000123c    00000004     app_ble_pem3.oem3 (.const:ti_sysbios_knl_Clock_triggerClock__C)

.const:ti_sysbios_knl_Mailbox_Object__count__C 
*          0    00001240    00000004     
                  00001240    00000004     app_ble_pem3.oem3 (.const:ti_sysbios_knl_Mailbox_Object__count__C)

.const:ti_sysbios_knl_Mailbox_Object__table__C 
*          0    00001244    00000004     
                  00001244    00000004     app_ble_pem3.oem3 (.const:ti_sysbios_knl_Mailbox_Object__table__C)

.const:ti_sysbios_knl_Mailbox_maxTypeAlign__C 
*          0    00001248    00000004     
                  00001248    00000004     app_ble_pem3.oem3 (.const:ti_sysbios_knl_Mailbox_maxTypeAlign__C)

.const:ti_sysbios_knl_Queue_Object__count__C 
*          0    0000124c    00000004     
                  0000124c    00000004     app_ble_pem3.oem3 (.const:ti_sysbios_knl_Queue_Object__count__C)

.const:ti_sysbios_knl_Queue_Object__table__C 
*          0    00001250    00000004     
                  00001250    00000004     app_ble_pem3.oem3 (.const:ti_sysbios_knl_Queue_Object__table__C)

.const:ti_sysbios_knl_Semaphore_eventPost__C 
*          0    00001254    00000004     
                  00001254    00000004     app_ble_pem3.oem3 (.const:ti_sysbios_knl_Semaphore_eventPost__C)

.const:ti_sysbios_knl_Semaphore_eventSync__C 
*          0    00001258    00000004     
                  00001258    00000004     app_ble_pem3.oem3 (.const:ti_sysbios_knl_Semaphore_eventSync__C)

.const:ti_sysbios_knl_Swi_Object__count__C 
*          0    0000125c    00000004     
                  0000125c    00000004     app_ble_pem3.oem3 (.const:ti_sysbios_knl_Swi_Object__count__C)

.const:ti_sysbios_knl_Swi_Object__table__C 
*          0    00001260    00000004     
                  00001260    00000004     app_ble_pem3.oem3 (.const:ti_sysbios_knl_Swi_Object__table__C)

.const:ti_sysbios_knl_Swi_numPriorities__C 
*          0    00001264    00000004     
                  00001264    00000004     app_ble_pem3.oem3 (.const:ti_sysbios_knl_Swi_numPriorities__C)

.const:ti_sysbios_knl_Task_Object__count__C 
*          0    00001268    00000004     
                  00001268    00000004     app_ble_pem3.oem3 (.const:ti_sysbios_knl_Task_Object__count__C)

.const:ti_sysbios_knl_Task_Object__table__C 
*          0    0000126c    00000004     
                  0000126c    00000004     app_ble_pem3.oem3 (.const:ti_sysbios_knl_Task_Object__table__C)

.const:ti_sysbios_knl_Task_allBlockedFunc__C 
*          0    00001270    00000004     
                  00001270    00000004     app_ble_pem3.oem3 (.const:ti_sysbios_knl_Task_allBlockedFunc__C)

.const:ti_sysbios_knl_Task_defaultStackHeap__C 
*          0    00001274    00000004     
                  00001274    00000004     app_ble_pem3.oem3 (.const:ti_sysbios_knl_Task_defaultStackHeap__C)

.const:ti_sysbios_knl_Task_defaultStackSize__C 
*          0    00001278    00000004     
                  00001278    00000004     app_ble_pem3.oem3 (.const:ti_sysbios_knl_Task_defaultStackSize__C)

.const:ti_sysbios_knl_Task_numConstructedTasks__C 
*          0    0000127c    00000004     
                  0000127c    00000004     app_ble_pem3.oem3 (.const:ti_sysbios_knl_Task_numConstructedTasks__C)

.const:ti_sysbios_family_arm_cc26xx_Timer_Module__id__C 
*          0    00001280    00000002     
                  00001280    00000002     app_ble_pem3.oem3 (.const:ti_sysbios_family_arm_cc26xx_Timer_Module__id__C)

.const:ti_sysbios_family_arm_cc26xx_TimestampProvider_useClockTimer__C 
*          0    00001282    00000002     
                  00001282    00000002     app_ble_pem3.oem3 (.const:ti_sysbios_family_arm_cc26xx_TimestampProvider_useClockTimer__C)

.const:ti_sysbios_family_arm_m3_Hwi_Module__id__C 
*          0    00001284    00000002     
                  00001284    00000002     app_ble_pem3.oem3 (.const:ti_sysbios_family_arm_m3_Hwi_Module__id__C)

.const:ti_sysbios_gates_GateHwi_Module__id__C 
*          0    00001286    00000002     
                  00001286    00000002     app_ble_pem3.oem3 (.const:ti_sysbios_gates_GateHwi_Module__id__C)

.const:ti_sysbios_gates_GateMutex_Module__id__C 
*          0    00001288    00000002     
                  00001288    00000002     app_ble_pem3.oem3 (.const:ti_sysbios_gates_GateMutex_Module__id__C)

.const:ti_sysbios_heaps_HeapMem_Module__id__C 
*          0    0000128a    00000002     
                  0000128a    00000002     app_ble_pem3.oem3 (.const:ti_sysbios_heaps_HeapMem_Module__id__C)

.const:ti_sysbios_knl_Task_initStackFlag__C 
*          0    0000128c    00000002     
                  0000128c    00000002     app_ble_pem3.oem3 (.const:ti_sysbios_knl_Task_initStackFlag__C)

.const:ti_sysbios_knl_Clock_tickMode__C 
*          0    0000128e    00000001     
                  0000128e    00000001     app_ble_pem3.oem3 (.const:ti_sysbios_knl_Clock_tickMode__C)

.const:xdc_runtime_Startup_firstFxns__C 
*          0    00001290    00000008     
                  00001290    00000008     app_ble_pem3.oem3 (.const:xdc_runtime_Startup_firstFxns__C)

.const:xdc_runtime_Startup_lastFxns__C 
*          0    00001298    00000008     
                  00001298    00000008     app_ble_pem3.oem3 (.const:xdc_runtime_Startup_lastFxns__C)

.const:xdc_runtime_Assert_E_assertFailed__C 
*          0    000012a0    00000004     
                  000012a0    00000004     app_ble_pem3.oem3 (.const:xdc_runtime_Assert_E_assertFailed__C)

.const:xdc_runtime_Error_E_memory__C 
*          0    000012a4    00000004     
                  000012a4    00000004     app_ble_pem3.oem3 (.const:xdc_runtime_Error_E_memory__C)

.const:xdc_runtime_Error_policyFxn__C 
*          0    000012a8    00000004     
                  000012a8    00000004     app_ble_pem3.oem3 (.const:xdc_runtime_Error_policyFxn__C)

.const:xdc_runtime_Error_raiseHook__C 
*          0    000012ac    00000004     
                  000012ac    00000004     app_ble_pem3.oem3 (.const:xdc_runtime_Error_raiseHook__C)

.const:xdc_runtime_IGateProvider_Interface__BASE__C 
*          0    000012b0    00000004     
                  000012b0    00000004     app_ble_pem3.oem3 (.const:xdc_runtime_IGateProvider_Interface__BASE__C)

.const:xdc_runtime_IHeap_Interface__BASE__C 
*          0    000012b4    00000004     
                  000012b4    00000004     app_ble_pem3.oem3 (.const:xdc_runtime_IHeap_Interface__BASE__C)

.const:xdc_runtime_IModule_Interface__BASE__C 
*          0    000012b8    00000004     
                  000012b8    00000004     app_ble_pem3.oem3 (.const:xdc_runtime_IModule_Interface__BASE__C)

.const:xdc_runtime_Memory_defaultHeapInstance__C 
*          0    000012bc    00000004     
                  000012bc    00000004     app_ble_pem3.oem3 (.const:xdc_runtime_Memory_defaultHeapInstance__C)

.const:xdc_runtime_Startup_execImpl__C 
*          0    000012c0    00000004     
                  000012c0    00000004     app_ble_pem3.oem3 (.const:xdc_runtime_Startup_execImpl__C)

.const:xdc_runtime_Startup_maxPasses__C 
*          0    000012c4    00000004     
                  000012c4    00000004     app_ble_pem3.oem3 (.const:xdc_runtime_Startup_maxPasses__C)

.const:xdc_runtime_Startup_sfxnRts__C 
*          0    000012c8    00000004     
                  000012c8    00000004     app_ble_pem3.oem3 (.const:xdc_runtime_Startup_sfxnRts__C)

.const:xdc_runtime_Startup_sfxnTab__C 
*          0    000012cc    00000004     
                  000012cc    00000004     app_ble_pem3.oem3 (.const:xdc_runtime_Startup_sfxnTab__C)

.const:xdc_runtime_Startup_startModsFxn__C 
*          0    000012d0    00000004     
                  000012d0    00000004     app_ble_pem3.oem3 (.const:xdc_runtime_Startup_startModsFxn__C)

.const:xdc_runtime_SysCallback_abortFxn__C 
*          0    000012d4    00000004     
                  000012d4    00000004     app_ble_pem3.oem3 (.const:xdc_runtime_SysCallback_abortFxn__C)

.const:xdc_runtime_SysCallback_exitFxn__C 
*          0    000012d8    00000004     
                  000012d8    00000004     app_ble_pem3.oem3 (.const:xdc_runtime_SysCallback_exitFxn__C)

.const:xdc_runtime_System_abortFxn__C 
*          0    000012dc    00000004     
                  000012dc    00000004     app_ble_pem3.oem3 (.const:xdc_runtime_System_abortFxn__C)

.const:xdc_runtime_System_exitFxn__C 
*          0    000012e0    00000004     
                  000012e0    00000004     app_ble_pem3.oem3 (.const:xdc_runtime_System_exitFxn__C)

.const:xdc_runtime_System_maxAtexitHandlers__C 
*          0    000012e4    00000004     
                  000012e4    00000004     app_ble_pem3.oem3 (.const:xdc_runtime_System_maxAtexitHandlers__C)

.const:xdc_runtime_Text_charTab__C 
*          0    000012e8    00000004     
                  000012e8    00000004     app_ble_pem3.oem3 (.const:xdc_runtime_Text_charTab__C)

.const:xdc_runtime_Text_nameEmpty__C 
*          0    000012ec    00000004     
                  000012ec    00000004     app_ble_pem3.oem3 (.const:xdc_runtime_Text_nameEmpty__C)

.const:xdc_runtime_Text_nameStatic__C 
*          0    000012f0    00000004     
                  000012f0    00000004     app_ble_pem3.oem3 (.const:xdc_runtime_Text_nameStatic__C)

.const:xdc_runtime_Text_nameUnknown__C 
*          0    000012f4    00000004     
                  000012f4    00000004     app_ble_pem3.oem3 (.const:xdc_runtime_Text_nameUnknown__C)

.const:xdc_runtime_Error_maxDepth__C 
*          0    000012f8    00000002     
                  000012f8    00000002     app_ble_pem3.oem3 (.const:xdc_runtime_Error_maxDepth__C)

.const:xdc_runtime_Memory_Module__id__C 
*          0    000012fa    00000002     
                  000012fa    00000002     app_ble_pem3.oem3 (.const:xdc_runtime_Memory_Module__id__C)

.const:xdc_runtime_Text_charCnt__C 
*          0    000012fc    00000002     
                  000012fc    00000002     app_ble_pem3.oem3 (.const:xdc_runtime_Text_charCnt__C)

.const:xdc_runtime_Text_isLoaded__C 
*          0    000012fe    00000002     
                  000012fe    00000002     app_ble_pem3.oem3 (.const:xdc_runtime_Text_isLoaded__C)

.const:xdc_runtime_Error_policy__C 
*          0    00001300    00000001     
                  00001300    00000001     app_ble_pem3.oem3 (.const:xdc_runtime_Error_policy__C)

.const:ti_sysbios_rom_ROM_ti_sysbios_family_arm_cc26xx_Timer_getCount64__E 
*          0    00001304    00000004     
                  00001304    00000004     app_ble_pem3.oem3 (.const:ti_sysbios_rom_ROM_ti_sysbios_family_arm_cc26xx_Timer_getCount64__E)

.const:ti_sysbios_rom_ROM_ti_sysbios_family_arm_cc26xx_Timer_getCurrentTick__E 
*          0    00001308    00000004     
                  00001308    00000004     app_ble_pem3.oem3 (.const:ti_sysbios_rom_ROM_ti_sysbios_family_arm_cc26xx_Timer_getCurrentTick__E)

.const:ti_sysbios_rom_ROM_ti_sysbios_family_arm_cc26xx_Timer_getMaxTicks__E 
*          0    0000130c    00000004     
                  0000130c    00000004     app_ble_pem3.oem3 (.const:ti_sysbios_rom_ROM_ti_sysbios_family_arm_cc26xx_Timer_getMaxTicks__E)

.const:ti_sysbios_rom_ROM_ti_sysbios_family_arm_cc26xx_Timer_initDevice__I 
*          0    00001310    00000004     
                  00001310    00000004     app_ble_pem3.oem3 (.const:ti_sysbios_rom_ROM_ti_sysbios_family_arm_cc26xx_Timer_initDevice__I)

.const:ti_sysbios_rom_ROM_ti_sysbios_family_arm_cc26xx_Timer_setNextTick__E 
*          0    00001314    00000004     
                  00001314    00000004     app_ble_pem3.oem3 (.const:ti_sysbios_rom_ROM_ti_sysbios_family_arm_cc26xx_Timer_setNextTick__E)

.const:ti_sysbios_rom_ROM_ti_sysbios_family_arm_cc26xx_Timer_setThreshold__I 
*          0    00001318    00000004     
                  00001318    00000004     app_ble_pem3.oem3 (.const:ti_sysbios_rom_ROM_ti_sysbios_family_arm_cc26xx_Timer_setThreshold__I)

.const:ti_sysbios_rom_ROM_ti_sysbios_family_arm_cc26xx_Timer_start__E 
*          0    0000131c    00000004     
                  0000131c    00000004     app_ble_pem3.oem3 (.const:ti_sysbios_rom_ROM_ti_sysbios_family_arm_cc26xx_Timer_start__E)

.const:ti_sysbios_rom_ROM_ti_sysbios_family_arm_cc26xx_TimestampProvider_get32__E 
*          0    00001320    00000004     
                  00001320    00000004     app_ble_pem3.oem3 (.const:ti_sysbios_rom_ROM_ti_sysbios_family_arm_cc26xx_TimestampProvider_get32__E)

.const:ti_sysbios_rom_ROM_xdc_runtime_Startup_getState__I 
*          0    00001324    00000004     
                  00001324    00000004     app_ble_pem3.oem3 (.const:ti_sysbios_rom_ROM_xdc_runtime_Startup_getState__I)

.const:ti_sysbios_rom_ROM_xdc_runtime_System_SupportProxy_abort__E 
*          0    00001328    00000004     
                  00001328    00000004     app_ble_pem3.oem3 (.const:ti_sysbios_rom_ROM_xdc_runtime_System_SupportProxy_abort__E)

.const:ti_sysbios_rom_ROM_xdc_runtime_System_SupportProxy_exit__E 
*          0    0000132c    00000004     
                  0000132c    00000004     app_ble_pem3.oem3 (.const:ti_sysbios_rom_ROM_xdc_runtime_System_SupportProxy_exit__E)

.text.2    0    00001330    0000a298     
                  00001330    0000052c     peripheral.obj (.text:gapRole_processGAPMsg)
                  0000185c    00000314     drivers_cc26x0r2.aem3 : PowerCC26XX_calibrateRCOSC.oem3 (.text:PowerCC26XX_auxISR)
                  00001b70    0000028c     RFCC26XX_singleMode.obj (.text:RF_postCmd)
                  00001dfc    00000270     peripheral.obj (.text:GAPRole_GetParameter)
                  0000206c    00000260     RFCC26XX_singleMode.obj (.text:abortCmd)
                  000022cc    0000024c     drivers_cc26x0r2.aem3 : CryptoCC26XX.oem3 (.text:cryptoTransactionExecute)
                  00002518    00000218                           : PowerCC26XX.oem3 (.text:Power_sleep)
                  00002730    0000020c     driverlib.lib : sys_ctrl.obj (.text:NOROM_SysCtrlSetRechargeBeforePowerDown)
                  0000293c    000001f4     devinfoservice.obj (.text:DevInfo_SetParameter)
                  00002b30    000001f4     rtsv7M3_T_le_eabi.lib : ull_div_t2.obj (.text)
                  00002d24    000001f0     ECCROMCC26XX.obj (.text:ECCROMCC26XX_genDHKey)
                  00002f14    000001d8     RFCC26XX_singleMode.obj (.text:fsmSetupState)
                  000030ec    000001b4     drivers_cc26x0r2.aem3 : PINCC26XX.oem3 (.text:PIN_init)
                  000032a0    000001b4     sensortag_lp.obj (.text:SensorTag_processStateChangeEvt)
                  00003454    00000198     drivers_cc26x0r2.aem3 : PowerCC26XX_calibrateRCOSC.oem3 (.text:PowerCC26XX_doCalibrate)
                  000035ec    0000018c     ECCROMCC26XX.obj (.text:ECCROMCC26XX_genKeys)
                  00003778    00000188     registerservice.obj (.text:sensor_WriteAttrCB)
                  00003900    00000168     sensortag_lp.obj (.text:SensorTag_taskFxn)
                  00003a68    00000164     peripheral.obj (.text:gapRole_taskFxn)
                  00003bcc    00000164     RFCC26XX_singleMode.obj (.text:hwiFxnCpe0Active)
                  00003d30    0000015c     drivers_cc26x0r2.aem3 : I2CCC26XX.oem3 (.text:I2CCC26XX_open)
                  00003e8c    0000014c     icall.obj (.text:ICall_heapMalloc)
                  00003fd8    00000148     accelerometer.obj (.text:Accel_SetParameter)
                  00004120    00000140     icall.obj (.text:ICall_waitMatch)
                  00004260    0000013c     RFCC26XX_singleMode.obj (.text:rf_init)
                  0000439c    00000134     drivers_cc26x0r2.aem3 : PowerCC26XX.oem3 (.text:Power_init)
                  000044d0    00000124     ioservice.obj (.text:io_WriteAttrCB)
                  000045f4    00000114     proxreporter.obj (.text:ProxReporter_WriteAttrCB)
                  00004708    00000110     peripheral.obj (.text:gapRole_init)
                  00004818    00000100     drivers_cc26x0r2.aem3 : I2CCC26XX.oem3 (.text:I2CCC26XX_hwiFxn)
                  00004918    00000100     RFCC26XX_singleMode.obj (.text:RF_open)
                  00004a18    00000100     accelerometer.obj (.text:accel_WriteAttrCB)
                  00004b18    000000fc     sensortag_lp.obj (.text:SensorTag_performAlert)
                  00004c14    000000f8     drivers_cc26x0r2.aem3 : CryptoCC26XX.oem3 (.text:CryptoCC26XX_open)
                  00004d0c    000000f8     sensortag_keys.obj (.text:SensorTagKeys_processEvent)
                  00004e04    000000f4     RFCC26XX_singleMode.obj (.text:fsmPowerUpState)
                  00004ef8    000000e0     sensortag_io.obj (.text:SensorTagIO_processCharChangeEvt)
                  00004fd8    000000e0     sensortag_register.obj (.text:readRegister)
                  000050b8    000000dc     gattservapp_util.obj (.text:GATTServApp_ProcessCharCfg)
                  00005194    000000dc     drivers_cc26x0r2.aem3 : PINCC26XX.oem3 (.text:PINCC26XX_setIoCfg)
                  00005270    000000d4     accelerometer.obj (.text:Accel_AddService)
                  00005344    000000d4     icall.obj (.text:ICall_enrollService)
                  00005418    000000d4     dpl_cc26x0r2.aem3 : PowerCC26XX_tirtos.oem3 (.text:PowerCC26XX_standbyPolicy)
                  000054ec    000000d0     RFCC26XX_singleMode.obj (.text:swiFxnHw)
                  000055bc    000000cc     drivers_cc26x0r2.aem3 : PowerCC26XX.oem3 (.text:Power_releaseDependency)
                  00005688    000000c8     ccservice.obj (.text:CcService_setParameter)
                  00005750    000000c8     sensortag_lp.obj (.text:SensorTag_accelRead)
                  00005818    000000c4     drivers_cc26x0r2.aem3 : PowerCC26XX.oem3 (.text:Power_setDependency)
                  000058dc    000000c4     proxreporter.obj (.text:ProxReporter_SetParameter)
                  000059a0    000000c2     gattservapp_util.obj (.text:gattServApp_SendNotiInd)
                  00005a62    000000c0     drivers_cc26x0r2.aem3 : I2CCC26XX.oem3 (.text:I2CCC26XX_transfer)
                  00005b22    00000002     driverlib.lib : rfc.obj (.text:NOROM_RFCAdi3VcoLdoVoltageMode)
                  00005b24    000000c0     icall.obj (.text:ICall_heapInit)
                  00005be4    000000c0     icall.obj (.text:ICall_setTimer)
                  00005ca4    000000c0     peripheral.obj (.text:gapRole_startConnUpdate)
                  00005d64    000000be     accelerometer.obj (.text:accel_ReadAttrCB)
                  00005e22    00000002     driverlib.lib : rfc.obj (.text:NOROM_RFCRTrim)
                  00005e24    000000bc     proxreporter.obj (.text:ProxReporter_AddService)
                  00005ee0    000000bc     sensortag_keys.obj (.text:SensorTagKeys_clockHandler)
                  00005f9c    000000b0     icall.obj (.text:ICall_registerApp)
                  0000604c    000000b0     sensortag_register.obj (.text:SensorTagRegister_processCharChangeEvt)
                  000060fc    000000b0     battservice.obj (.text:battWriteAttrCB)
                  000061ac    000000b0     registerservice.obj (.text:sensor_ReadAttrCB)
                  0000625c    000000ac     driverlib.lib : setup.obj (.text:NOROM_SetupTrimDevice)
                  00006308    000000ac     TRNGCC26XX.obj (.text:TRNGCC26XX_getNumber)
                  000063b4    000000a8     icall.obj (.text:ICall_send)
                  0000645c    000000a8     sensortag_buzzer.obj (.text:SensorTagBuzzer_setFrequency)
                  00006504    000000a8     battservice.obj (.text:battReadAttrCB)
                  000065ac    000000a4     icall.obj (.text:ICall_newTask)
                  00006650    000000a0     SensorI2C.obj (.text:SensorI2C_select)
                  000066f0    000000a0     auto_init.aem3 : auto_init.oem3 (.text)
                  00006790    000000a0     RFCC26XX_singleMode.obj (.text:decActiveClientCnt)
                  00006830    000000a0     icall.obj (.text:icall_directAPI)
                  000068d0    0000009c     icall.obj (.text:ICall_createRemoteTasks)
                  0000696c    0000009c     ioservice.obj (.text:Io_setParameter)
                  00006a08    0000009c     registerservice.obj (.text:Register_setParameter)
                  00006aa4    0000009c     rtsv7M3_T_le_eabi.lib : memcpy_t2.obj (.text)
                  00006b40    00000098     icall_cc2650.obj (.text:ICallPlatform_pwrUpdActivityCounter)
                  00006bd8    00000098     drivers_cc26x0r2.aem3 : PINCC26XX.oem3 (.text:PIN_open)
                  00006c70    00000098     RFCC26XX_singleMode.obj (.text:RF_getCurrentTime)
                  00006d08    00000098     RFCC26XX_singleMode.obj (.text:RF_pendCmd)
                  00006da0    00000098     rom_sysbios.aem3 : rom_sysbios.obj (.text:ti_sysbios_knl_Clock_workFuncDynamic__E)
                  00006e38    00000096     gattservapp_util.obj (.text:GATTServApp_ProcessCCCWriteReq)
                  00006ece    00000090     main.obj (.text:AssertHandler)
                  00006f5e    00000002     drivers_cc26x0r2.aem3 : PowerCC26XX.oem3 (.text:emptyClockFunc)
                  00006f60    00000090                           : I2CCC26XX.oem3 (.text:I2CCC26XX_cancel)
                  00006ff0    00000090     RFCC26XX_singleMode.obj (.text:RF_getInfo)
                  00007080    0000008e     proxreporter.obj (.text:ProxReporter_ReadAttrCB)
                  0000710e    00000002     app_ble_pem3.oem3 (.text:ti_sysbios_BIOS_nullFunc__I)
                  00007110    0000008c     drivers_cc26x0r2.aem3 : I2CCC26XX.oem3 (.text:I2CCC26XX_primeTransfer)
                  0000719c    0000008c     icall.obj (.text:ICall_getEntityId)
                  00007228    0000008c     driverlib.lib : setup.obj (.text:TrimAfterColdResetWakeupFromShutDown)
                  000072b4    0000008c     drivers_cc26x0r2.aem3 : PowerCC26XX.oem3 (.text:disableLFClockQualifiers)
                  00007340    0000008a     simplekeys.obj (.text:SK_readAttrCB)
                  000073ca    00000002     app_ble_pem3.oem3 (.text:ti_sysbios_rom_cortexm_cc26xx_r2_CC26xx_badRomRevision__E)
                  000073cc    00000088     accelerometer.obj (.text:Accel_GetParameter)
                  00007454    00000088     sensortag_conn_ctrl.obj (.text:SensorTagConnControl_processCharChangeEvt)
                  000074dc    00000088     sensortag_register.obj (.text:SensorTagRegister_reset)
                  00007564    00000084     drivers_cc26x0r2.aem3 : CryptoCC26XX.oem3 (.text:CryptoCC26XX_allocateKey)
                  000075e8    00000084     icall.obj (.text:ICall_wait)
                  0000766c    00000084     RFCC26XX_singleMode.obj (.text:fsmPowerDownState)
                  000076f0    00000084     drivers_cc26x0r2.aem3 : PowerCC26XX.oem3 (.text:switchXOSCHFclockFunc)
                  00007774    00000082     simplekeys.obj (.text:SK_writeAttrCB)
                  000077f6    0000007e     sensortag_conn_ctrl.obj (.text:SensorTagConnectionControl_update)
                  00007874    0000007c     RFCC26XX_singleMode.obj (.text:applyRfCorePatch)
                  000078f0    0000007c     RFCC26XX_singleMode.obj (.text:fsmXOSCState)
                  0000796c    0000007a     rtsv7M3_T_le_eabi.lib : memset_t2.obj (.text)
                  000079e6    00000002     rom_sysbios.aem3 : rom_sysbios.obj (.text:xdc_runtime_SysCallback_defaultAbort)
                  000079e8    00000078     ECCROMCC26XX.obj (.text:ECCROMCC26XX_Params_init)
                  00007a60    00000078     simplekeys.obj (.text:SK_SetParameter)
                  00007ad8    00000078     battservice.obj (.text:battNotify)
                  00007b50    00000074     gattservapp_util.obj (.text:GATTServApp_InitCharCfg)
                  00007bc4    00000074     sensortag_lp.obj (.text:SensorTag_sendAttRsp)
                  00007c38    00000074     ccservice.obj (.text:ccService_ReadAttrCB)
                  00007cac    00000074     peripheral.obj (.text:gapRole_processStackMsg)
                  00007d20    00000074     RFCC26XX_singleMode.obj (.text:hwiFxnHw)
                  00007d94    00000074     sensortag_keys.obj (.text:processProxAlert)
                  00007e08    00000074     rom_sysbios.aem3 : rom_sysbios.obj (.text:ti_sysbios_family_arm_cc26xx_Timer_start__E)
                  00007e7c    00000072     ioservice.obj (.text:io_ReadAttrCB)
                  00007eee    00000002     rom_sysbios.aem3 : rom_sysbios.obj (.text:xdc_runtime_SysCallback_defaultExit)
                  00007ef0    00000070     sensortag_io.obj (.text:SensorTagIO_blinkLed)
                  00007f60    00000070     st_util.obj (.text:utilExtractUuid16)
                  00007fd0    0000006c     icall.obj (.text:ICall_init)
                  0000803c    0000006c     driverlib.lib : osc.obj (.text:NOROM_OSCHF_AttemptToSwitchToXosc)
                  000080a8    0000006c     drivers_cc26x0r2.aem3 : PowerCC26XX.oem3 (.text:PowerCC26XX_calibrate)
                  00008114    0000006c     RFCC26XX_singleMode.obj (.text:syncCb)
                  00008180    0000006c     sensortag_register.obj (.text:writeRegister)
                  000081ec    00000068     ccservice.obj (.text:CcService_getParameter)
                  00008254    00000068     driverlib.lib : sys_ctrl.obj (.text:NOROM_SysCtrl_DCDC_VoltageConditionalControl)
                  000082bc    00000068     drivers_cc26x0r2.aem3 : PowerCC26XX_calibrateRCOSC.oem3 (.text:PowerCC26XX_initiateCalibration)
                  00008324    00000068     simplekeys.obj (.text:SK_AddService)
                  0000838c    00000068     rtsv7M3_T_le_eabi.lib : copy_decompress_lzss.obj (.text:decompress:lzss)
                  000083f4    00000068     RFCC26XX_singleMode.obj (.text:getCmd)
                  0000845c    00000068     main.obj (.text:main)
                  000084c4    00000068     RFCC26XX_singleMode.obj (.text:ratChanFree)
                  0000852c    00000064     drivers_cc26x0r2.aem3 : I2CCC26XX.oem3 (.text:I2CCC26XX_close)
                  00008590    00000064     icall.obj (.text:ICall_searchTask)
                  000085f4    00000064     driverlib.lib : sys_ctrl.obj (.text:NOROM_SysCtrlAdjustRechargeAfterPowerDown)
                  00008658    00000064     SensorI2C.obj (.text:SensorI2C_writeReg)
                  000086bc    00000064     sensortag_lp.obj (.text:SensorTag_processGATTMsg)
                  00008720    00000062     RFCC26XX_singleMode.obj (.text:Q_push)
                  00008782    00000002     --HOLE-- [fill = 0]
                  00008784    00000060     ECCROMCC26XX.obj (.text:ECC_initGlobals)
                  000087e4    00000060     peripheral.obj (.text:GAPRole_SendUpdateParam)
                  00008844    00000060     icall.obj (.text:ICall_searchServiceEntity)
                  000088a4    00000060     proxreporter.obj (.text:ProxReporter_GetParameter)
                  00008904    00000060     registerservice.obj (.text:Register_getParameter)
                  00008964    00000060     sensortag_lp.obj (.text:SensorTag_processProximityAttrEvt)
                  000089c4    00000060     util.obj (.text:Util_constructClock)
                  00008a24    0000005e     RFCC26XX_singleMode.obj (.text:updateImplicitState)
                  00008a82    00000002     --HOLE-- [fill = 0]
                  00008a84    0000005c     icall.obj (.text:ICall_msecs2Ticks)
                  00008ae0    0000005c     icall.obj (.text:ICall_primEntityId2ServiceId)
                  00008b3c    0000005c     drivers_cc26x0r2.aem3 : PowerCC26XX_calibrateRCOSC.oem3 (.text:PowerCC26XX_RCOSC_clockFunc)
                  00008b98    0000005c     RFCC26XX_singleMode.obj (.text:RF_runCmd)
                  00008bf4    0000005c     sensortag_lp.obj (.text:SensorTag_processToggleBuzzerEvt)
                  00008c50    0000005c     drivers_cc26x0r2.aem3 : PowerCC26XX.oem3 (.text:configureXOSCHF)
                  00008cac    0000005c     sensortag_keys.obj (.text:processGapStateChange)
                  00008d08    0000005c     app_ble_pem3.oem3 (.text:xdc_runtime_Startup_getState__I)
                  00008d64    0000005a     sensortag_lp.obj (.text:SensorTag_processCharValueChangeEvt)
                  00008dbe    00000058     drivers_cc26x0r2.aem3 : I2CCC26XX.oem3 (.text:I2CCC26XX_swiFxn)
                  00008e16    00000058     icall.obj (.text:ICall_fetchMsg)
                  00008e6e    00000002     --HOLE-- [fill = 0]
                  00008e70    00000058     drivers_cc26x0r2.aem3 : PINCC26XX.oem3 (.text:PIN_remove)
                  00008ec8    00000058     sensortag_lp.obj (.text:SensorTag_setDeviceInfo)
                  00008f20    00000054     battservice.obj (.text:Batt_AddService)
                  00008f74    00000054     RFCC26XX_singleMode.obj (.text:RF_getRssi)
                  00008fc8    00000054     SensorI2C.obj (.text:SensorI2C_writeRead)
                  0000901c    00000054     TRNGCC26XX.obj (.text:TRNGCC26XX_isParamValid)
                  00009070    00000054     rtsv7M3_T_le_eabi.lib : exit.obj (.text)
                  000090c4    00000052     bma250.obj (.text:Acc_readAcc)
                  00009116    00000052     icall.obj (.text:ICall_msgEnqueue)
                  00009168    00000050     battservice.obj (.text:Batt_SetParameter)
                  000091b8    00000050     icall.obj (.text:ICall_getMaxMSecs)
                  00009208    00000050     ioservice.obj (.text:Io_addService)
                  00009258    00000050     sensortag_io.obj (.text:SensorTagIO_reset)
                  000092a8    00000050     RFCC26XX_singleMode.obj (.text:allocCmd)
                  000092f8    00000050     battservice.obj (.text:battNotifyLevel)
                  00009348    00000050     gattservapp_util.obj (.text:gattServApp_FindCharCfgItem)
                  00009398    0000004e     gattservapp_util.obj (.text:GATTServApp_FindAttr)
                  000093e6    00000002     --HOLE-- [fill = 0]
                  000093e8    0000004c     ioservice.obj (.text:Io_getParameter)
                  00009434    0000004c     SensorI2C.obj (.text:SensorI2C_write)
                  00009480    0000004c     battservice.obj (.text:battMeasure)
                  000094cc    0000004c     peripheral.obj (.text:gapRole_HandleParamUpdateNoSuccess)
                  00009518    0000004c     rtsv7M3_T_le_eabi.lib : cpy_tbl.obj (.text)
                  00009564    0000004a     icall.obj (.text:ICall_msgPrepend)
                  000095ae    00000048     icall.obj (.text:ICall_fetchServiceMsg)
                  000095f6    00000002     --HOLE-- [fill = 0]
                  000095f8    00000048     sensortag_lp.obj (.text:SensorTag_enqueueMsg)
                  00009640    00000048     util.obj (.text:Util_restartClock)
                  00009688    00000048     peripheral.obj (.text:gapRole_SetupGAP)
                  000096d0    00000048     RFCC26XX_singleMode.obj (.text:postDirImmCmd)
                  00009718    00000044     ECCROMCC26XX.obj (.text:ECCROMCC26XX_init)
                  0000975c    00000044     peripheral.obj (.text:GAPRole_TerminateConnection)
                  000097a0    00000044     gattservapp_util.obj (.text:GATTServApp_WriteCharCfg)
                  000097e4    00000044     drivers_cc26x0r2.aem3 : I2CCC26XX.oem3 (.text:I2CCC26XX_initHw)
                  00009828    00000044     icall.obj (.text:ICall_getLocalMsgEntityId)
                  0000986c    00000044     driverlib.lib : osc.obj (.text:NOROM_OSCHF_SwitchToRcOscTurnOffXosc)
                  000098b0    00000044     drivers_cc26x0r2.aem3 : PINCC26XX.oem3 (.text:PIN_swi)
                  000098f4    00000044     sensortag_lp.obj (.text:SensorTag_stopAlert)
                  00009938    00000044     boot.aem3 : boot.oem3 (.text)
                  0000997c    00000044     RFCC26XX_singleMode.obj (.text:dispatchOpWhen)
                  000099c0    00000044     drivers_cc26x0r2.aem3 : PowerCC26XX.oem3 (.text:notify)
                  00009a04    00000042     util.obj (.text:Util_enqueueMsg)
                  00009a46    00000002     --HOLE-- [fill = 0]
                  00009a48    00000040     drivers_cc26x0r2.aem3 : CryptoCC26XX.oem3 (.text:CryptoCC26XX_loadKey)
                  00009a88    00000040                           : I2C.oem3 (.text:I2C_open)
                  00009ac8    00000040     icall_cc2650.obj (.text:ICallPlatform_pwrDispenseImpl)
                  00009b08    00000040     icall_cc2650.obj (.text:ICallPlatform_pwrRequireImpl)
                  00009b48    00000040     icall.obj (.text:ICall_heapFree)
                  00009b88    00000040     sensortag_lp.obj (.text:SensorTag_freeAttRsp)
                  00009bc8    0000003e     icall.obj (.text:ICall_msgDequeue)
                  00009c06    0000003e     icall.obj (.text:ICall_sendServiceMsg)
                  00009c44    0000003c     icall_api_lite.obj (.text:GATT_bm_alloc)
                  00009c80    0000003c     driverlib.lib : osc.obj (.text:NOROM_OSC_HPOSCRelativeFrequencyOffsetGet)
                  00009cbc    0000003c                   : rfc.obj (.text:NOROM_RFCSynthPowerDown)
                  00009cf8    0000003c     RFCC26XX_singleMode.obj (.text:clkPowerUpFxn)
                  00009d34    00000038     peripheral.obj (.text:GAPRole_createTask)
                  00009d6c    00000038     drivers_cc26x0r2.aem3 : PINCC26XX.oem3 (.text:PIN_setOutputValue)
                  00009da4    00000038     sensortag_buzzer.obj (.text:SensorTagBuzzer_open)
                  00009ddc    00000038     sensortag_lp.obj (.text:SensorTag_createTask)
                  00009e14    00000038     rom_sysbios.aem3 : rom_sysbios.obj (.text:ti_sysbios_family_arm_cc26xx_Timer_getCurrentTick__E)
                  00009e4c    00000038                      : rom_sysbios.obj (.text:ti_sysbios_family_arm_cc26xx_Timer_setThreshold__I)
                  00009e84    00000036     icall.obj (.text:ICall_setTimerMSecs)
                  00009eba    00000034     icall.obj (.text:ICall_primRepostSync)
                  00009eee    00000002     --HOLE-- [fill = 0]
                  00009ef0    00000034     icall.obj (.text:ICall_searchService)
                  00009f24    00000034     driverlib.lib : i2c.obj (.text:NOROM_I2CMasterInitExpClk)
                  00009f58    00000034     drivers_cc26x0r2.aem3 : PINCC26XX.oem3 (.text:PIN_setConfig)
                  00009f8c    00000034     sensortag_batt.obj (.text:SensorTagBatt_init)
                  00009fc0    00000034     sensortag_keys.obj (.text:SensorTagKeys_processKeyLeft)
                  00009ff4    00000034     sensortag_keys.obj (.text:SensorTagKeys_processKeyRight)
                  0000a028    00000034     sensortag_lp.obj (.text:SensorTag_processAccelEnablerChangeEvt)
                  0000a05c    00000034     sensortag_lp.obj (.text:SensorTag_processStackMsg)
                  0000a090    00000034     rom_sysbios.aem3 : rom_sysbios.obj (.text:ti_sysbios_family_arm_cc26xx_Timer_initDevice__I)
                  0000a0c4    00000032                      : rom_sysbios.obj (.text:ti_sysbios_family_arm_cc26xx_Timer_setNextTick__E)
                  0000a0f6    00000002     --HOLE-- [fill = 0]
                  0000a0f8    00000030     battservice.obj (.text:Batt_MeasLevel)
                  0000a128    00000030     drivers_cc26x0r2.aem3 : PowerCC26XX.oem3 (.text:Power_releaseConstraint)
                  0000a158    00000030                           : PowerCC26XX.oem3 (.text:Power_setConstraint)
                  0000a188    00000030     sensortag_keys.obj (.text:SensorTagKeys_init)
                  0000a1b8    00000030     sensortag_register.obj (.text:SensorTagRegister_update)
                  0000a1e8    00000030     sensortag_lp.obj (.text:SensorTag_processAccelReadEvt)
                  0000a218    00000030     TRNGCC26XX.obj (.text:TRNGCC26XX_init)
                  0000a248    00000030     app_ble_pem3.oem3 (.text:ti_sysbios_BIOS_atExitFunc__I)
                  0000a278    00000030     app_ble_pem3.oem3 (.text:ti_sysbios_BIOS_startFunc__I)
                  0000a2a8    0000002e     icall.obj (.text:ICall_dispatch)
                  0000a2d6    0000002e     sensortag_lp.obj (.text:SensorTag_processAppMsg)
                  0000a304    0000002c     driverlib.lib : chipinfo.obj (.text:NOROM_ChipInfo_GetChipFamily)
                  0000a330    0000002c     drivers_cc26x0r2.aem3 : PINCC26XX.oem3 (.text:PINCC26XX_setMux)
                  0000a35c    0000002c     sensortag_batt.obj (.text:SensorTagBatt_processCharChangeEvt)
                  0000a388    0000002c     sensortag_buzzer.obj (.text:SensorTagBuzzer_close)
                  0000a3b4    0000002c     sensortag_io.obj (.text:SensorTagIO_init)
                  0000a3e0    0000002c     sensortag_keys.obj (.text:SensorTagKeys_reset)
                  0000a40c    0000002c     RFCC26XX_singleMode.obj (.text:hwiFxnCpe0PowerFsm)
                  0000a438    0000002c     rom_sysbios.aem3 : rom_sysbios.obj (.text:ti_sysbios_knl_Clock_getTicksUntilInterrupt__E)
                  0000a464    0000002a     sensortag_buzzer.obj (.text:TimerLoadSet)
                  0000a48e    0000002a     sensortag_buzzer.obj (.text:TimerMatchSet)
                  0000a4b8    0000002a     sensortag_buzzer.obj (.text:TimerPrescaleMatchSet)
                  0000a4e2    0000002a     sensortag_buzzer.obj (.text:TimerPrescaleSet)
                  0000a50c    00000028     drivers_cc26x0r2.aem3 : CryptoCC26XX.oem3 (.text:CryptoCC26XX_init)
                  0000a534    00000028     peripheral.obj (.text:GAPRole_StartDevice)
                  0000a55c    00000028     driverlib.lib : timer.obj (.text:NOROM_TimerConfigure)
                  0000a584    00000028     drivers_cc26x0r2.aem3 : PowerCC26XX.oem3 (.text:Power_registerNotify)
                  0000a5ac    00000028     driverlib.lib : adi.obj (.text:SafeHapiVoid)
                  0000a5d4    00000028     sensortag_batt.obj (.text:SensorTagBatt_reset)
                  0000a5fc    00000028     TRNGCC26XX.obj (.text:TRNGCC26XX_open)
                  0000a624    00000028     util.obj (.text:Util_dequeueMsg)
                  0000a64c    00000028     icall.obj (.text:matchLiteCS)
                  0000a674    00000026     sensortag_lp.obj (.text:SensorTag_callback)
                  0000a69a    00000026     drivers_cc26x0r2.aem3 : CryptoCC26XX.oem3 (.text:cryptoTransactionPend)
                  0000a6c0    00000024                           : CryptoCC26XX.oem3 (.text:CryptoCC26XX_hwiIntFxn)
                  0000a6e4    00000024     devinfoservice.obj (.text:DevInfo_AddService)
                  0000a708    00000024     icall_api_lite.obj (.text:GATT_bm_free)
                  0000a72c    00000024     driverlib.lib : osc.obj (.text:NOROM_OSCHF_TurnOnXosc)
                  0000a750    00000024     drivers_cc26x0r2.aem3 : PINCC26XX.oem3 (.text:PINCC26XX_getPinCount)
                  0000a774    00000024     RFCC26XX_singleMode.obj (.text:Q_pop)
                  0000a798    00000024     RFCC26XX_singleMode.obj (.text:RF_runDirectCmd)
                  0000a7bc    00000024     RFCC26XX_singleMode.obj (.text:RF_runImmediateCmd)
                  0000a7e0    00000024     registerservice.obj (.text:Register_addService)
                  0000a804    00000024     registerservice.obj (.text:Register_registerAppCBs)
                  0000a828    00000024     sensortag_lp.obj (.text:SensorTag_updateAdvertisingData)
                  0000a84c    00000024     rtsv7M3_T_le_eabi.lib : memcmp.obj (.text)
                  0000a870    00000024     app_ble_pem3.oem3 (.text:ti_sysbios_BIOS_registerRTSLock__I)
                  0000a894    00000024     app_ble_pem3.oem3 (.text:ti_sysbios_BIOS_removeRTSLock__I)
                  0000a8b8    00000024     rom_sysbios.aem3 : rom_sysbios.obj (.text:ti_sysbios_family_arm_cc26xx_Timer_getMaxTicks__E)
                  0000a8dc    00000022     gattservapp_util.obj (.text:GATTServApp_ReadCharCfg)
                  0000a8fe    00000022     drivers_cc26x0r2.aem3 : List.oem3 (.text:List_put)
                  0000a920    00000020     accelerometer.obj (.text:Accel_RegisterAppCBs)
                  0000a940    00000020     icall_cc2650.obj (.text:ICallPlatform_pwrDispense)
                  0000a960    00000020     icall_cc2650.obj (.text:ICallPlatform_pwrRequire)
                  0000a980    00000020     ioservice.obj (.text:Io_registerAppCBs)
                  0000a9a0    00000020     driverlib.lib : rfc.obj (.text:NOROM_RFCDoorbellSendTo)
                  0000a9c0    00000020                   : rfc.obj (.text:NOROM_RFCRfTrimRead)
                  0000a9e0    00000020     drivers_cc26x0r2.aem3 : PowerCC26XX.oem3 (.text:Power_unregisterNotify)
                  0000aa00    00000020     proxreporter.obj (.text:ProxReporter_RegisterAppCBs)
                  0000aa20    00000020     RFCC26XX_singleMode.obj (.text:RF_flushCmd)
                  0000aa40    00000020     RFCC26XX_singleMode.obj (.text:RF_getCmdOp)
                  0000aa60    00000020     sensortag_batt.obj (.text:SensorTagBatt_clockHandler)
                  0000aa80    00000020     TRNGCC26XX.obj (.text:openTRNG)
                  0000aaa0    00000020     app_ble_pem3.oem3 (.text:ti_sysbios_BIOS_rtsLock__I)
                  0000aac0    00000020     rom_sysbios.aem3 : rom_sysbios.obj (.text:ti_sysbios_family_arm_cc26xx_Timer_dynamicStub__E)
                  0000aae0    0000001e     drivers_cc26x0r2.aem3 : PINCC26XX.oem3 (.text:PIN_close)
                  0000aafe    0000001e                           : PowerCC26XX.oem3 (.text:Power_getTransitionLatency)
                  0000ab1c    0000001e     sensortag_buzzer.obj (.text:TimerDisable)
                  0000ab3a    0000001e     sensortag_buzzer.obj (.text:TimerEnable)
                  0000ab58    0000001c     driverlib.lib : i2c.obj (.text:NOROM_I2CMasterErr)
                  0000ab74    0000001c                   : vims.obj (.text:NOROM_VIMSConfigure)
                  0000ab90    0000001c     drivers_cc26x0r2.aem3 : PINCC26XX.oem3 (.text:PINCC26XX_setIoCfgMux)
                  0000abac    0000001c                           : PINCC26XX.oem3 (.text:PIN_hwi)
                  0000abc8    0000001c     RFCC26XX_singleMode.obj (.text:RF_cancelCmd)
                  0000abe4    0000001c     SensorI2C.obj (.text:SensorI2C_readReg)
                  0000ac00    0000001c     util.obj (.text:Util_isActive)
                  0000ac1c    0000001c     ble_user_config.obj (.text:driverTable_fnSpinlock)
                  0000ac38    0000001c     RFCC26XX_singleMode.obj (.text:swiFxnFsm)
                  0000ac54    0000001a     icall.obj (.text:ICall_leaveCSImpl)
                  0000ac6e    0000001a     icall.obj (.text:ICall_pwrUpdActivityCounter)
                  0000ac88    0000001a     drivers_cc26x0r2.aem3 : List.oem3 (.text:List_remove)
                  0000aca2    0000001a     sensortag_lp.obj (.text:SensorTag_charValueChangeCB)
                  0000acbc    00000018     RFCC26XX_singleMode.obj (.text:FsmDispatch)
                  0000acd4    00000018     icall.obj (.text:ICall_taskEntry)
                  0000acec    00000018     driverlib.lib : chipinfo.obj (.text:NOROM_ChipInfo_GetPackageType)
                  0000ad04    00000018                   : rfc.obj (.text:NOROM_RFCCpeIntGetAndClear)
                  0000ad1c    00000018     drivers_cc26x0r2.aem3 : PowerCC26XX.oem3 (.text:Power_idleFunc)
                  0000ad34    00000018     RFCC26XX_singleMode.obj (.text:RF_Params_init)
                  0000ad4c    00000018     sensortag_batt.obj (.text:SensorTagBatt_processSensorEvent)
                  0000ad64    00000018     sensortag_register.obj (.text:SensorTagRegister_init)
                  0000ad7c    00000018     drivers_cc26x0r2.aem3 : PowerCC26XX.oem3 (.text:configureRFCoreClocks)
                  0000ad94    00000018                           : CryptoCC26XX.oem3 (.text:cryptoTransactionPoll)
                  0000adac    00000018     rtsv7M3_T_le_eabi.lib : args_main.obj (.text)
                  0000adc4    00000018                           : ll_mul_t2.obj (.text)
                  0000addc    00000018     app_ble_pem3.oem3 (.text:ti_sysbios_BIOS_rtsUnlock__I)
                  0000adf4    00000018     rom_sysbios.aem3 : rom_sysbios.obj (.text:ti_sysbios_knl_Swi_or__E)
                  0000ae0c    00000018     app_ble_pem3.oem3 (.text:ti_sysbios_rom_cortexm_cc26xx_r2_CC26xx_checkRevision__E)
                  0000ae24    00000016     icall.obj (.text:ICall_enterCSImpl)
                  0000ae3a    00000016     icall.obj (.text:ICall_stopTimer)
                  0000ae50    00000016     app_ble_pem3.oem3 (.text:ti_sysbios_BIOS_errorRaiseHook__I)
                  0000ae66    00000016     app_ble_pem3.oem3 (.text:ti_sysbios_BIOS_exitFunc__I)
                  0000ae7c    00000016     RFCC26XX_singleMode.obj (.text:ti_sysbios_family_arm_m3_Hwi_Params_init)
                  0000ae92    00000016     RFCC26XX_singleMode.obj (.text:ti_sysbios_knl_Clock_Params_init)
                  0000aea8    00000016     icall.obj (.text:ti_sysbios_knl_Clock_Params_init)
                  0000aebe    00000016     util.obj (.text:ti_sysbios_knl_Clock_Params_init)
                  0000aed4    00000016     ECCROMCC26XX.obj (.text:ti_sysbios_knl_Semaphore_Params_init)
                  0000aeea    00000016     RFCC26XX_singleMode.obj (.text:ti_sysbios_knl_Semaphore_Params_init)
                  0000af00    00000016     RFCC26XX_singleMode.obj (.text:ti_sysbios_knl_Swi_Params_init)
                  0000af16    00000016     icall.obj (.text:ti_sysbios_knl_Task_Params_init)
                  0000af2c    00000016     peripheral.obj (.text:ti_sysbios_knl_Task_Params_init)
                  0000af42    00000016     sensortag_lp.obj (.text:ti_sysbios_knl_Task_Params_init)
                  0000af58    00000014     battservice.obj (.text:AONBatMonBatteryVoltageGet)
                  0000af6c    00000014     bma250.obj (.text:Acc_stop)
                  0000af80    00000014     battservice.obj (.text:Batt_Register)
                  0000af94    00000014     RFCC26XX_singleMode.obj (.text:FsmNextState)
                  0000afa8    00000014     icall.obj (.text:ICall_clockFunc)
                  0000afbc    00000014     drivers_cc26x0r2.aem3 : PINCC26XX.oem3 (.text:PINCC26XX_getInputValue)
                  0000afd0    00000014     ble_user_config.obj (.text:RegisterAssertCback)
                  0000afe4    00000014     SensorI2C.obj (.text:SensorI2C_deselect)
                  0000aff8    00000014     sensortag_lp.obj (.text:SensorTag_accelEnablerChangeCB)
                  0000b00c    00000014     sensortag_lp.obj (.text:SensorTag_clockHandler)
                  0000b020    00000014     sensortag_lp.obj (.text:SensorTag_resetAllModules)
                  0000b034    00000014     sensortag_lp.obj (.text:SensorTag_stateChangeCB)
                  0000b048    00000014     util.obj (.text:Util_constructQueue)
                  0000b05c    00000014     util.obj (.text:Util_startClock)
                  0000b070    00000014     util.obj (.text:Util_stopClock)
                  0000b084    00000014     peripheral.obj (.text:gapRole_setEvent)
                  0000b098    00000014     rtsv7M3_T_le_eabi.lib : _lock.obj (.text)
                  0000b0ac    00000014                           : strlen.obj (.text)
                  0000b0c0    00000014     rom_sysbios.aem3 : rom_sysbios.obj (.text:ti_sysbios_family_arm_cc26xx_Timer_getCount64__E)
                  0000b0d4    00000014     app_ble_pem3.oem3 (.text:ti_sysbios_knl_Clock_doTick__I)
                  0000b0e8    00000012     icall.obj (.text:ICall_freeMsg)
                  0000b0fa    00000012     icall.obj (.text:ICall_signal)
                  0000b10c    00000012     sensortag_lp.obj (.text:SensorTag_proximityAttrCB)
                  0000b11e    00000012     sensortag_io.obj (.text:ioChangeCB)
                  0000b130    00000012     sensortag_register.obj (.text:registerChangeCB)
                  0000b142    00000012     sensortag_batt.obj (.text:sensorConfigChangeCB)
                  0000b154    00000012     app_ble_pem3.oem3 (.text:xdc_runtime_Startup_exec__I)
                  0000b166    00000010     ble_user_config.obj (.text:DefaultAssertCback)
                  0000b176    00000002     --HOLE-- [fill = 0]
                  0000b178    00000010     drivers_cc26x0r2.aem3 : I2C.oem3 (.text:I2C_Params_init)
                  0000b188    00000010     icall.obj (.text:ICall_malloc)
                  0000b198    00000010     icall.obj (.text:ICall_pwrDispense)
                  0000b1a8    00000010     icall.obj (.text:ICall_pwrRequire)
                  0000b1b8    00000010     driverlib.lib : rfc.obj (.text:NOROM_RFCRfTrimSet)
                  0000b1c8    00000010     RFCC26XX_singleMode.obj (.text:RFCClockEnable)
                  0000b1d8    00000010     RFCC26XX_singleMode.obj (.text:defaultErrCb)
                  0000b1e8    00000010     drivers_cc26x0r2.aem3 : I2CCC26XX.oem3 (.text:i2cPostNotify)
                  0000b1f8    00000010     rom_sysbios.aem3 : rom_sysbios.obj (.text:ti_sysbios_family_arm_m3_Hwi_post__E)
                  0000b208    0000000e     driverlib.lib : chipinfo.obj (.text:NOROM_ThisLibraryIsFor_CC26x0R2_HaltIfViolated)
                  0000b216    0000000e     RFCC26XX_singleMode.obj (.text:Q_peek)
                  0000b224    0000000e     rtsv7M3_T_le_eabi.lib : copy_decompress_none.obj (.text:decompress:none)
                  0000b232    0000000e     rom_sysbios.aem3 : rom_sysbios.obj (.text:ti_sysbios_family_arm_cc26xx_TimestampProvider_get32__E)
                  0000b240    0000000c     bma250.obj (.text:Acc_init)
                  0000b24c    0000000c     icall.obj (.text:ICall_free)
                  0000b258    0000000c     drivers_cc26x0r2.aem3 : List.oem3 (.text:List_empty)
                  0000b264    0000000c     driverlib.lib : cpu.obj (.text:NOROM_CPUcpsid)
                  0000b270    0000000c                   : cpu.obj (.text:NOROM_CPUcpsie)
                  0000b27c    0000000c                   : osc.obj (.text:NOROM_OSC_HPOSCRelativeFrequencyOffsetToRFCoreFormatConvert)
                  0000b288    0000000c     drivers_cc26x0r2.aem3 : PINCC26XX.oem3 (.text:PIN_registerIntCb)
                  0000b294    0000000c                           : PowerCC26XX.oem3 (.text:Power_getConstraintMask)
                  0000b2a0    0000000c                           : PowerCC26XX.oem3 (.text:Power_getDependencyCount)
                  0000b2ac    0000000c     RFCC26XX_singleMode.obj (.text:RFCClockDisable)
                  0000b2b8    0000000c     sensortag_lp.obj (.text:SensorTag_testResult)
                  0000b2c4    0000000c     TRNGCC26XX.obj (.text:TRNGEnable)
                  0000b2d0    0000000c     TRNGCC26XX.obj (.text:TRNGStatusGet)
                  0000b2dc    0000000c     RFCC26XX_singleMode.obj (.text:clkInactivityFxn)
                  0000b2e8    0000000c     rtsv7M3_T_le_eabi.lib : copy_zero_init.obj (.text:decompress:ZI)
                  0000b2f4    0000000c     peripheral.obj (.text:gapRole_clockHandler)
                  0000b300    0000000c     rom_sysbios.aem3 : rom_sysbios.obj (.text:ti_sysbios_BIOS_getThreadType__E)
                  0000b30c    0000000c     RFCC26XX_singleMode.obj (.text:ti_sysbios_family_arm_m3_Hwi_handle)
                  0000b318    0000000c     RFCC26XX_singleMode.obj (.text:ti_sysbios_knl_Clock_handle)
                  0000b324    0000000c     util.obj (.text:ti_sysbios_knl_Clock_handle)
                  0000b330    0000000c     util.obj (.text:ti_sysbios_knl_Queue_handle)
                  0000b33c    0000000c     RFCC26XX_singleMode.obj (.text:ti_sysbios_knl_Semaphore_handle)
                  0000b348    0000000c     SensorI2C.obj (.text:ti_sysbios_knl_Semaphore_handle)
                  0000b354    0000000c     rom_sysbios.aem3 : rom_sysbios.obj (.text:ti_sysbios_knl_Swi_getTrigger__E)
                  0000b360    0000000c     RFCC26XX_singleMode.obj (.text:ti_sysbios_knl_Swi_handle)
                  0000b36c    0000000c     app_ble_pem3.oem3 (.text:xdc_runtime_Startup_reset__I)
                  0000b378    0000000a     drivers_cc26x0r2.aem3 : I2CCC26XX.oem3 (.text:I2CCC26XX_init)
                  0000b382    0000000a                           : I2C.oem3 (.text:I2C_close)
                  0000b38c    0000000a                           : I2C.oem3 (.text:I2C_transfer)
                  0000b396    0000000a     icall.obj (.text:ICall_abort)
                  0000b3a0    00000008     drivers_cc26x0r2.aem3 : CryptoCC26XX.oem3 (.text:CryptoCC26XX_Params_init)
                  0000b3a8    00000008                           : I2CCC26XX.oem3 (.text:I2CCC26XX_blockingCallback)
                  0000b3b0    00000008     icall.obj (.text:ICall_getTicks)
                  0000b3b8    00000008     sensortag_lp.obj (.text:SensorTag_performPeriodicTask)
                  0000b3c0    00000008     drivers_cc26x0r2.aem3 : CryptoCC26XX.oem3 (.text:cryptoPostNotify)
                  0000b3c8    00000006                           : CryptoCC26XX.oem3 (.text:CryptoCC26XX_transact)
                  0000b3ce    00000006                           : CryptoCC26XX.oem3 (.text:CryptoCC26XX_transactPolling)
                  0000b3d4    00000006                           : I2CCC26XX.oem3 (.text:I2CCC26XX_control)
                  0000b3da    00000006     driverlib.lib : cpu.obj (.text:NOROM_CPUdelay)
                  0000b3e0    00000006     rom_sysbios.aem3 : rom_sysbios.obj (.text:ti_sysbios_family_arm_m3_Hwi_setFunc__E)
                  0000b3e6    00000004     dpl_cc26x0r2.aem3 : PowerCC26XX_tirtos.oem3 (.text:CPUwfi)
                  0000b3ea    00000004                       : HwiP_tirtos.oem3 (.text:HwiP_disable)
                  0000b3ee    00000004     drivers_cc26x0r2.aem3 : List.oem3 (.text:List_head)
                  0000b3f2    00000004                           : List.oem3 (.text:List_next)
                  0000b3f6    00000004                           : PowerCC26XX.oem3 (.text:nopResourceHandler)
                  0000b3fa    00000004     rom_sysbios.aem3 : rom_sysbios.obj (.text:ti_sysbios_knl_Clock_isActive__E)
                  0000b3fe    00000002     --HOLE-- [fill = 0]
                  0000b400    00000008     (.tramp.xdc_runtime_Startup_startMods__I.1)
                  0000b408    00000008     (.tramp.ti_sysbios_knl_Clock_logTick__E.1)
                  0000b410    00000008     (.tramp.ti_sysbios_knl_Queue_construct.1)
                  0000b418    00000008     (.tramp.ti_sysbios_knl_Task_Params__init__S.1)
                  0000b420    00000008     (.tramp.ti_sysbios_BIOS_RtsGateProxy_leave__E.1)
                  0000b428    00000008     (.tramp.ti_sysbios_BIOS_RtsGateProxy_enter__E.1)
                  0000b430    00000008     (.tramp.ti_sysbios_knl_Queue_get__E.1)
                  0000b438    00000008     (.tramp.ti_sysbios_knl_Task_startup__E.1)
                  0000b440    00000008     (.tramp.ti_sysbios_knl_Swi_startup__E.1)
                  0000b448    00000008     (.tramp.ti_sysbios_hal_Hwi_startup__E.1)
                  0000b450    00000008     (.tramp.ti_sysbios_family_arm_cc26xx_Timer_startup__E.1)
                  0000b458    00000008     (.tramp.xdc_runtime_System_atexit__E.1)
                  0000b460    00000008     (.tramp.ti_sysbios_BIOS_linkedWithIncorrectBootLibrary__E.1)
                  0000b468    00000008     (.tramp.xdc_runtime_Startup_rtsDone__E.1)
                  0000b470    00000008     (.tramp.ti_sysbios_BIOS_setThreadType__E.1)
                  0000b478    00000008     (.tramp.ti_sysbios_knl_Task_construct.1)
                  0000b480    00000008     (.tramp.ti_sysbios_knl_Queue_put__E.1)
                  0000b488    00000008     (.tramp.xdc_runtime_System_exit__E.1)
                  0000b490    00000008     (.tramp.ti_sysbios_BIOS_getCpuFreq__E.1)
                  0000b498    00000008     (.tramp.ti_sysbios_knl_Semaphore_create.1)
                  0000b4a0    00000008     (.tramp.ti_sysbios_knl_Semaphore_destruct.1)
                  0000b4a8    00000008     (.tramp.ti_sysbios_knl_Swi_destruct.1)
                  0000b4b0    00000008     (.tramp.ti_sysbios_family_arm_m3_Hwi_destruct.1)
                  0000b4b8    00000008     (.tramp.ti_sysbios_BIOS_start__E.1)
                  0000b4c0    00000008     (.tramp.ti_sysbios_knl_Task_sleep__E.1)
                  0000b4c8    00000008     (.tramp.ti_sysbios_knl_Clock_scheduleNextTick__E.1)
                  0000b4d0    00000008     (.tramp.ti_sysbios_knl_Clock_walkQueueDynamic__E.1)
                  0000b4d8    00000008     (.tramp.ti_sysbios_knl_Clock_TimerProxy_getCurrentTick__E.1)
                  0000b4e0    00000008     (.tramp.ti_sysbios_knl_Task_create.1)
                  0000b4e8    00000008     (.tramp.ti_sysbios_knl_Event_create.1)
                  0000b4f0    00000008     (.tramp.ti_sysbios_knl_Clock_create.1)
                  0000b4f8    00000008     (.tramp.ti_sysbios_family_arm_m3_Hwi_disableInterrupt__E.1)
                  0000b500    00000008     (.tramp.ti_sysbios_family_arm_m3_Hwi_enableInterrupt__E.1)
                  0000b508    00000008     (.tramp.ti_sysbios_knl_Swi_post__E.1)
                  0000b510    00000008     (.tramp.ti_sysbios_knl_Clock_Params__init__S.1)
                  0000b518    00000008     (.tramp.ti_sysbios_knl_Clock_construct.1)
                  0000b520    00000008     (.tramp.ti_sysbios_knl_Event_post__E.1)
                  0000b528    00000008     (.tramp.ti_sysbios_knl_Clock_getTicks__E.1)
                  0000b530    00000008     (.tramp.ti_sysbios_knl_Task_self__E.1)
                  0000b538    00000008     (.tramp.ti_sysbios_knl_Queue_empty__E.1)
                  0000b540    00000008     (.tramp.ti_sysbios_knl_Event_pend__E.1)
                  0000b548    00000008     common_r2.symbols (.tramp.eccRom_genKeys.1)
                  0000b550    00000008     (.tramp.xdc_runtime_System_abortSpin__E.1)
                  0000b558    00000008     (.tramp.ti_sysbios_knl_Swi_construct.1)
                  0000b560    00000008     (.tramp.ti_sysbios_knl_Swi_Params__init__S.1)
                  0000b568    00000008     (.tramp.ti_sysbios_family_arm_m3_Hwi_construct.1)
                  0000b570    00000008     (.tramp.ti_sysbios_family_arm_m3_Hwi_Params__init__S.1)
                  0000b578    00000008     (.tramp.ti_sysbios_knl_Semaphore_construct.1)
                  0000b580    00000008     (.tramp.ti_sysbios_knl_Semaphore_Params__init__S.1)
                  0000b588    00000008     common_r2.symbols (.tramp.eccRom_genSharedSecret.1)
                  0000b590    00000008     (.tramp.ti_sysbios_knl_Task_restore__E.1)
                  0000b598    00000008     (.tramp.ti_sysbios_knl_Task_disable__E.1)
[...]
1001c0c9  ti_sysbios_heaps_HeapMem_Module_GateProxy_enter__E                        
1001c0cd  ti_sysbios_heaps_HeapMem_Module_GateProxy_leave__E                        
1001c0d1  ti_sysbios_knl_Clock_TimerProxy_getExpiredTicks__E                        
1001c0d5  ti_sysbios_knl_Clock_TimerProxy_getPeriod__E                              
1001c0d9  ti_sysbios_knl_Clock_delete                                               
1001c0dd  ti_sysbios_knl_Clock_destruct                                             
1001c0e1  ti_sysbios_knl_Clock_removeI__E                                           
1001c0e5  ti_sysbios_knl_Clock_setTimeout__E                                        
1001c0e9  ti_sysbios_knl_Event_delete                                               
1001c0ed  ti_sysbios_knl_Event_destruct                                             
1001c0f1  ti_sysbios_knl_Mailbox_delete                                             
1001c0f5  ti_sysbios_knl_Mailbox_destruct                                           
1001c0f9  ti_sysbios_knl_Queue_delete                                               
1001c0fd  ti_sysbios_knl_Queue_destruct                                             
1001c101  ti_sysbios_knl_Queue_head__E                                              
1001c105  ti_sysbios_knl_Queue_next__E                                              
1001c109  ti_sysbios_knl_Semaphore_delete                                           
1001c10d  ti_sysbios_knl_Semaphore_destruct                                         
1001c111  ti_sysbios_knl_Swi_delete                                                 
1001c115  ti_sysbios_knl_Swi_destruct                                               
1001c119  ti_sysbios_knl_Swi_postInit__I                                            
1001c11d  ti_sysbios_knl_Task_delete                                                
1001c121  ti_sysbios_knl_Task_destruct                                              
1001c125  ti_sysbios_knl_Task_startup__E                                            
1001c129  xdc_runtime_Startup_startMods__I                                          
1001c221  xdc_runtime_Error_policyDefault__E                                        
1001c2c9  xdc_runtime_Core_createObject__I                                          
1001c349  xdc_runtime_Memory_alloc__E                                               
1001c3b5  xdc_runtime_Core_deleteObject__I                                          
1001c413  xdc_runtime_Error_policySpin__E                                           
1001c415  xdc_runtime_Startup_exec__E                                               
1001c465  xdc_runtime_Assert_raise__I                                               
1001c4ad  xdc_runtime_Core_assignParams__I                                          
1001c4f5  xdc_runtime_Core_constructObject__I                                       
1001c53d  xdc_runtime_Error_setX__E                                                 
1001c581  xdc_runtime_System_atexit__E                                              
1001c5b9  xdc_runtime_Core_assignLabel__I                                           
1001c5ed  xdc_runtime_System_processAtExit__E                                       
1001c621  xdc_runtime_Text_cordText__E                                              
1001c64d  xdc_runtime_System_abort__E                                               
1001c66d  xdc_runtime_Error_raiseX__E                                               
1001c689  xdc_runtime_Memory_valloc__E                                              
1001c6a5  xdc_runtime_Core_destructObject__I                                        
1001c6bd  xdc_runtime_Error_check__E                                                
1001c6d5  xdc_runtime_System_exit__E                                                
1001c6ed  xdc_runtime_Text_ropeText__E                                              
1001c705  xdc_runtime_Memory_free__E                                                
1001c715  xdc_runtime_SysCallback_abort__E                                          
1001c725  xdc_runtime_SysCallback_exit__E                                           
1001c735  xdc_runtime_Timestamp_SupportProxy_get32__E                               
1001c735  xdc_runtime_Timestamp_get32__E                                            
1001c745  xdc_runtime_Error_init__E                                                 
1001c751  xdc_runtime_Memory_calloc__E                                              
1001c75d  xdc_runtime_Memory_getMaxDefaultTypeAlign__E                              
1001c769  xdc_runtime_Startup_rtsDone__E                                            
1001c775  xdc_runtime_Memory_HeapProxy_alloc__E                                     
1001c77f  xdc_runtime_Memory_HeapProxy_free__E                                      
1001c789  xdc_runtime_Gate_leaveSystem__E                                           
1001c78f  xdc_runtime_System_Module_startup__E                                      
1001c795  xdc_runtime_Gate_enterSystem__E                                           
1001c799  xdc_runtime_System_Module_GateProxy_enter__E                              
1001c79d  xdc_runtime_System_Module_GateProxy_leave__E                              
1001c7a1  xdc_runtime_System_abortSpin__E                                           
1001c7a3  xdc_runtime_System_exitSpin__E                                            
1001c7a5  ti_sysbios_family_arm_m3_Hwi_dispatch__I                                  
1001c86d  ti_sysbios_family_arm_m3_TaskSupport_buildTaskStack                       
1001c8b9  ti_sysbios_family_arm_m3_Hwi_initStacks__E                                
1001c901  ti_sysbios_family_arm_m3_Hwi_excHandlerAsm__I                             
1001c921  ti_sysbios_family_xxx_Hwi_switchAndRunFunc                                
1001c93f  ti_sysbios_family_arm_m3_Hwi_pendSV__I                                    
1001c957  ti_sysbios_family_arm_m3_Hwi_return                                       
1001c959  ti_sysbios_family_arm_m3_TaskSupport_glue                                 
1001c969  ti_sysbios_family_arm_m3_TaskSupport_swap__E                              
1001c969  ti_sysbios_knl_Task_SupportProxy_swap__E                                  
1001c971  ti_sysbios_knl_Task_swapReturn                                            
1001c978  ti_sysbios_knl_Task_Object__PARAMS__C                                     
1001c9b4  ti_sysbios_knl_Mailbox_Object__PARAMS__C                                  
1001c9e8  ti_sysbios_family_arm_m3_Hwi_Object__PARAMS__C                            
1001ca18  ti_sysbios_hal_Hwi_Object__PARAMS__C                                      
1001ca44  ti_sysbios_knl_Swi_Object__PARAMS__C                                      
1001ca6c  ti_sysbios_heaps_HeapMem_Object__PARAMS__C                                
1001ca90  ti_sysbios_knl_Clock_Object__PARAMS__C                                    
1001cab4  ti_sysbios_knl_Semaphore_Object__PARAMS__C                                
1001cad8  ti_sysbios_gates_GateHwi_Object__PARAMS__C                                
1001caf0  ti_sysbios_gates_GateMutex_Object__PARAMS__C                              
1001cb08  ti_sysbios_knl_Event_Object__PARAMS__C                                    
1001cb20  ti_sysbios_knl_Queue_Object__PARAMS__C                                    
1001cb68  ti_sysbios_gates_GateMutex_Instance_State_sem__O                          
1001cb6c  ti_sysbios_knl_Clock_Module_State_clockQ__O                               
1001cb70  ti_sysbios_knl_Event_Instance_State_pendQ__O                              
1001cb74  ti_sysbios_knl_Mailbox_Instance_State_dataQue__O                          
1001cb78  ti_sysbios_knl_Mailbox_Instance_State_dataSem__O                          
1001cb7c  ti_sysbios_knl_Mailbox_Instance_State_freeQue__O                          
1001cb80  ti_sysbios_knl_Mailbox_Instance_State_freeSem__O                          
1001cb84  ti_sysbios_knl_Semaphore_Instance_State_pendQ__O                          
1001cb88  ti_sysbios_knl_Task_Module_State_inactiveQ__O                             
20000000  ti_sysbios_family_arm_m3_Hwi_ramVectors                                   
20000100  ti_sysbios_knl_Task_Module__state__V                                      
20000144  ti_sysbios_family_arm_m3_Hwi_Module__state__V                             
20000178  ti_sysbios_knl_Clock_Module__state__V                                     
200001a4  ti_sysbios_BIOS_Module__state__V                                          
200001c8  ti_sysbios_knl_Swi_Module__state__V                                       
200001e4  ti_sysbios_family_arm_cc26xx_Timer_Module__state__V                       
200001ec  ti_sysbios_family_arm_cc26xx_TimestampProvider_Module__state__V           
200001f0  xdc_runtime_Startup_Module__state__V                                      
200001f8  xdc_runtime_System_Module__state__V                                       
20000200  xdc_runtime_Memory_Module__state__V                                       
20000204  xdc_runtime_Error_Module__state__V                                        
20000468  PowerCC26XX_module                                                        
20000768  ti_sysbios_knl_Task_Object__table__V                                      
200007b8  ti_sysbios_family_arm_cc26xx_Timer_Object__table__V                       
20000840  ti_sysbios_gates_GateMutex_Object__table__V                               
200008d8  ti_sysbios_knl_Swi_Module_State_0_readyQ__A                               
20000908  ti_sysbios_knl_Swi_Object__table__V                                       
20000938  ti_sysbios_knl_Task_Module_State_0_readyQ__A                              
20000968  ti_sysbios_knl_Clock_Object__table__V                                     
20000a00  gapProfileState                                                           
20000a34  ti_sysbios_family_arm_m3_Hwi_Object__table__V                             
20000a4c  ti_sysbios_heaps_HeapMem_Object__table__V                                 
20000b44  bleAppServiceInfoTable                                                    
20000b84  user0Cfg                                                                  
20000bdc  __TI_cleanup_ptr                                                          
20000be0  __TI_dtors_ptr                                                            
20000be4  __TI_enable_exit_profile_output                                           
20000be8  ICall_enterCriticalSection                                                
20000bec  ICall_leaveCriticalSection                                                
20000bf0  ICall_dispatcher                                                          
20000bf4  pfnBMAlloc                                                                
20000bf8  pfnBMFree                                                                 
20000bfc  lastAppOpcodeIdxSent                                                      
20000c00  rfRegTbl                                                                  
20000c16  ti_sysbios_family_arm_m3_Hwi_Module_State_0_excActive__A                  
20000c24  _lock                                                                     
20000c28  _unlock                                                                   
20000c64  ti_sysbios_family_arm_m3_Hwi_Module__root__V                              
20000c6c  ti_sysbios_gates_GateHwi_Module__root__V                                  
20000c74  ti_sysbios_gates_GateMutex_Module__root__V                                
20000c7c  ti_sysbios_hal_Hwi_Module__root__V                                        
20000c84  ti_sysbios_heaps_HeapMem_Module__root__V                                  
20000c8c  ti_sysbios_knl_Clock_Module__root__V                                      
20000c94  ti_sysbios_knl_Event_Module__root__V                                      
20000c9c  ti_sysbios_knl_Mailbox_Module__root__V                                    
20000ca4  ti_sysbios_knl_Queue_Module__root__V                                      
20000cac  ti_sysbios_knl_Semaphore_Module__root__V                                  
20000cb4  ti_sysbios_knl_Swi_Module__root__V                                        
20000cbc  ti_sysbios_knl_Task_Module__root__V                                       
20000cf0  appAssertCback                                                            
20000cf4  main_func_sp                                                              
20000d08  ti_sysbios_family_arm_m3_Hwi_Module_State_0_excContext__A                 
20000d0c  ti_sysbios_family_arm_m3_Hwi_Module_State_0_excStack__A                   
20000d10  ti_sysbios_knl_Task_Module_State_0_idleTask__A                            
20000d18  ti_sysbios_heaps_HeapMem_Instance_State_0_buf__A                          
20001658  ti_sysbios_knl_Task_Instance_State_0_stack__A                             
20001858  gapRoleTaskStack                                                          
20001a10  PIN_NumPins                                                               
20001aa4  PIN_HandleTable                                                           
20001c20  i2cCC26xxObjects                                                          
20001d00  ti_sysbios_family_arm_m3_Hwi_dispatchTable                                
20001e4c  cryptoCC26XXObjects                                                       
20001f7c  gapRoleTask                                                               
2000231c  pinGpioState                                                              
2000233a  driverlib_release_0_47851                                                 
2000233b  g_hwiInt                                                                  
2000236c  HEAPMGR_SIZE                                                              
20002370  events                                                                    
20002374  hGpioPin                                                                  
20002378  syncEvent                                                                 
2000237c  trngCC26XXObjects                                                         
20002380  linkDBNumConns                                                            
20002381  selfEntityMain                                                            
20002382  sensortagAlertState                                                       
20002383  heapStart                                                                 
20003ca4  __stack                                                                   
20003ca4  heapEnd                                                                   
200040a4  __STACK_END                                                               
200040a4  __STACK_TOP                                                               
20004f80  eccRom_param_Gx                                                           
20004f84  eccRom_param_Gy                                                           
20004f88  eccRom_workzone                                                           
20004f8c  eccRom_param_p                                                            
20004f90  eccRom_param_r                                                            
20004f94  eccRom_param_a                                                            
20004f98  eccRom_param_b                                                            
20004f9c  eccRom_windowSize                                                         
e000e000  ti_sysbios_family_arm_m3_Hwi_nvic                                         
ffffffff  __TI_pprof_out_hndl                                                       
ffffffff  __TI_prof_data_size                                                       
ffffffff  __TI_prof_data_start                                                      
ffffffff  __binit__                                                                 
ffffffff  binit                                                                     
UNDEFED   HwiP_restore                                                              
UNDEFED   SHT$$INIT_ARRAY$$Base                                                     
UNDEFED   SHT$$INIT_ARRAY$$Limit                                                    
UNDEFED   ti_sysbios_BIOS_RtsGateProxy_Handle__label__S__mangled__                  
UNDEFED   ti_sysbios_BIOS_RtsGateProxy_Object__delete__S__mangled__                 
UNDEFED   ti_sysbios_BIOS_RtsGateProxy_Params__init__S__mangled__                   
UNDEFED   ti_sysbios_BIOS_RtsGateProxy_query__E__mangled__                          
UNDEFED   ti_sysbios_hal_Hwi_HwiProxy_Module__startupDone__S__mangled__             
UNDEFED   ti_sysbios_hal_Hwi_HwiProxy_Object__delete__S__mangled__                  
UNDEFED   ti_sysbios_hal_Hwi_HwiProxy_Params__init__S__mangled__                    
UNDEFED   ti_sysbios_hal_Hwi_HwiProxy_disableInterrupt__E__mangled__                
UNDEFED   ti_sysbios_hal_Hwi_HwiProxy_enableInterrupt__E__mangled__                 
UNDEFED   ti_sysbios_hal_Hwi_HwiProxy_getStackInfo__E__mangled__                    
UNDEFED   ti_sysbios_hal_Hwi_HwiProxy_startup__E__mangled__                         
UNDEFED   ti_sysbios_hal_Hwi_HwiProxy_switchFromBootStack__E__mangled__             
UNDEFED   ti_sysbios_hal_Hwi_disableInterrupt__E                                    
UNDEFED   ti_sysbios_hal_Hwi_enableInterrupt__E                                     
UNDEFED   ti_sysbios_hal_Hwi_getStackInfo__E                                        
UNDEFED   ti_sysbios_hal_Hwi_startup__E                                             
UNDEFED   ti_sysbios_hal_Hwi_switchFromBootStack__E                                 
UNDEFED   ti_sysbios_heaps_HeapMem_Module_GateProxy_Handle__label__S__mangled__     
UNDEFED   ti_sysbios_heaps_HeapMem_Module_GateProxy_Object__delete__S__mangled__    
UNDEFED   ti_sysbios_heaps_HeapMem_Module_GateProxy_Params__init__S__mangled__      
UNDEFED   ti_sysbios_heaps_HeapMem_Module_GateProxy_query__E__mangled__             
UNDEFED   ti_sysbios_knl_Clock_TimerProxy_Module__startupDone__S__mangled__         
UNDEFED   ti_sysbios_knl_Clock_TimerProxy_startup__E__mangled__                     
UNDEFED   ti_sysbios_knl_Task_SupportProxy_Module__startupDone__S__mangled__        
UNDEFED   ti_sysbios_knl_Task_SupportProxy_getStackAlignment__E__mangled__          
UNDEFED   ti_sysbios_knl_Task_SupportProxy_start__E__mangled__                      
UNDEFED   ti_sysbios_knl_Task_SupportProxy_swap__E__mangled__                       
UNDEFED   xdc_runtime_Main_Module_GateProxy_Handle__label__S                        
UNDEFED   xdc_runtime_Main_Module_GateProxy_Object__delete__S                       
UNDEFED   xdc_runtime_Main_Module_GateProxy_query__E                                
UNDEFED   xdc_runtime_Memory_HeapProxy_Handle__label__S__mangled__                  
UNDEFED   xdc_runtime_Memory_HeapProxy_Object__delete__S__mangled__                 
UNDEFED   xdc_runtime_System_Module_GateProxy_Handle__label__S__mangled__           
UNDEFED   xdc_runtime_System_Module_GateProxy_Object__delete__S__mangled__          
UNDEFED   xdc_runtime_System_Module_GateProxy_query__E__mangled__                   
UNDEFED   xdc_runtime_System_SupportProxy_abort__E                                  
UNDEFED   xdc_runtime_System_SupportProxy_exit__E                                   
UNDEFED   xdc_runtime_Timestamp_SupportProxy_get64__E__mangled__                    
UNDEFED   xdc_runtime_Timestamp_SupportProxy_getFreq__E__mangled__                  
UNDEFED   xdc_runtime_Timestamp_get32__E                                            
UNDEFED   xdc_runtime_Timestamp_get64__E                                            
UNDEFED   xdc_runtime_Timestamp_getFreq__E                                          

[979 symbols]
