<?xml version="1.0"?>
<link_info>
   <banner>TI ARM Linker PC v16.9.0.LTS</banner>
   <copyright>Copyright (c) 1996-2015 Texas Instruments Incorporated</copyright>
   <link_time>0x58cbd4ca</link_time>
   <link_errors>0x0</link_errors>
   <output_file>Sensortag_cc2640r2lp_stack.out</output_file>
   <entry_point>
      <name>startup_entry</name>
      <address>0x17d31</address>
   </entry_point>
   <input_file_list>
      <input_file id="fl-11b">
         <path>C:\Users\User\AppData\Local\Temp\</path>
         <kind>object</kind>
         <file>078842</file>
         <name>078842</name>
      </input_file>
      <input_file id="fl-2a">
         <path>C:\ti\simplelink_cc2640r2_sdk_1_00_00_22\examples\rtos\CC2640R2_LAUNCHXL\blestack\simple_peripheral\tirtos\ccs\config\</path>
         <kind>object</kind>
         <file>ble_r2.symbols</file>
         <name>ble_r2.symbols</name>
      </input_file>
      <input_file id="fl-31">
         <path>C:\ti\simplelink_cc2640r2_sdk_1_00_00_22\source\ti\blestack\blelib\ctrl\</path>
         <kind>archive</kind>
         <file>cc2640_hci_pxxx_sc.a</file>
         <name>hci.o</name>
      </input_file>
      <input_file id="fl-32">
         <path>C:\ti\simplelink_cc2640r2_sdk_1_00_00_22\source\ti\blestack\blelib\ctrl\</path>
         <kind>archive</kind>
         <file>cc2640_hci_pxxx_sc.a</file>
         <name>hci_data.o</name>
      </input_file>
      <input_file id="fl-33">
         <path>C:\ti\simplelink_cc2640r2_sdk_1_00_00_22\source\ti\blestack\blelib\ctrl\</path>
         <kind>archive</kind>
         <file>cc2640_hci_pxxx_sc.a</file>
         <name>hci_event.o</name>
      </input_file>
      <input_file id="fl-34">
         <path>C:\ti\simplelink_cc2640r2_sdk_1_00_00_22\source\ti\blestack\blelib\ctrl\</path>
         <kind>archive</kind>
         <file>cc2640_ll_pxxx_sc.a</file>
         <name>ble.o</name>
      </input_file>
      <input_file id="fl-35">
         <path>C:\ti\simplelink_cc2640r2_sdk_1_00_00_22\source\ti\blestack\blelib\ctrl\</path>
         <kind>archive</kind>
         <file>cc2640_ll_pxxx_sc.a</file>
         <name>ll.o</name>
      </input_file>
      <input_file id="fl-36">
         <path>C:\ti\simplelink_cc2640r2_sdk_1_00_00_22\source\ti\blestack\blelib\ctrl\</path>
         <kind>archive</kind>
         <file>cc2640_ll_pxxx_sc.a</file>
         <name>ll_common.o</name>
      </input_file>
      <input_file id="fl-37">
         <path>C:\ti\simplelink_cc2640r2_sdk_1_00_00_22\source\ti\blestack\blelib\ctrl\</path>
         <kind>archive</kind>
         <file>cc2640_ll_pxxx_sc.a</file>
         <name>ll_config.o</name>
      </input_file>
      <input_file id="fl-38">
         <path>C:\ti\simplelink_cc2640r2_sdk_1_00_00_22\source\ti\blestack\blelib\ctrl\</path>
         <kind>archive</kind>
         <file>cc2640_ll_pxxx_sc.a</file>
         <name>ll_data.o</name>
      </input_file>
      <input_file id="fl-39">
         <path>C:\ti\simplelink_cc2640r2_sdk_1_00_00_22\source\ti\blestack\blelib\ctrl\</path>
         <kind>archive</kind>
         <file>cc2640_ll_pxxx_sc.a</file>
         <name>ll_enc.o</name>
      </input_file>
      <input_file id="fl-3a">
         <path>C:\ti\simplelink_cc2640r2_sdk_1_00_00_22\source\ti\blestack\blelib\ctrl\</path>
         <kind>archive</kind>
         <file>cc2640_ll_pxxx_sc.a</file>
         <name>ll_isr.o</name>
      </input_file>
      <input_file id="fl-3b">
         <path>C:\ti\simplelink_cc2640r2_sdk_1_00_00_22\source\ti\blestack\blelib\ctrl\</path>
         <kind>archive</kind>
         <file>cc2640_ll_pxxx_sc.a</file>
         <name>ll_privacy.o</name>
      </input_file>
      <input_file id="fl-3c">
         <path>C:\ti\simplelink_cc2640r2_sdk_1_00_00_22\source\ti\blestack\blelib\ctrl\</path>
         <kind>archive</kind>
         <file>cc2640_ll_pxxx_sc.a</file>
         <name>ll_rat.o</name>
      </input_file>
      <input_file id="fl-3d">
         <path>C:\ti\simplelink_cc2640r2_sdk_1_00_00_22\source\ti\blestack\blelib\ctrl\</path>
         <kind>archive</kind>
         <file>cc2640_ll_pxxx_sc.a</file>
         <name>ll_scheduler.o</name>
      </input_file>
      <input_file id="fl-3e">
         <path>C:\ti\simplelink_cc2640r2_sdk_1_00_00_22\source\ti\blestack\blelib\ctrl\</path>
         <kind>archive</kind>
         <file>cc2640_ll_pxxx_sc.a</file>
         <name>ll_slave_end_causes.o</name>
      </input_file>
      <input_file id="fl-3f">
         <path>C:\ti\simplelink_cc2640r2_sdk_1_00_00_22\source\ti\blestack\blelib\ctrl\</path>
         <kind>archive</kind>
         <file>cc2640_ll_pxxx_sc.a</file>
         <name>ll_timer_drift.o</name>
      </input_file>
      <input_file id="fl-40">
         <path>C:\ti\simplelink_cc2640r2_sdk_1_00_00_22\source\ti\blestack\blelib\ctrl\</path>
         <kind>archive</kind>
         <file>cc2640_ll_pxxx_sc.a</file>
         <name>ll_wl.o</name>
      </input_file>
      <input_file id="fl-41">
         <path>C:\ti\simplelink_cc2640r2_sdk_1_00_00_22\source\ti\blestack\blelib\ctrl\</path>
         <kind>archive</kind>
         <file>cc2640_ll_pxxx_sc.a</file>
         <name>ll_adv_end_causes.o</name>
      </input_file>
      <input_file id="fl-42">
         <path>C:\ti\simplelink_cc2640r2_sdk_1_00_00_22\source\ti\blestack\blelib\ctrl\</path>
         <kind>archive</kind>
         <file>cc2640_ll_pxxx_sc.a</file>
         <name>ll_error_end_causes.o</name>
      </input_file>
      <input_file id="fl-43">
         <path>C:\ti\simplelink_cc2640r2_sdk_1_00_00_22\source\ti\blestack\blelib\hci_tl\</path>
         <kind>archive</kind>
         <file>cc26xx_hci_tl_none.a</file>
         <name>hci_tl.o</name>
      </input_file>
      <input_file id="fl-44">
         <path>C:\ti\simplelink_cc2640r2_sdk_1_00_00_22\source\ti\blestack\blelib\host\</path>
         <kind>archive</kind>
         <file>cc26xx_att_pxxx_sc.a</file>
         <name>att_server.o</name>
      </input_file>
      <input_file id="fl-45">
         <path>C:\ti\simplelink_cc2640r2_sdk_1_00_00_22\source\ti\blestack\blelib\host\</path>
         <kind>archive</kind>
         <file>cc26xx_att_pxxx_sc.a</file>
         <name>att_util.o</name>
      </input_file>
      <input_file id="fl-46">
         <path>C:\ti\simplelink_cc2640r2_sdk_1_00_00_22\source\ti\blestack\blelib\host\</path>
         <kind>archive</kind>
         <file>cc26xx_gap_pxxx_sc.a</file>
         <name>gap_configmgr.o</name>
      </input_file>
      <input_file id="fl-47">
         <path>C:\ti\simplelink_cc2640r2_sdk_1_00_00_22\source\ti\blestack\blelib\host\</path>
         <kind>archive</kind>
         <file>cc26xx_gap_pxxx_sc.a</file>
         <name>gap_devmgr.o</name>
      </input_file>
      <input_file id="fl-48">
         <path>C:\ti\simplelink_cc2640r2_sdk_1_00_00_22\source\ti\blestack\blelib\host\</path>
         <kind>archive</kind>
         <file>cc26xx_gap_pxxx_sc.a</file>
         <name>gap_linkmgr.o</name>
      </input_file>
      <input_file id="fl-49">
         <path>C:\ti\simplelink_cc2640r2_sdk_1_00_00_22\source\ti\blestack\blelib\host\</path>
         <kind>archive</kind>
         <file>cc26xx_gap_pxxx_sc.a</file>
         <name>gap_peridevmgr.o</name>
      </input_file>
      <input_file id="fl-4a">
         <path>C:\ti\simplelink_cc2640r2_sdk_1_00_00_22\source\ti\blestack\blelib\host\</path>
         <kind>archive</kind>
         <file>cc26xx_gap_pxxx_sc.a</file>
         <name>gap_perilinkmgr.o</name>
      </input_file>
      <input_file id="fl-4b">
         <path>C:\ti\simplelink_cc2640r2_sdk_1_00_00_22\source\ti\blestack\blelib\host\</path>
         <kind>archive</kind>
         <file>cc26xx_gap_pxxx_sc.a</file>
         <name>gap_task.o</name>
      </input_file>
      <input_file id="fl-4c">
         <path>C:\ti\simplelink_cc2640r2_sdk_1_00_00_22\source\ti\blestack\blelib\host\</path>
         <kind>archive</kind>
         <file>cc26xx_gap_pxxx_sc.a</file>
         <name>linkdb.o</name>
      </input_file>
      <input_file id="fl-4d">
         <path>C:\ti\simplelink_cc2640r2_sdk_1_00_00_22\source\ti\blestack\blelib\host\</path>
         <kind>archive</kind>
         <file>cc26xx_gatt_pxxx_sc.a</file>
         <name>gatt_server.o</name>
      </input_file>
      <input_file id="fl-4e">
         <path>C:\ti\simplelink_cc2640r2_sdk_1_00_00_22\source\ti\blestack\blelib\host\</path>
         <kind>archive</kind>
         <file>cc26xx_gatt_pxxx_sc.a</file>
         <name>gatt_task.o</name>
      </input_file>
      <input_file id="fl-4f">
         <path>C:\ti\simplelink_cc2640r2_sdk_1_00_00_22\source\ti\blestack\blelib\host\</path>
         <kind>archive</kind>
         <file>cc26xx_l2cap_pxxx_sc.a</file>
         <name>l2cap_if.o</name>
      </input_file>
      <input_file id="fl-50">
         <path>C:\ti\simplelink_cc2640r2_sdk_1_00_00_22\source\ti\blestack\blelib\host\</path>
         <kind>archive</kind>
         <file>cc26xx_l2cap_pxxx_sc.a</file>
         <name>l2cap_task.o</name>
      </input_file>
      <input_file id="fl-51">
         <path>C:\ti\simplelink_cc2640r2_sdk_1_00_00_22\source\ti\blestack\blelib\host\</path>
         <kind>archive</kind>
         <file>cc26xx_l2cap_pxxx_sc.a</file>
         <name>l2cap_util.o</name>
      </input_file>
      <input_file id="fl-52">
         <path>C:\ti\simplelink_cc2640r2_sdk_1_00_00_22\source\ti\blestack\blelib\host\</path>
         <kind>archive</kind>
         <file>cc26xx_profiles_pxxx_sc.a</file>
         <name>gapgattserver.o</name>
      </input_file>
      <input_file id="fl-53">
         <path>C:\ti\simplelink_cc2640r2_sdk_1_00_00_22\source\ti\blestack\blelib\host\</path>
         <kind>archive</kind>
         <file>cc26xx_profiles_pxxx_sc.a</file>
         <name>gattservapp.o</name>
      </input_file>
      <input_file id="fl-54">
         <path>C:\ti\simplelink_cc2640r2_sdk_1_00_00_22\source\ti\blestack\blelib\host\</path>
         <kind>archive</kind>
         <file>cc26xx_smp_pxxx_sc.a</file>
         <name>smp.o</name>
      </input_file>
      <input_file id="fl-55">
         <path>C:\ti\simplelink_cc2640r2_sdk_1_00_00_22\source\ti\blestack\blelib\host\</path>
         <kind>archive</kind>
         <file>cc26xx_sm_pxxx_sc.a</file>
         <name>sm_mgr.o</name>
      </input_file>
      <input_file id="fl-56">
         <path>C:\ti\simplelink_cc2640r2_sdk_1_00_00_22\source\ti\blestack\blelib\host\</path>
         <kind>archive</kind>
         <file>cc26xx_sm_pxxx_sc.a</file>
         <name>sm_pairing.o</name>
      </input_file>
      <input_file id="fl-57">
         <path>C:\ti\simplelink_cc2640r2_sdk_1_00_00_22\source\ti\blestack\blelib\host\</path>
         <kind>archive</kind>
         <file>cc26xx_sm_pxxx_sc.a</file>
         <name>sm_rsppairing.o</name>
      </input_file>
      <input_file id="fl-58">
         <path>C:\ti\simplelink_cc2640r2_sdk_1_00_00_22\source\ti\blestack\blelib\host\</path>
         <kind>archive</kind>
         <file>cc26xx_sm_pxxx_sc.a</file>
         <name>sm_task.o</name>
      </input_file>
      <input_file id="fl-10e">
         <path>C:\ti\ccsv7\tools\compiler\ti-cgt-arm_16.9.0.LTS\lib\</path>
         <kind>archive</kind>
         <file>rtsv7M3_T_le_eabi.lib</file>
         <name>autoinit.obj</name>
      </input_file>
      <input_file id="fl-113">
         <path>C:\ti\ccsv7\tools\compiler\ti-cgt-arm_16.9.0.LTS\lib\</path>
         <kind>archive</kind>
         <file>rtsv7M3_T_le_eabi.lib</file>
         <name>ll_mul_t2.obj</name>
      </input_file>
      <input_file id="fl-116">
         <path>C:\ti\ccsv7\tools\compiler\ti-cgt-arm_16.9.0.LTS\lib\</path>
         <kind>archive</kind>
         <file>rtsv7M3_T_le_eabi.lib</file>
         <name>memcpy_t2.obj</name>
      </input_file>
      <input_file id="fl-117">
         <path>C:\ti\ccsv7\tools\compiler\ti-cgt-arm_16.9.0.LTS\lib\</path>
         <kind>archive</kind>
         <file>rtsv7M3_T_le_eabi.lib</file>
         <name>memset_t2.obj</name>
      </input_file>
      <input_file id="fl-11a">
         <path>C:\ti\ccsv7\tools\compiler\ti-cgt-arm_16.9.0.LTS\lib\</path>
         <kind>archive</kind>
         <file>rtsv7M3_T_le_eabi.lib</file>
         <name>ull_div_t2.obj</name>
      </input_file>
   </input_file_list>
   <object_component_list>
      <object_component id="oc-28">
         <name>EntrySection:startup_entry</name>
         <load_address>0x17d30</load_address>
         <run_address>0x17d30</run_address>
         <size>0x2b0</size>
         <input_file_ref idref="fl-1b"/>
      </object_component>
      <object_component id="oc-c17">
         <name>.tramp.__TI_auto_init.1</name>
         <load_address>0x17fe0</load_address>
         <run_address>0x17fe0</run_address>
         <size>0x8</size>
         <input_file_ref idref="fl-10e"/>
      </object_component>
      <object_component id="oc-c18">
         <name>.tramp.L2CAP_SetUserConfig.1</name>
         <load_address>0x17fe8</load_address>
         <run_address>0x17fe8</run_address>
         <size>0x8</size>
         <input_file_ref idref="fl-2a"/>
      </object_component>
      <object_component id="oc-c19">
         <name>.tramp.halAssertHandlerExt.1</name>
         <load_address>0x17ff0</load_address>
         <run_address>0x17ff0</run_address>
         <size>0x8</size>
         <input_file_ref idref="fl-11b"/>
      </object_component>
      <object_component id="oc-c1a">
         <name>.tramp.HalFlashRead.1</name>
         <load_address>0x17ff8</load_address>
         <run_address>0x17ff8</run_address>
         <size>0x8</size>
         <input_file_ref idref="fl-11b"/>
      </object_component>
      <object_component id="oc-c1b">
         <name>.tramp.findOffset$16.1</name>
         <load_address>0x18000</load_address>
         <run_address>0x18000</run_address>
         <size>0x8</size>
         <input_file_ref idref="fl-11b"/>
      </object_component>
      <object_component id="oc-c1c">
         <name>.tramp.compactPage$16.1</name>
         <load_address>0x18008</load_address>
         <run_address>0x18008</run_address>
         <size>0x8</size>
         <input_file_ref idref="fl-11b"/>
      </object_component>
      <object_component id="oc-c1d">
         <name>.tramp.erasePage$16.1</name>
         <load_address>0x18010</load_address>
         <run_address>0x18010</run_address>
         <size>0x8</size>
         <input_file_ref idref="fl-11b"/>
      </object_component>
      <object_component id="oc-c1e">
         <name>.tramp.setActivePage$16.1</name>
         <load_address>0x18018</load_address>
         <run_address>0x18018</run_address>
         <size>0x8</size>
         <input_file_ref idref="fl-11b"/>
      </object_component>
      <object_component id="oc-c1f">
         <name>.tramp.osal_mem_alloc.1</name>
         <load_address>0x18020</load_address>
         <run_address>0x18020</run_address>
         <size>0x8</size>
         <input_file_ref idref="fl-11b"/>
      </object_component>
      <object_component id="oc-c20">
         <name>.tramp.osal_memset.1</name>
         <load_address>0x18028</load_address>
         <run_address>0x18028</run_address>
         <size>0x8</size>
         <input_file_ref idref="fl-11b"/>
      </object_component>
      <object_component id="oc-c21">
         <name>.tramp.LL_Init.1</name>
         <load_address>0x18030</load_address>
         <run_address>0x18030</run_address>
         <size>0x8</size>
         <input_file_ref idref="fl-35"/>
      </object_component>
      <object_component id="oc-c22">
         <name>.tramp.HCI_Init.1</name>
         <load_address>0x18038</load_address>
         <run_address>0x18038</run_address>
         <size>0x8</size>
         <input_file_ref idref="fl-43"/>
      </object_component>
      <object_component id="oc-c23">
         <name>.tramp.L2CAP_Init.1</name>
         <load_address>0x18040</load_address>
         <run_address>0x18040</run_address>
         <size>0x8</size>
         <input_file_ref idref="fl-2a"/>
      </object_component>
      <object_component id="oc-c24">
         <name>.tramp.GAP_Init.1</name>
         <load_address>0x18048</load_address>
         <run_address>0x18048</run_address>
         <size>0x8</size>
         <input_file_ref idref="fl-2a"/>
      </object_component>
      <object_component id="oc-c25">
         <name>.tramp.SM_Init.1</name>
         <load_address>0x18050</load_address>
         <run_address>0x18050</run_address>
         <size>0x8</size>
         <input_file_ref idref="fl-2a"/>
      </object_component>
      <object_component id="oc-c26">
         <name>.tramp.GATT_Init.1</name>
         <load_address>0x18058</load_address>
         <run_address>0x18058</run_address>
         <size>0x8</size>
         <input_file_ref idref="fl-2a"/>
      </object_component>
      <object_component id="oc-c27">
         <name>.tramp.GATTServApp_Init.1</name>
         <load_address>0x18060</load_address>
         <run_address>0x18060</run_address>
         <size>0x8</size>
         <input_file_ref idref="fl-53"/>
      </object_component>
      <object_component id="oc-c28">
         <name>.tramp.GAP_RegisterBondMgrCBs.1</name>
         <load_address>0x18068</load_address>
         <run_address>0x18068</run_address>
         <size>0x8</size>
         <input_file_ref idref="fl-2a"/>
      </object_component>
      <object_component id="oc-c29">
         <name>.tramp.gapBondMgrReadBonds$19.1</name>
         <load_address>0x18070</load_address>
         <run_address>0x18070</run_address>
         <size>0x8</size>
         <input_file_ref idref="fl-11b"/>
      </object_component>
      <object_component id="oc-c2a">
         <name>.tramp.osal_snv_read.1</name>
         <load_address>0x18078</load_address>
         <run_address>0x18078</run_address>
         <size>0x8</size>
         <input_file_ref idref="fl-11b"/>
      </object_component>
      <object_component id="oc-c2b">
         <name>.tramp.osal_start_system.1</name>
         <load_address>0x18080</load_address>
         <run_address>0x18080</run_address>
         <size>0x8</size>
         <input_file_ref idref="fl-11b"/>
      </object_component>
      <object_component id="oc-4c7">
         <name>.text</name>
         <load_address>0x18088</load_address>
         <run_address>0x18088</run_address>
         <size>0x59c</size>
         <input_file_ref idref="fl-35"/>
      </object_component>
      <object_component id="oc-9ea">
         <name>.text</name>
         <load_address>0x18624</load_address>
         <run_address>0x18624</run_address>
         <size>0x2a0</size>
         <input_file_ref idref="fl-35"/>
      </object_component>
      <object_component id="oc-7ff">
         <name>.text</name>
         <load_address>0x188c4</load_address>
         <run_address>0x188c4</run_address>
         <size>0x170</size>
         <input_file_ref idref="fl-35"/>
      </object_component>
      <object_component id="oc-a82">
         <name>.text</name>
         <load_address>0x18a34</load_address>
         <run_address>0x18a34</run_address>
         <size>0x1c0</size>
         <input_file_ref idref="fl-36"/>
      </object_component>
      <object_component id="oc-847">
         <name>.text</name>
         <load_address>0x18bf4</load_address>
         <run_address>0x18bf4</run_address>
         <size>0x74</size>
         <input_file_ref idref="fl-36"/>
      </object_component>
      <object_component id="oc-817">
         <name>.text</name>
         <load_address>0x18c68</load_address>
         <run_address>0x18c68</run_address>
         <size>0x14</size>
         <input_file_ref idref="fl-38"/>
      </object_component>
      <object_component id="oc-bcf">
         <name>.text</name>
         <load_address>0x18c7c</load_address>
         <run_address>0x18c7c</run_address>
         <size>0x10</size>
         <input_file_ref idref="fl-3a"/>
      </object_component>
      <object_component id="oc-805">
         <name>.text</name>
         <load_address>0x18c8c</load_address>
         <run_address>0x18c8c</run_address>
         <size>0x34</size>
         <input_file_ref idref="fl-3a"/>
      </object_component>
      <object_component id="oc-a6b">
         <name>.text</name>
         <load_address>0x18cc0</load_address>
         <run_address>0x18cc0</run_address>
         <size>0x10</size>
         <input_file_ref idref="fl-3a"/>
      </object_component>
      <object_component id="oc-a65">
         <name>.text</name>
         <load_address>0x18cd0</load_address>
         <run_address>0x18cd0</run_address>
         <size>0x20c</size>
         <input_file_ref idref="fl-3a"/>
      </object_component>
      <object_component id="oc-a53">
         <name>.text</name>
         <load_address>0x18edc</load_address>
         <run_address>0x18edc</run_address>
         <size>0x20</size>
         <input_file_ref idref="fl-3a"/>
      </object_component>
      <object_component id="oc-a59">
         <name>.text</name>
         <load_address>0x18efc</load_address>
         <run_address>0x18efc</run_address>
         <size>0x1c0</size>
         <input_file_ref idref="fl-3a"/>
      </object_component>
      <object_component id="oc-a5f">
         <name>.text</name>
         <load_address>0x190bc</load_address>
         <run_address>0x190bc</run_address>
         <size>0x1a0</size>
         <input_file_ref idref="fl-3a"/>
      </object_component>
      <object_component id="oc-a4c">
         <name>.text</name>
         <load_address>0x1925c</load_address>
         <run_address>0x1925c</run_address>
         <size>0x3c</size>
         <input_file_ref idref="fl-3d"/>
      </object_component>
      <object_component id="oc-83b">
         <name>.text</name>
         <load_address>0x19298</load_address>
         <run_address>0x19298</run_address>
         <size>0x2b8</size>
         <input_file_ref idref="fl-3d"/>
      </object_component>
      <object_component id="oc-a88">
         <name>.text</name>
         <load_address>0x19550</load_address>
         <run_address>0x19550</run_address>
         <size>0x48</size>
         <input_file_ref idref="fl-3d"/>
      </object_component>
      <object_component id="oc-a7c">
         <name>.text</name>
         <load_address>0x19598</load_address>
         <run_address>0x19598</run_address>
         <size>0x128</size>
         <input_file_ref idref="fl-3d"/>
      </object_component>
      <object_component id="oc-811">
         <name>.text</name>
         <load_address>0x196c0</load_address>
         <run_address>0x196c0</run_address>
         <size>0x64</size>
         <input_file_ref idref="fl-3d"/>
      </object_component>
      <object_component id="oc-81d">
         <name>.text</name>
         <load_address>0x19724</load_address>
         <run_address>0x19724</run_address>
         <size>0x30</size>
         <input_file_ref idref="fl-3d"/>
      </object_component>
      <object_component id="oc-823">
         <name>.text</name>
         <load_address>0x19754</load_address>
         <run_address>0x19754</run_address>
         <size>0x14</size>
         <input_file_ref idref="fl-3d"/>
      </object_component>
      <object_component id="oc-82f">
         <name>.text</name>
         <load_address>0x19768</load_address>
         <run_address>0x19768</run_address>
         <size>0x34</size>
         <input_file_ref idref="fl-3d"/>
      </object_component>
      <object_component id="oc-80b">
         <name>.text</name>
         <load_address>0x1979c</load_address>
         <run_address>0x1979c</run_address>
         <size>0x38</size>
         <input_file_ref idref="fl-3d"/>
      </object_component>
      <object_component id="oc-a8e">
         <name>.text</name>
         <load_address>0x197d4</load_address>
         <run_address>0x197d4</run_address>
         <size>0xc</size>
         <input_file_ref idref="fl-3d"/>
      </object_component>
      <object_component id="oc-b8f">
         <name>.text</name>
         <load_address>0x197e0</load_address>
         <run_address>0x197e0</run_address>
         <size>0x38</size>
         <input_file_ref idref="fl-3d"/>
      </object_component>
      <object_component id="oc-829">
         <name>.text</name>
         <load_address>0x19818</load_address>
         <run_address>0x19818</run_address>
         <size>0xc</size>
         <input_file_ref idref="fl-3d"/>
      </object_component>
      <object_component id="oc-841">
         <name>.text</name>
         <load_address>0x19824</load_address>
         <run_address>0x19824</run_address>
         <size>0xa4</size>
         <input_file_ref idref="fl-3d"/>
      </object_component>
      <object_component id="oc-b84">
         <name>.text</name>
         <load_address>0x198c8</load_address>
         <run_address>0x198c8</run_address>
         <size>0x2</size>
         <input_file_ref idref="fl-42"/>
      </object_component>
      <object_component id="oc-87d">
         <name>.text:SM_p256KeyCB</name>
         <load_address>0x198ca</load_address>
         <run_address>0x198ca</run_address>
         <size>0x2</size>
         <input_file_ref idref="fl-17"/>
      </object_component>
      <object_component id="oc-4cd">
         <name>.text</name>
         <load_address>0x198cc</load_address>
         <run_address>0x198cc</run_address>
         <size>0x34</size>
         <input_file_ref idref="fl-43"/>
      </object_component>
      <object_component id="oc-9f0">
         <name>.text</name>
         <load_address>0x19900</load_address>
         <run_address>0x19900</run_address>
         <size>0x90</size>
         <input_file_ref idref="fl-43"/>
      </object_component>
      <object_component id="oc-7ed">
         <name>.text</name>
         <load_address>0x19990</load_address>
         <run_address>0x19990</run_address>
         <size>0xc</size>
         <input_file_ref idref="fl-43"/>
      </object_component>
      <object_component id="oc-7f3">
         <name>.text</name>
         <load_address>0x1999c</load_address>
         <run_address>0x1999c</run_address>
         <size>0xc</size>
         <input_file_ref idref="fl-43"/>
      </object_component>
      <object_component id="oc-7f9">
         <name>.text</name>
         <load_address>0x199a8</load_address>
         <run_address>0x199a8</run_address>
         <size>0xc</size>
         <input_file_ref idref="fl-43"/>
      </object_component>
      <object_component id="oc-b1e">
         <name>.text</name>
         <load_address>0x199b4</load_address>
         <run_address>0x199b4</run_address>
         <size>0x10</size>
         <input_file_ref idref="fl-48"/>
      </object_component>
      <object_component id="oc-89d">
         <name>.text</name>
         <load_address>0x199c4</load_address>
         <run_address>0x199c4</run_address>
         <size>0x88</size>
         <input_file_ref idref="fl-52"/>
      </object_component>
      <object_component id="oc-8a9">
         <name>.text</name>
         <load_address>0x19a4c</load_address>
         <run_address>0x19a4c</run_address>
         <size>0x3c</size>
         <input_file_ref idref="fl-52"/>
      </object_component>
      <object_component id="oc-8a3">
         <name>.text</name>
         <load_address>0x19a88</load_address>
         <run_address>0x19a88</run_address>
         <size>0x20</size>
         <input_file_ref idref="fl-52"/>
      </object_component>
      <object_component id="oc-ab3">
         <name>.text</name>
         <load_address>0x19aa8</load_address>
         <run_address>0x19aa8</run_address>
         <size>0x228</size>
         <input_file_ref idref="fl-52"/>
      </object_component>
      <object_component id="oc-b02">
         <name>.text</name>
         <load_address>0x19cd0</load_address>
         <run_address>0x19cd0</run_address>
         <size>0xc</size>
         <input_file_ref idref="fl-53"/>
      </object_component>
      <object_component id="oc-4d3">
         <name>.text</name>
         <load_address>0x19cdc</load_address>
         <run_address>0x19cdc</run_address>
         <size>0x5c</size>
         <input_file_ref idref="fl-53"/>
      </object_component>
      <object_component id="oc-9fc">
         <name>.text</name>
         <load_address>0x19d38</load_address>
         <run_address>0x19d38</run_address>
         <size>0x40</size>
         <input_file_ref idref="fl-53"/>
      </object_component>
      <object_component id="oc-8eb">
         <name>.text</name>
         <load_address>0x19d78</load_address>
         <run_address>0x19d78</run_address>
         <size>0x2e</size>
         <input_file_ref idref="fl-53"/>
      </object_component>
      <object_component id="oc-8f7">
         <name>.text</name>
         <load_address>0x19da6</load_address>
         <run_address>0x19da6</run_address>
         <size>0x24</size>
         <input_file_ref idref="fl-53"/>
      </object_component>
      <object_component id="oc-8fd">
         <name>.text</name>
         <load_address>0x19dca</load_address>
         <run_address>0x19dca</run_address>
         <size>0x26</size>
         <input_file_ref idref="fl-53"/>
      </object_component>
      <object_component id="oc-903">
         <name>.text</name>
         <load_address>0x19df0</load_address>
         <run_address>0x19df0</run_address>
         <size>0x18</size>
         <input_file_ref idref="fl-53"/>
      </object_component>
      <object_component id="oc-8f1">
         <name>.text</name>
         <load_address>0x19e08</load_address>
         <run_address>0x19e08</run_address>
         <size>0x1c</size>
         <input_file_ref idref="fl-53"/>
      </object_component>
      <object_component id="oc-859">
         <name>.text</name>
         <load_address>0x19e24</load_address>
         <run_address>0x19e24</run_address>
         <size>0x3c</size>
         <input_file_ref idref="fl-53"/>
      </object_component>
      <object_component id="oc-871">
         <name>.text</name>
         <load_address>0x19e60</load_address>
         <run_address>0x19e60</run_address>
         <size>0x30</size>
         <input_file_ref idref="fl-53"/>
      </object_component>
      <object_component id="oc-865">
         <name>.text</name>
         <load_address>0x19e90</load_address>
         <run_address>0x19e90</run_address>
         <size>0x64</size>
         <input_file_ref idref="fl-53"/>
      </object_component>
      <object_component id="oc-853">
         <name>.text</name>
         <load_address>0x19ef4</load_address>
         <run_address>0x19ef4</run_address>
         <size>0x50</size>
         <input_file_ref idref="fl-53"/>
      </object_component>
      <object_component id="oc-84d">
         <name>.text</name>
         <load_address>0x19f44</load_address>
         <run_address>0x19f44</run_address>
         <size>0x48</size>
         <input_file_ref idref="fl-53"/>
      </object_component>
      <object_component id="oc-85f">
         <name>.text</name>
         <load_address>0x19f8c</load_address>
         <run_address>0x19f8c</run_address>
         <size>0x1f8</size>
         <input_file_ref idref="fl-53"/>
      </object_component>
      <object_component id="oc-86b">
         <name>.text</name>
         <load_address>0x1a184</load_address>
         <run_address>0x1a184</run_address>
         <size>0x78</size>
         <input_file_ref idref="fl-53"/>
      </object_component>
      <object_component id="oc-af4">
         <name>.text</name>
         <load_address>0x1a1fc</load_address>
         <run_address>0x1a1fc</run_address>
         <size>0x1e</size>
         <input_file_ref idref="fl-53"/>
      </object_component>
      <object_component id="oc-877">
         <name>.text:SM_dhKeyCB</name>
         <load_address>0x1a21a</load_address>
         <run_address>0x1a21a</run_address>
         <size>0x2</size>
         <input_file_ref idref="fl-17"/>
      </object_component>
      <object_component id="oc-9ba">
         <name>.text</name>
         <load_address>0x1a21c</load_address>
         <run_address>0x1a21c</run_address>
         <size>0x3c</size>
         <input_file_ref idref="fl-53"/>
      </object_component>
      <object_component id="oc-723">
         <name>.text</name>
         <load_address>0x1a258</load_address>
         <run_address>0x1a258</run_address>
         <size>0x2c</size>
         <input_file_ref idref="fl-53"/>
      </object_component>
      <object_component id="oc-909">
         <name>.text</name>
         <load_address>0x1a284</load_address>
         <run_address>0x1a284</run_address>
         <size>0x3c</size>
         <input_file_ref idref="fl-53"/>
      </object_component>
      <object_component id="oc-491">
         <name>.text</name>
         <load_address>0x1a2c0</load_address>
         <run_address>0x1a2c0</run_address>
         <size>0x70</size>
         <input_file_ref idref="fl-10e"/>
      </object_component>
      <object_component id="oc-9d2">
         <name>.text</name>
         <load_address>0x1a330</load_address>
         <run_address>0x1a330</run_address>
         <size>0x18</size>
         <input_file_ref idref="fl-113"/>
      </object_component>
      <object_component id="oc-482">
         <name>.text</name>
         <load_address>0x1a348</load_address>
         <run_address>0x1a348</run_address>
         <size>0x9c</size>
         <input_file_ref idref="fl-116"/>
      </object_component>
      <object_component id="oc-48b">
         <name>.text</name>
         <load_address>0x1a3e4</load_address>
         <run_address>0x1a3e4</run_address>
         <size>0x7a</size>
         <input_file_ref idref="fl-117"/>
      </object_component>
      <object_component id="oc-9cd">
         <name>.text</name>
         <load_address>0x1a45e</load_address>
         <run_address>0x1a45e</run_address>
         <size>0x1f4</size>
         <input_file_ref idref="fl-11a"/>
      </object_component>
      <object_component id="oc-835">
         <name>.text:ROM_Spinlock</name>
         <load_address>0x1a652</load_address>
         <run_address>0x1a652</run_address>
         <size>0x16</size>
         <input_file_ref idref="fl-19"/>
      </object_component>
      <object_component id="oc-7e7">
         <name>.text:halAssertHandler</name>
         <load_address>0x1a668</load_address>
         <run_address>0x1a668</run_address>
         <size>0x2</size>
         <input_file_ref idref="fl-2"/>
      </object_component>
      <object_component id="oc-502">
         <name>.text:halAssertSpinlock</name>
         <load_address>0x1a66a</load_address>
         <run_address>0x1a66a</run_address>
         <size>0x2</size>
         <input_file_ref idref="fl-2"/>
      </object_component>
      <object_component id="oc-a2d">
         <name>.text:osalFindTimer</name>
         <load_address>0x1a66c</load_address>
         <run_address>0x1a66c</run_address>
         <size>0x20</size>
         <input_file_ref idref="fl-13"/>
      </object_component>
      <object_component id="oc-7cf">
         <name>.text:osal_rand</name>
         <load_address>0x1a68c</load_address>
         <run_address>0x1a68c</run_address>
         <size>0x10</size>
         <input_file_ref idref="fl-c"/>
      </object_component>
      <object_component id="oc-7c9">
         <name>.text:osal_memcmp</name>
         <load_address>0x1a69c</load_address>
         <run_address>0x1a69c</run_address>
         <size>0x20</size>
         <input_file_ref idref="fl-c"/>
      </object_component>
      <object_component id="oc-76f">
         <name>.text:osal_memcpy</name>
         <load_address>0x1a6bc</load_address>
         <run_address>0x1a6bc</run_address>
         <size>0x18</size>
         <input_file_ref idref="fl-c"/>
      </object_component>
      <object_component id="oc-7c3">
         <name>.text:osal_memdup</name>
         <load_address>0x1a6d4</load_address>
         <run_address>0x1a6d4</run_address>
         <size>0x1c</size>
         <input_file_ref idref="fl-c"/>
      </object_component>
      <object_component id="oc-a26">
         <name>.text:osalAddTimer</name>
         <load_address>0x1a6f0</load_address>
         <run_address>0x1a6f0</run_address>
         <size>0x48</size>
         <input_file_ref idref="fl-13"/>
      </object_component>
      <object_component id="oc-7a5">
         <name>.text:osal_isbufset</name>
         <load_address>0x1a738</load_address>
         <run_address>0x1a738</run_address>
         <size>0x1a</size>
         <input_file_ref idref="fl-c"/>
      </object_component>
      <object_component id="oc-79f">
         <name>.text:osal_build_uint32</name>
         <load_address>0x1a752</load_address>
         <run_address>0x1a752</run_address>
         <size>0x2e</size>
         <input_file_ref idref="fl-c"/>
      </object_component>
      <object_component id="oc-799">
         <name>.text:osal_buffer_uint32</name>
         <load_address>0x1a780</load_address>
         <run_address>0x1a780</run_address>
         <size>0x18</size>
         <input_file_ref idref="fl-c"/>
      </object_component>
      <object_component id="oc-a1c">
         <name>.text:bm_desc_from_payload$11</name>
         <load_address>0x1a798</load_address>
         <run_address>0x1a798</run_address>
         <size>0x24</size>
         <input_file_ref idref="fl-d"/>
      </object_component>
      <object_component id="oc-793">
         <name>.text:osal_bm_adjust_header</name>
         <load_address>0x1a7bc</load_address>
         <run_address>0x1a7bc</run_address>
         <size>0x28</size>
         <input_file_ref idref="fl-d"/>
      </object_component>
      <object_component id="oc-77b">
         <name>.text:osal_msg_allocate</name>
         <load_address>0x1a7e4</load_address>
         <run_address>0x1a7e4</run_address>
         <size>0x24</size>
         <input_file_ref idref="fl-c"/>
      </object_component>
      <object_component id="oc-98d">
         <name>.text:osal_self</name>
         <load_address>0x1a808</load_address>
         <run_address>0x1a808</run_address>
         <size>0xc</size>
         <input_file_ref idref="fl-c"/>
      </object_component>
      <object_component id="oc-4c1">
         <name>.text:osal_memset</name>
         <load_address>0x1a814</load_address>
         <run_address>0x1a814</run_address>
         <size>0x4</size>
         <input_file_ref idref="fl-c"/>
      </object_component>
      <object_component id="oc-775">
         <name>.text:osal_revmemcpy</name>
         <load_address>0x1a818</load_address>
         <run_address>0x1a818</run_address>
         <size>0x1c</size>
         <input_file_ref idref="fl-c"/>
      </object_component>
      <object_component id="oc-6d0">
         <name>.text:HalFlashGetAddress</name>
         <load_address>0x1a834</load_address>
         <run_address>0x1a834</run_address>
         <size>0x20</size>
         <input_file_ref idref="fl-3"/>
      </object_component>
      <object_component id="oc-b0a">
         <name>.text:gapBondMgrFindAddr$19</name>
         <load_address>0x1a854</load_address>
         <run_address>0x1a854</run_address>
         <size>0x2c</size>
         <input_file_ref idref="fl-15"/>
      </object_component>
      <object_component id="oc-ae2">
         <name>.text:gapBondMgrGetStateFlags$19</name>
         <load_address>0x1a880</load_address>
         <run_address>0x1a880</run_address>
         <size>0x26</size>
         <input_file_ref idref="fl-15"/>
      </object_component>
      <object_component id="oc-926">
         <name>.text:GAPBondMgr_SupportsEnhancedPriv</name>
         <load_address>0x1a8a6</load_address>
         <run_address>0x1a8a6</run_address>
         <size>0x1c</size>
         <input_file_ref idref="fl-15"/>
      </object_component>
      <object_component id="oc-6c2">
         <name>.text</name>
         <load_address>0x1a8c2</load_address>
         <run_address>0x1a8c2</run_address>
         <size>0x2</size>
         <input_file_ref idref="fl-118"/>
      </object_component>
      <object_component id="oc-8d3">
         <name>.text:GAPBondMgr_ResolveAddr</name>
         <load_address>0x1a8c4</load_address>
         <run_address>0x1a8c4</run_address>
         <size>0xa4</size>
         <input_file_ref idref="fl-15"/>
      </object_component>
      <object_component id="oc-aee">
         <name>.text:gapBondMgrInvertCharCfgItem$19</name>
         <load_address>0x1a968</load_address>
         <run_address>0x1a968</run_address>
         <size>0x1e</size>
         <input_file_ref idref="fl-15"/>
      </object_component>
      <object_component id="oc-bbe">
         <name>.text:gapBondMgrFindCharCfgItem$19</name>
         <load_address>0x1a986</load_address>
         <run_address>0x1a986</run_address>
         <size>0x18</size>
         <input_file_ref idref="fl-15"/>
      </object_component>
      <object_component id="oc-b5e">
         <name>.text:Onboard_soft_reset</name>
         <load_address>0x1a99e</load_address>
         <run_address>0x1a99e</run_address>
         <size>0x2</size>
         <input_file_ref idref="fl-1d"/>
      </object_component>
      <object_component id="oc-915">
         <name>.text:buildRevision</name>
         <load_address>0x1a9a0</load_address>
         <run_address>0x1a9a0</run_address>
         <size>0x28</size>
         <input_file_ref idref="fl-9"/>
      </object_component>
      <object_component id="oc-8e5">
         <name>.text:GAP_DeviceInit</name>
         <load_address>0x1a9c8</load_address>
         <run_address>0x1a9c8</run_address>
         <size>0x42</size>
         <input_file_ref idref="fl-14"/>
      </object_component>
      <object_component id="oc-b18">
         <name>.text:gapBondMgrAuthenticate$19</name>
         <load_address>0x1aa0c</load_address>
         <run_address>0x1aa0c</run_address>
         <size>0x190</size>
         <input_file_ref idref="fl-15"/>
      </object_component>
      <object_component id="oc-afa">
         <name>.text:gapBondMgrUpdateLruBondList$19</name>
         <load_address>0x1ab9c</load_address>
         <run_address>0x1ab9c</run_address>
         <size>0x48</size>
         <input_file_ref idref="fl-15"/>
      </object_component>
      <object_component id="oc-72c">
         <name>.text:gapBondMgr_SyncWhiteList$19</name>
         <load_address>0x1abe4</load_address>
         <run_address>0x1abe4</run_address>
         <size>0x30</size>
         <input_file_ref idref="fl-15"/>
      </object_component>
      <object_component id="oc-9c4">
         <name>.text:gapBondMgrBondTotal$19</name>
         <load_address>0x1ac14</load_address>
         <run_address>0x1ac14</run_address>
         <size>0x28</size>
         <input_file_ref idref="fl-15"/>
      </object_component>
      <object_component id="oc-732">
         <name>.text:gapBondSetupPrivFlag$19</name>
         <load_address>0x1ac3c</load_address>
         <run_address>0x1ac3c</run_address>
         <size>0x1e</size>
         <input_file_ref idref="fl-15"/>
      </object_component>
      <object_component id="oc-b24">
         <name>.text:gapBondMgrAddBond$19</name>
         <load_address>0x1ac5c</load_address>
         <run_address>0x1ac5c</run_address>
         <size>0x1d0</size>
         <input_file_ref idref="fl-15"/>
      </object_component>
      <object_component id="oc-b71">
         <name>.text:gapBondFreeAuthEvt$19</name>
         <load_address>0x1ae2c</load_address>
         <run_address>0x1ae2c</run_address>
         <size>0x1c</size>
         <input_file_ref idref="fl-15"/>
      </object_component>
      <object_component id="oc-ace">
         <name>.text:gapBondMgrEraseBonding$19</name>
         <load_address>0x1ae48</load_address>
         <run_address>0x1ae48</run_address>
         <size>0x130</size>
         <input_file_ref idref="fl-15"/>
      </object_component>
      <object_component id="oc-ada">
         <name>.text:gapBondMgrEraseAllBondings$19</name>
         <load_address>0x1af78</load_address>
         <run_address>0x1af78</run_address>
         <size>0x16</size>
         <input_file_ref idref="fl-15"/>
      </object_component>
      <object_component id="oc-8cd">
         <name>.text:GAPBondMgr_PasscodeRsp</name>
         <load_address>0x1af90</load_address>
         <run_address>0x1af90</run_address>
         <size>0x30</size>
         <input_file_ref idref="fl-15"/>
      </object_component>
      <object_component id="oc-8c7">
         <name>.text:GAPBondMgr_Register</name>
         <load_address>0x1afc0</load_address>
         <run_address>0x1afc0</run_address>
         <size>0x1c</size>
         <input_file_ref idref="fl-15"/>
      </object_component>
      <object_component id="oc-ae8">
         <name>.text:gapBondMgrBondReq$19</name>
         <load_address>0x1afdc</load_address>
         <run_address>0x1afdc</run_address>
         <size>0x74</size>
         <input_file_ref idref="fl-15"/>
      </object_component>
      <object_component id="oc-8bb">
         <name>.text:GAPBondMgr_LinkEst</name>
         <load_address>0x1b050</load_address>
         <run_address>0x1b050</run_address>
         <size>0xec</size>
         <input_file_ref idref="fl-15"/>
      </object_component>
      <object_component id="oc-8b5">
         <name>.text:GAPBondMgr_GetParameter</name>
         <load_address>0x1b13c</load_address>
         <run_address>0x1b13c</run_address>
         <size>0xf8</size>
         <input_file_ref idref="fl-15"/>
      </object_component>
      <object_component id="oc-4d9">
         <name>.text:gapBondMgrReadBonds$19</name>
         <load_address>0x1b234</load_address>
         <run_address>0x1b234</run_address>
         <size>0x58</size>
         <input_file_ref idref="fl-15"/>
      </object_component>
      <object_component id="oc-8af">
         <name>.text:GAPBondMgr_SetParameter</name>
         <load_address>0x1b28c</load_address>
         <run_address>0x1b28c</run_address>
         <size>0x264</size>
         <input_file_ref idref="fl-15"/>
      </object_component>
      <object_component id="oc-897">
         <name>.text:icall_liteErrorFunction</name>
         <load_address>0x1b4f0</load_address>
         <run_address>0x1b4f0</run_address>
         <size>0x6</size>
         <input_file_ref idref="fl-9"/>
      </object_component>
      <object_component id="oc-6de">
         <name>.text:enableCache$16</name>
         <load_address>0x1b4f8</load_address>
         <run_address>0x1b4f8</run_address>
         <size>0x1c</size>
         <input_file_ref idref="fl-12"/>
      </object_component>
      <object_component id="oc-6f3">
         <name>.text:NOROM_FlashSectorErase</name>
         <load_address>0x1b514</load_address>
         <run_address>0x1b514</run_address>
         <size>0x1c</size>
         <input_file_ref idref="fl-30"/>
      </object_component>
      <object_component id="oc-4af">
         <name>.text:erasePage$16</name>
         <load_address>0x1b530</load_address>
         <run_address>0x1b530</run_address>
         <size>0x3c</size>
         <input_file_ref idref="fl-12"/>
      </object_component>
      <object_component id="oc-981">
         <name>.text:NOROM_FlashProgram</name>
         <load_address>0x1b56c</load_address>
         <run_address>0x1b56c</run_address>
         <size>0x1c</size>
         <input_file_ref idref="fl-30"/>
      </object_component>
      <object_component id="oc-6e4">
         <name>.text:HalFlashWrite</name>
         <load_address>0x1b588</load_address>
         <run_address>0x1b588</run_address>
         <size>0xa</size>
         <input_file_ref idref="fl-3"/>
      </object_component>
      <object_component id="oc-4b5">
         <name>.text:setActivePage$16</name>
         <load_address>0x1b592</load_address>
         <run_address>0x1b592</run_address>
         <size>0x14</size>
         <input_file_ref idref="fl-12"/>
      </object_component>
      <object_component id="oc-4a9">
         <name>.text:compactPage$16</name>
         <load_address>0x1b5a8</load_address>
         <run_address>0x1b5a8</run_address>
         <size>0x11c</size>
         <input_file_ref idref="fl-12"/>
      </object_component>
      <object_component id="oc-ad4">
         <name>.text:osal_snv_compact</name>
         <load_address>0x1b6c4</load_address>
         <run_address>0x1b6c4</run_address>
         <size>0x28</size>
         <input_file_ref idref="fl-12"/>
      </object_component>
      <object_component id="oc-8c1">
         <name>.text:GAPBondMgr_LinkTerm</name>
         <load_address>0x1b6ec</load_address>
         <run_address>0x1b6ec</run_address>
         <size>0x50</size>
         <input_file_ref idref="fl-15"/>
      </object_component>
      <object_component id="oc-8df">
         <name>.text:GAPBondMgr_ProcessGAPMsg</name>
         <load_address>0x1b73c</load_address>
         <run_address>0x1b73c</run_address>
         <size>0x1bc</size>
         <input_file_ref idref="fl-15"/>
      </object_component>
      <object_component id="oc-9f6">
         <name>.text:osal_CbTimerProcessEvent</name>
         <load_address>0x1b8f8</load_address>
         <run_address>0x1b8f8</run_address>
         <size>0x90</size>
         <input_file_ref idref="fl-e"/>
      </object_component>
      <object_component id="oc-6d8">
         <name>.text:disableCache$16</name>
         <load_address>0x1b988</load_address>
         <run_address>0x1b988</run_address>
         <size>0x38</size>
         <input_file_ref idref="fl-12"/>
      </object_component>
      <object_component id="oc-6fa">
         <name>.text:writeWord$16</name>
         <load_address>0x1b9c0</load_address>
         <run_address>0x1b9c0</run_address>
         <size>0x88</size>
         <input_file_ref idref="fl-12"/>
      </object_component>
      <object_component id="oc-b34">
         <name>.text:setXferPage$16</name>
         <load_address>0x1ba48</load_address>
         <run_address>0x1ba48</run_address>
         <size>0x10</size>
         <input_file_ref idref="fl-12"/>
      </object_component>
      <object_component id="oc-90f">
         <name>.text:osal_snv_write</name>
         <load_address>0x1ba58</load_address>
         <run_address>0x1ba58</run_address>
         <size>0xf8</size>
         <input_file_ref idref="fl-12"/>
      </object_component>
      <object_component id="oc-b11">
         <name>.text:gapBondMgrUpdateCharCfg$19</name>
         <load_address>0x1bb50</load_address>
         <run_address>0x1bb50</run_address>
         <size>0x9e</size>
         <input_file_ref idref="fl-15"/>
      </object_component>
      <object_component id="oc-8d9">
         <name>.text:GAPBondMgr_UpdateCharCfg</name>
         <load_address>0x1bbee</load_address>
         <run_address>0x1bbee</run_address>
         <size>0x50</size>
         <input_file_ref idref="fl-15"/>
      </object_component>
      <object_component id="oc-a02">
         <name>.text:GAPBondMgr_ProcessEvent</name>
         <load_address>0x1bc40</load_address>
         <run_address>0x1bc40</run_address>
         <size>0x144</size>
         <input_file_ref idref="fl-15"/>
      </object_component>
      <object_component id="oc-a08">
         <name>.text:ble_dispatch_liteProcess</name>
         <load_address>0x1bd84</load_address>
         <run_address>0x1bd84</run_address>
         <size>0x74</size>
         <input_file_ref idref="fl-9"/>
      </object_component>
      <object_component id="oc-49d">
         <name>.text:HalFlashRead</name>
         <load_address>0x1bdf8</load_address>
         <run_address>0x1bdf8</run_address>
         <size>0x30</size>
         <input_file_ref idref="fl-3"/>
      </object_component>
      <object_component id="oc-739">
         <name>.text:findItem$16</name>
         <load_address>0x1be28</load_address>
         <run_address>0x1be28</run_address>
         <size>0x58</size>
         <input_file_ref idref="fl-12"/>
      </object_component>
      <object_component id="oc-4df">
         <name>.text:osal_snv_read</name>
         <load_address>0x1be80</load_address>
         <run_address>0x1be80</run_address>
         <size>0x1e</size>
         <input_file_ref idref="fl-12"/>
      </object_component>
      <object_component id="oc-92c">
         <name>.text:gapBondMgr_gapIdle$19</name>
         <load_address>0x1bea0</load_address>
         <run_address>0x1bea0</run_address>
         <size>0x7c</size>
         <input_file_ref idref="fl-15"/>
      </object_component>
      <object_component id="oc-787">
         <name>.text:osal_msg_receive</name>
         <load_address>0x1bf1c</load_address>
         <run_address>0x1bf1c</run_address>
         <size>0x94</size>
         <input_file_ref idref="fl-c"/>
      </object_component>
      <object_component id="oc-993">
         <name>.text:osal_proxy2alien$10</name>
         <load_address>0x1bfb0</load_address>
         <run_address>0x1bfb0</run_address>
         <size>0x24</size>
         <input_file_ref idref="fl-c"/>
      </object_component>
      <object_component id="oc-709">
         <name>.text:osal_set_event</name>
         <load_address>0x1bfd4</load_address>
         <run_address>0x1bfd4</run_address>
         <size>0xc0</size>
         <input_file_ref idref="fl-c"/>
      </object_component>
      <object_component id="oc-9d7">
         <name>.text:osalTimerUpdate</name>
         <load_address>0x1c094</load_address>
         <run_address>0x1c094</run_address>
         <size>0xec</size>
         <input_file_ref idref="fl-13"/>
      </object_component>
      <object_component id="oc-746">
         <name>.text:osal_timer_refTimeUpdate</name>
         <load_address>0x1c180</load_address>
         <run_address>0x1c180</run_address>
         <size>0x90</size>
         <input_file_ref idref="fl-13"/>
      </object_component>
      <object_component id="oc-7ab">
         <name>.text:osal_start_timerEx</name>
         <load_address>0x1c210</load_address>
         <run_address>0x1c210</run_address>
         <size>0x44</size>
         <input_file_ref idref="fl-13"/>
      </object_component>
      <object_component id="oc-7b7">
         <name>.text:osal_start_reload_timer</name>
         <load_address>0x1c254</load_address>
         <run_address>0x1c254</run_address>
         <size>0x38</size>
         <input_file_ref idref="fl-13"/>
      </object_component>
      <object_component id="oc-7bd">
         <name>.text:osal_clear_event</name>
         <load_address>0x1c28c</load_address>
         <run_address>0x1c28c</run_address>
         <size>0x34</size>
         <input_file_ref idref="fl-c"/>
      </object_component>
      <object_component id="oc-a39">
         <name>.text:cbTimerSetup$12</name>
         <load_address>0x1c2c0</load_address>
         <run_address>0x1c2c0</run_address>
         <size>0x9c</size>
         <input_file_ref idref="fl-e"/>
      </object_component>
      <object_component id="oc-7d5">
         <name>.text:osal_CbTimerStart</name>
         <load_address>0x1c35c</load_address>
         <run_address>0x1c35c</run_address>
         <size>0xc</size>
         <input_file_ref idref="fl-e"/>
      </object_component>
      <object_component id="oc-7b1">
         <name>.text:osal_stop_timerEx</name>
         <load_address>0x1c368</load_address>
         <run_address>0x1c368</run_address>
         <size>0x34</size>
         <input_file_ref idref="fl-13"/>
      </object_component>
      <object_component id="oc-7db">
         <name>.text:osal_CbTimerStop</name>
         <load_address>0x1c39c</load_address>
         <run_address>0x1c39c</run_address>
         <size>0x58</size>
         <input_file_ref idref="fl-e"/>
      </object_component>
      <object_component id="oc-a41">
         <name>.text:osal_get_timeoutEx</name>
         <load_address>0x1c3f4</load_address>
         <run_address>0x1c3f4</run_address>
         <size>0x2c</size>
         <input_file_ref idref="fl-13"/>
      </object_component>
      <object_component id="oc-7e1">
         <name>.text:osal_CbTimerUpdate</name>
         <load_address>0x1c420</load_address>
         <run_address>0x1c420</run_address>
         <size>0x68</size>
         <input_file_ref idref="fl-e"/>
      </object_component>
      <object_component id="oc-497">
         <name>.text:halAssertHandlerExt</name>
         <load_address>0x1c488</load_address>
         <run_address>0x1c488</run_address>
         <size>0x1c</size>
         <input_file_ref idref="fl-2"/>
      </object_component>
      <object_component id="oc-758">
         <name>.text:osal_msec_timer_cback$10</name>
         <load_address>0x1c4a4</load_address>
         <run_address>0x1c4a4</run_address>
         <size>0x34</size>
         <input_file_ref idref="fl-c"/>
      </object_component>
      <object_component id="oc-4bb">
         <name>.text:osal_mem_alloc</name>
         <load_address>0x1c4d8</load_address>
         <run_address>0x1c4d8</run_address>
         <size>0x10</size>
         <input_file_ref idref="fl-10"/>
      </object_component>
      <object_component id="oc-78d">
         <name>.text:osal_bm_alloc</name>
         <load_address>0x1c4e8</load_address>
         <run_address>0x1c4e8</run_address>
         <size>0x38</size>
         <input_file_ref idref="fl-d"/>
      </object_component>
      <object_component id="oc-4f1">
         <name>.text:bleDispatch_BMAlloc</name>
         <load_address>0x1c520</load_address>
         <run_address>0x1c520</run_address>
         <size>0x2c</size>
         <input_file_ref idref="fl-9"/>
      </object_component>
      <object_component id="oc-769">
         <name>.text:osal_bm_free</name>
         <load_address>0x1c54c</load_address>
         <run_address>0x1c54c</run_address>
         <size>0x4c</size>
         <input_file_ref idref="fl-d"/>
      </object_component>
      <object_component id="oc-4f7">
         <name>.text:bleDispatch_BMFree</name>
         <load_address>0x1c598</load_address>
         <run_address>0x1c598</run_address>
         <size>0x18</size>
         <input_file_ref idref="fl-9"/>
      </object_component>
      <object_component id="oc-74c">
         <name>.text:osal_alien2proxy</name>
         <load_address>0x1c5b0</load_address>
         <run_address>0x1c5b0</run_address>
         <size>0x38</size>
         <input_file_ref idref="fl-c"/>
      </object_component>
      <object_component id="oc-50e">
         <name>.text:osal_service_entry</name>
         <load_address>0x1c5e8</load_address>
         <run_address>0x1c5e8</run_address>
         <size>0x24</size>
         <input_file_ref idref="fl-c"/>
      </object_component>
      <object_component id="oc-703">
         <name>.text:osal_mem_free</name>
         <load_address>0x1c60c</load_address>
         <run_address>0x1c60c</run_address>
         <size>0x10</size>
         <input_file_ref idref="fl-10"/>
      </object_component>
      <object_component id="oc-781">
         <name>.text:osal_msg_deallocate</name>
         <load_address>0x1c61c</load_address>
         <run_address>0x1c61c</run_address>
         <size>0x20</size>
         <input_file_ref idref="fl-c"/>
      </object_component>
      <object_component id="oc-9e2">
         <name>.text:osal_msg_enqueue_push$10</name>
         <load_address>0x1c63c</load_address>
         <run_address>0x1c63c</run_address>
         <size>0xa4</size>
         <input_file_ref idref="fl-c"/>
      </object_component>
      <object_component id="oc-752">
         <name>.text:osal_msg_send</name>
         <load_address>0x1c6e0</load_address>
         <run_address>0x1c6e0</run_address>
         <size>0x6c</size>
         <input_file_ref idref="fl-c"/>
      </object_component>
      <object_component id="oc-51a">
         <name>.text:icall_liteMsgParser</name>
         <load_address>0x1c74c</load_address>
         <run_address>0x1c74c</run_address>
         <size>0x18</size>
         <input_file_ref idref="fl-9"/>
      </object_component>
      <object_component id="oc-4a3">
         <name>.text:findOffset$16</name>
         <load_address>0x1c764</load_address>
         <run_address>0x1c764</run_address>
         <size>0x2c</size>
         <input_file_ref idref="fl-12"/>
      </object_component>
      <object_component id="oc-740">
         <name>.text:osal_next_timeout</name>
         <load_address>0x1c790</load_address>
         <run_address>0x1c790</run_address>
         <size>0x28</size>
         <input_file_ref idref="fl-13"/>
      </object_component>
      <object_component id="oc-4e5">
         <name>.text:osal_start_system</name>
         <load_address>0x1c7b8</load_address>
         <run_address>0x1c7b8</run_address>
         <size>0x1c0</size>
         <input_file_ref idref="fl-c"/>
      </object_component>
      <object_component id="oc-aa3">
         <name>.text:osal_strlen</name>
         <load_address>0x1c978</load_address>
         <run_address>0x1c978</run_address>
         <size>0x14</size>
         <input_file_ref idref="fl-c"/>
      </object_component>
      <object_component id="oc-6bc">
         <name>.text</name>
         <load_address>0x1c98c</load_address>
         <run_address>0x1c98c</run_address>
         <size>0x4c</size>
         <input_file_ref idref="fl-112"/>
      </object_component>
      <object_component id="oc-22">
         <name>.text:decompress:ZI</name>
         <load_address>0x1c9d8</load_address>
         <run_address>0x1c9d8</run_address>
         <size>0xc</size>
         <input_file_ref idref="fl-111"/>
      </object_component>
      <object_component id="oc-1c">
         <name>.text:decompress:none</name>
         <load_address>0x1c9e4</load_address>
         <run_address>0x1c9e4</run_address>
         <size>0xe</size>
         <input_file_ref idref="fl-110"/>
      </object_component>
      <object_component id="oc-16">
         <name>.text:decompress:lzss</name>
         <load_address>0x1c9f2</load_address>
         <run_address>0x1c9f2</run_address>
         <size>0x68</size>
         <input_file_ref idref="fl-10f"/>
      </object_component>
      <object_component id="oc-b67">
         <name>.text:NPI_WriteTransport</name>
         <load_address>0x1ca5c</load_address>
         <run_address>0x1ca5c</run_address>
         <size>0x50</size>
         <input_file_ref idref="fl-b"/>
      </object_component>
      <object_component id="oc-b9c">
         <name>.text:gattServApp_FindCharCfgItem$20</name>
         <load_address>0x1caac</load_address>
         <run_address>0x1caac</run_address>
         <size>0x20</size>
         <input_file_ref idref="fl-16"/>
      </object_component>
      <object_component id="oc-a9d">
         <name>.text:GATTServApp_ReadCharCfg</name>
         <load_address>0x1cacc</load_address>
         <run_address>0x1cacc</run_address>
         <size>0x10</size>
         <input_file_ref idref="fl-16"/>
      </object_component>
      <object_component id="oc-b4b">
         <name>.text:GATTServApp_InitCharCfg</name>
         <load_address>0x1cadc</load_address>
         <run_address>0x1cadc</run_address>
         <size>0x34</size>
         <input_file_ref idref="fl-16"/>
      </object_component>
      <object_component id="oc-c2e">
         <name>.tramp.LL_ENC_GenerateTrueRandNum.1</name>
         <load_address>0x1cb10</load_address>
         <run_address>0x1cb10</run_address>
         <size>0x8</size>
         <input_file_ref idref="fl-2a"/>
      </object_component>
      <object_component id="oc-c2f">
         <name>.tramp.LL_PRIV_GenerateRSA.1</name>
         <load_address>0x1cb18</load_address>
         <run_address>0x1cb18</run_address>
         <size>0x8</size>
         <input_file_ref idref="fl-2a"/>
      </object_component>
      <object_component id="oc-c30">
         <name>.tramp.LL_ENC_Init.1</name>
         <load_address>0x1cb20</load_address>
         <run_address>0x1cb20</run_address>
         <size>0x8</size>
         <input_file_ref idref="fl-2a"/>
      </object_component>
      <object_component id="oc-c33">
         <name>.tramp.LL_EnhancedConnectionCompleteCback.1</name>
         <load_address>0x1cb28</load_address>
         <run_address>0x1cb28</run_address>
         <size>0x8</size>
         <input_file_ref idref="fl-2a"/>
      </object_component>
      <object_component id="oc-c35">
         <name>.tramp.LL_PRIV_IsZeroIRK.1</name>
         <load_address>0x1cb30</load_address>
         <run_address>0x1cb30</run_address>
         <size>0x8</size>
         <input_file_ref idref="fl-2a"/>
      </object_component>
      <object_component id="oc-c36">
         <name>.tramp.LL_PRIV_IsRPA.1</name>
         <load_address>0x1cb38</load_address>
         <run_address>0x1cb38</run_address>
         <size>0x8</size>
         <input_file_ref idref="fl-2a"/>
      </object_component>
      <object_component id="oc-c37">
         <name>.tramp.LL_PRIV_IsResolvable.1</name>
         <load_address>0x1cb40</load_address>
         <run_address>0x1cb40</run_address>
         <size>0x8</size>
         <input_file_ref idref="fl-2a"/>
      </object_component>
      <object_component id="oc-c38">
         <name>.tramp.LL_PRIV_FindPeerInRL.1</name>
         <load_address>0x1cb48</load_address>
         <run_address>0x1cb48</run_address>
         <size>0x8</size>
         <input_file_ref idref="fl-2a"/>
      </object_component>
      <object_component id="oc-c3a">
         <name>.tramp.LL_PRIV_IsIDA.1</name>
         <load_address>0x1cb50</load_address>
         <run_address>0x1cb50</run_address>
         <size>0x8</size>
         <input_file_ref idref="fl-2a"/>
      </object_component>
      <object_component id="oc-c3b">
         <name>.tramp.LL_PRIV_GenerateRPA.1</name>
         <load_address>0x1cb58</load_address>
         <run_address>0x1cb58</run_address>
         <size>0x8</size>
         <input_file_ref idref="fl-2a"/>
      </object_component>
      <object_component id="oc-c3d">
         <name>.tramp.HCI_HardwareErrorEvent.1</name>
         <load_address>0x1cb60</load_address>
         <run_address>0x1cb60</run_address>
         <size>0x8</size>
         <input_file_ref idref="fl-2a"/>
      </object_component>
      <object_component id="oc-c3f">
         <name>.tramp.llRfSetup.1</name>
         <load_address>0x1cb68</load_address>
         <run_address>0x1cb68</run_address>
         <size>0x8</size>
         <input_file_ref idref="fl-2a"/>
      </object_component>
      <object_component id="oc-c41">
         <name>.tramp.llRfInit.1</name>
         <load_address>0x1cb70</load_address>
         <run_address>0x1cb70</run_address>
         <size>0x8</size>
         <input_file_ref idref="fl-2a"/>
      </object_component>
      <object_component id="oc-c42">
         <name>.tramp.WL_Init.1</name>
         <load_address>0x1cb78</load_address>
         <run_address>0x1cb78</run_address>
         <size>0x8</size>
         <input_file_ref idref="fl-2a"/>
      </object_component>
      <object_component id="oc-c43">
         <name>.tramp.LL_ClearWhiteList.1</name>
         <load_address>0x1cb80</load_address>
         <run_address>0x1cb80</run_address>
         <size>0x8</size>
         <input_file_ref idref="fl-2a"/>
      </object_component>
      <object_component id="oc-c44">
         <name>.tramp.llConnCleanup.1</name>
         <load_address>0x1cb88</load_address>
         <run_address>0x1cb88</run_address>
         <size>0x8</size>
         <input_file_ref idref="fl-2a"/>
      </object_component>
      <object_component id="oc-c45">
         <name>.tramp.llReleaseAllConnId.1</name>
         <load_address>0x1cb90</load_address>
         <run_address>0x1cb90</run_address>
         <size>0x8</size>
         <input_file_ref idref="fl-2a"/>
      </object_component>
      <object_component id="oc-c47">
         <name>.tramp.llInitFeatureSet.1</name>
         <load_address>0x1cb98</load_address>
         <run_address>0x1cb98</run_address>
         <size>0x8</size>
         <input_file_ref idref="fl-2a"/>
      </object_component>
      <object_component id="oc-c48">
         <name>.tramp.LL_PRIV_Init.1</name>
         <load_address>0x1cba0</load_address>
         <run_address>0x1cba0</run_address>
         <size>0x8</size>
         <input_file_ref idref="fl-2a"/>
      </object_component>
      <object_component id="oc-c49">
         <name>.tramp.llGetCurrentTime.1</name>
         <load_address>0x1cba8</load_address>
         <run_address>0x1cba8</run_address>
         <size>0x8</size>
         <input_file_ref idref="fl-2a"/>
      </object_component>
      <object_component id="oc-c4a">
         <name>.tramp.llRealignConn.1</name>
         <load_address>0x1cbb0</load_address>
         <run_address>0x1cbb0</run_address>
         <size>0x8</size>
         <input_file_ref idref="fl-2a"/>
      </object_component>
      <object_component id="oc-c4b">
         <name>.tramp.llHardwareError.1</name>
         <load_address>0x1cbb8</load_address>
         <run_address>0x1cbb8</run_address>
         <size>0x8</size>
         <input_file_ref idref="fl-2a"/>
      </object_component>
      <object_component id="oc-c4c">
         <name>.tramp.llSortActiveConns.1</name>
         <load_address>0x1cbc0</load_address>
         <run_address>0x1cbc0</run_address>
         <size>0x8</size>
         <input_file_ref idref="fl-2a"/>
      </object_component>
      <object_component id="oc-c4d">
         <name>.tramp.llGetMinCI.1</name>
         <load_address>0x1cbc8</load_address>
         <run_address>0x1cbc8</run_address>
         <size>0x8</size>
         <input_file_ref idref="fl-2a"/>
      </object_component>
      <object_component id="oc-c4e">
         <name>.tramp.llTimeCompare.1</name>
         <load_address>0x1cbd0</load_address>
         <run_address>0x1cbd0</run_address>
         <size>0x8</size>
         <input_file_ref idref="fl-2a"/>
      </object_component>
      <object_component id="oc-c4f">
         <name>.tramp.llVerifyConnParamReqParams.1</name>
         <load_address>0x1cbd8</load_address>
         <run_address>0x1cbd8</run_address>
         <size>0x8</size>
         <input_file_ref idref="fl-2a"/>
      </object_component>
      <object_component id="oc-c55">
         <name>.tramp.llResetRadio.1</name>
         <load_address>0x1cbe0</load_address>
         <run_address>0x1cbe0</run_address>
         <size>0x8</size>
         <input_file_ref idref="fl-2a"/>
      </object_component>
      <object_component id="oc-c56">
         <name>.tramp.llProcessTxData.1</name>
         <load_address>0x1cbe8</load_address>
         <run_address>0x1cbe8</run_address>
         <size>0x8</size>
         <input_file_ref idref="fl-2a"/>
      </object_component>
      <object_component id="oc-c58">
         <name>.tramp.WL_FindEntry.1</name>
         <load_address>0x1cbf0</load_address>
         <run_address>0x1cbf0</run_address>
         <size>0x8</size>
         <input_file_ref idref="fl-2a"/>
      </object_component>
      <object_component id="oc-c59">
         <name>.tramp.LL_PRIV_UpdateExtWLEntry.1</name>
         <load_address>0x1cbf8</load_address>
         <run_address>0x1cbf8</run_address>
         <size>0x8</size>
         <input_file_ref idref="fl-2a"/>
      </object_component>
      <object_component id="oc-c5a">
         <name>.tramp.llHaltRadio.1</name>
         <load_address>0x1cc00</load_address>
         <run_address>0x1cc00</run_address>
         <size>0x8</size>
         <input_file_ref idref="fl-2a"/>
      </object_component>
      <object_component id="oc-c5b">
         <name>.tramp.RFHAL_GetNextDataEntry.1</name>
         <load_address>0x1cc08</load_address>
         <run_address>0x1cc08</run_address>
         <size>0x8</size>
         <input_file_ref idref="fl-2a"/>
      </object_component>
      <object_component id="oc-c5c">
         <name>.tramp.LL_ENC_Decrypt.1</name>
         <load_address>0x1cc10</load_address>
         <run_address>0x1cc10</run_address>
         <size>0x8</size>
         <input_file_ref idref="fl-2a"/>
      </object_component>
      <object_component id="oc-c5d">
         <name>.tramp.LL_PRIV_UpdateRL.1</name>
         <load_address>0x1cc18</load_address>
         <run_address>0x1cc18</run_address>
         <size>0x8</size>
         <input_file_ref idref="fl-2a"/>
      </object_component>
      <object_component id="oc-c5f">
         <name>.tramp.LL_RxDataCompleteCback.1</name>
         <load_address>0x1cc20</load_address>
         <run_address>0x1cc20</run_address>
         <size>0x8</size>
         <input_file_ref idref="fl-2a"/>
      </object_component>
      <object_component id="oc-c60">
         <name>.tramp.llCombinePDU.1</name>
         <load_address>0x1cc28</load_address>
         <run_address>0x1cc28</run_address>
         <size>0x8</size>
         <input_file_ref idref="fl-2a"/>
      </object_component>
      <object_component id="oc-c61">
         <name>.tramp.llProcessSlaveControlPacket.1</name>
         <load_address>0x1cc30</load_address>
         <run_address>0x1cc30</run_address>
         <size>0x8</size>
         <input_file_ref idref="fl-2a"/>
      </object_component>
      <object_component id="oc-c63">
         <name>.tramp.RFHAL_NextDataEntryDone.1</name>
         <load_address>0x1cc38</load_address>
         <run_address>0x1cc38</run_address>
         <size>0x8</size>
         <input_file_ref idref="fl-2a"/>
      </object_component>
      <object_component id="oc-c64">
         <name>.tramp.llCreateRxBuffer.1</name>
         <load_address>0x1cc40</load_address>
         <run_address>0x1cc40</run_address>
         <size>0x8</size>
         <input_file_ref idref="fl-2a"/>
      </object_component>
      <object_component id="oc-c65">
         <name>.tramp.llProcessPostRfOps.1</name>
         <load_address>0x1cc48</load_address>
         <run_address>0x1cc48</run_address>
         <size>0x8</size>
         <input_file_ref idref="fl-2a"/>
      </object_component>
      <object_component id="oc-c6b">
         <name>.tramp.llTimeDelta.1</name>
         <load_address>0x1cc50</load_address>
         <run_address>0x1cc50</run_address>
         <size>0x8</size>
         <input_file_ref idref="fl-2a"/>
      </object_component>
      <object_component id="oc-c6e">
         <name>.tramp.hciInitEventMasks.1</name>
         <load_address>0x1cc58</load_address>
         <run_address>0x1cc58</run_address>
         <size>0x8</size>
         <input_file_ref idref="fl-2a"/>
      </object_component>
      <object_component id="oc-c77">
         <name>.tramp.gattServApp_SetNumPrepareWrites.1</name>
         <load_address>0x1cc60</load_address>
         <run_address>0x1cc60</run_address>
         <size>0x8</size>
         <input_file_ref idref="fl-2a"/>
      </object_component>
      <object_component id="oc-c78">
         <name>.tramp.GATT_RegisterForReq.1</name>
         <load_address>0x1cc68</load_address>
         <run_address>0x1cc68</run_address>
         <size>0x8</size>
         <input_file_ref idref="fl-2a"/>
      </object_component>
      <object_component id="oc-c79">
         <name>.tramp.linkDB_Register.1</name>
         <load_address>0x1cc70</load_address>
         <run_address>0x1cc70</run_address>
         <size>0x8</size>
         <input_file_ref idref="fl-2a"/>
      </object_component>
      <object_component id="oc-c7a">
         <name>.tramp.gattServApp_ProcessMsg.1</name>
         <load_address>0x1cc78</load_address>
         <run_address>0x1cc78</run_address>
         <size>0x8</size>
         <input_file_ref idref="fl-2a"/>
      </object_component>
      <object_component id="oc-c7b">
         <name>.tramp.GATT_bm_free.1</name>
         <load_address>0x1cc80</load_address>
         <run_address>0x1cc80</run_address>
         <size>0x8</size>
         <input_file_ref idref="fl-2a"/>
      </object_component>
      <object_component id="oc-c7c">
         <name>.tramp.GATT_RegisterService.1</name>
         <load_address>0x1cc88</load_address>
         <run_address>0x1cc88</run_address>
         <size>0x8</size>
         <input_file_ref idref="fl-2a"/>
      </object_component>
      <object_component id="oc-c7d">
         <name>.tramp.gattServApp_RegisterServiceCBs.1</name>
         <load_address>0x1cc90</load_address>
         <run_address>0x1cc90</run_address>
         <size>0x8</size>
         <input_file_ref idref="fl-2a"/>
      </object_component>
      <object_component id="oc-c7e">
         <name>.tramp.gattServApp_DeregisterServiceCBs.1</name>
         <load_address>0x1cc98</load_address>
         <run_address>0x1cc98</run_address>
         <size>0x8</size>
         <input_file_ref idref="fl-2a"/>
      </object_component>
      <object_component id="oc-c7f">
         <name>.tramp.GATT_DeregisterService.1</name>
         <load_address>0x1cca0</load_address>
         <run_address>0x1cca0</run_address>
         <size>0x8</size>
         <input_file_ref idref="fl-2a"/>
      </object_component>
      <object_component id="oc-c80">
         <name>.tramp.gattServApp_PrepareWriteQInUse.1</name>
         <load_address>0x1cca8</load_address>
         <run_address>0x1cca8</run_address>
         <size>0x8</size>
         <input_file_ref idref="fl-2a"/>
      </object_component>
      <object_component id="oc-c81">
         <name>.tramp.L2CAP_GetMTU.1</name>
         <load_address>0x1ccb0</load_address>
         <run_address>0x1ccb0</run_address>
         <size>0x8</size>
         <input_file_ref idref="fl-2a"/>
      </object_component>
      <object_component id="oc-c82">
         <name>.tramp.ATT_ExchangeMTURsp.1</name>
         <load_address>0x1ccb8</load_address>
         <run_address>0x1ccb8</run_address>
         <size>0x8</size>
         <input_file_ref idref="fl-2a"/>
      </object_component>
      <object_component id="oc-c83">
         <name>.tramp.GATT_UpdateMTU.1</name>
         <load_address>0x1ccc0</load_address>
         <run_address>0x1ccc0</run_address>
         <size>0x8</size>
         <input_file_ref idref="fl-2a"/>
      </object_component>
      <object_component id="oc-c85">
         <name>.tramp.gattServApp_FindPrepareWriteQ.1</name>
         <load_address>0x1ccc8</load_address>
         <run_address>0x1ccc8</run_address>
         <size>0x8</size>
         <input_file_ref idref="fl-2a"/>
      </object_component>
      <object_component id="oc-c86">
         <name>.tramp.gattServApp_FindAuthorizeAttrCB.1</name>
         <load_address>0x1ccd0</load_address>
         <run_address>0x1ccd0</run_address>
         <size>0x8</size>
         <input_file_ref idref="fl-2a"/>
      </object_component>
      <object_component id="oc-c87">
         <name>.tramp.GATT_FindHandle.1</name>
         <load_address>0x1ccd8</load_address>
         <run_address>0x1ccd8</run_address>
         <size>0x8</size>
         <input_file_ref idref="fl-2a"/>
      </object_component>
      <object_component id="oc-c88">
         <name>.tramp.GATT_FindNextAttr.1</name>
         <load_address>0x1cce0</load_address>
         <run_address>0x1cce0</run_address>
         <size>0x8</size>
         <input_file_ref idref="fl-2a"/>
      </object_component>
      <object_component id="oc-c89">
         <name>.tramp.ATT_CompareUUID.1</name>
         <load_address>0x1cce8</load_address>
         <run_address>0x1cce8</run_address>
         <size>0x8</size>
         <input_file_ref idref="fl-2a"/>
      </object_component>
      <object_component id="oc-c8b">
         <name>.tramp.gattServApp_FindReadAttrCB.1</name>
         <load_address>0x1ccf0</load_address>
         <run_address>0x1ccf0</run_address>
         <size>0x8</size>
         <input_file_ref idref="fl-2a"/>
      </object_component>
      <object_component id="oc-c8c">
         <name>.tramp.gattServApp_FindWriteAttrCB.1</name>
         <load_address>0x1ccf8</load_address>
         <run_address>0x1ccf8</run_address>
         <size>0x8</size>
         <input_file_ref idref="fl-2a"/>
      </object_component>
      <object_component id="oc-c8e">
         <name>.tramp.GATT_FindHandleUUID.1</name>
         <load_address>0x1cd00</load_address>
         <run_address>0x1cd00</run_address>
         <size>0x8</size>
         <input_file_ref idref="fl-2a"/>
      </object_component>
[...]
      </symbol>
      <symbol id="sm-d4f">
         <name>SM_appExpectingKey</name>
         <value>0x20004f7d</value>
      </symbol>
      <symbol id="sm-d50">
         <name>eccRom_param_Gx</name>
         <value>0x20004f80</value>
      </symbol>
      <symbol id="sm-d51">
         <name>ECC_DATA$$Base</name>
         <value>0x20004f80</value>
      </symbol>
      <symbol id="sm-d52">
         <name>eccRom_param_Gy</name>
         <value>0x20004f84</value>
      </symbol>
      <symbol id="sm-d53">
         <name>eccRom_workzone</name>
         <value>0x20004f88</value>
      </symbol>
      <symbol id="sm-d54">
         <name>eccRom_param_p</name>
         <value>0x20004f8c</value>
      </symbol>
      <symbol id="sm-d55">
         <name>eccRom_param_r</name>
         <value>0x20004f90</value>
      </symbol>
      <symbol id="sm-d56">
         <name>eccRom_param_a</name>
         <value>0x20004f94</value>
      </symbol>
      <symbol id="sm-d57">
         <name>eccRom_param_b</name>
         <value>0x20004f98</value>
      </symbol>
      <symbol id="sm-d58">
         <name>eccRom_windowSize</name>
         <value>0x20004f9c</value>
      </symbol>
      <symbol id="sm-d59">
         <name>aux64</name>
         <value>0x20004fa0</value>
      </symbol>
      <symbol id="sm-d5a">
         <name>MOD</name>
         <value>0x20004fa8</value>
      </symbol>
      <symbol id="sm-d5b">
         <name>LEN</name>
         <value>0x20004fac</value>
      </symbol>
      <symbol id="sm-d5c">
         <name>inScalar</name>
         <value>0x20004fb0</value>
      </symbol>
      <symbol id="sm-d5d">
         <name>inPointX</name>
         <value>0x20004fb4</value>
      </symbol>
      <symbol id="sm-d5e">
         <name>inPointY</name>
         <value>0x20004fb8</value>
      </symbol>
      <symbol id="sm-d5f">
         <name>outPointX</name>
         <value>0x20004fbc</value>
      </symbol>
      <symbol id="sm-d60">
         <name>outPointY</name>
         <value>0x20004fc0</value>
      </symbol>
      <symbol id="sm-d61">
         <name>SCAL</name>
         <value>0x20004fc4</value>
      </symbol>
      <symbol id="sm-d62">
         <name>EXPX</name>
         <value>0x20004fc8</value>
      </symbol>
      <symbol id="sm-d63">
         <name>EXPY</name>
         <value>0x20004fcc</value>
      </symbol>
      <symbol id="sm-d64">
         <name>EXPZ</name>
         <value>0x20004fd0</value>
      </symbol>
      <symbol id="sm-d65">
         <name>EXPW</name>
         <value>0x20004fd4</value>
      </symbol>
      <symbol id="sm-d66">
         <name>ACCX</name>
         <value>0x20004fd8</value>
      </symbol>
      <symbol id="sm-d67">
         <name>ACCY</name>
         <value>0x20004fdc</value>
      </symbol>
      <symbol id="sm-d68">
         <name>ACCZ</name>
         <value>0x20004fe0</value>
      </symbol>
      <symbol id="sm-d69">
         <name>TMP1</name>
         <value>0x20004fe4</value>
      </symbol>
      <symbol id="sm-d6a">
         <name>TMP2</name>
         <value>0x20004fe8</value>
      </symbol>
      <symbol id="sm-d6b">
         <name>TMP3</name>
         <value>0x20004fec</value>
      </symbol>
      <symbol id="sm-d6c">
         <name>TMP4</name>
         <value>0x20004ff0</value>
      </symbol>
      <symbol id="sm-d6d">
         <name>TMP5</name>
         <value>0x20004ff4</value>
      </symbol>
      <symbol id="sm-d6e">
         <name>TMP6</name>
         <value>0x20004ff8</value>
      </symbol>
      <symbol id="sm-d6f">
         <name>MSBMOD</name>
         <value>0x20004ffc</value>
      </symbol>
      <symbol id="sm-d70">
         <name>ECC_DATA$$Limit</name>
         <value>0x20005000</value>
      </symbol>
      <symbol id="sm-d71">
         <name>__checksum_begin</name>
         <value>0x10004940</value>
      </symbol>
      <symbol id="sm-d72">
         <name>ROM_BASE_ADDR</name>
         <value>0x10004941</value>
      </symbol>
      <symbol id="sm-d73">
         <name>__checksum_end</name>
         <value>0x10019afd</value>
      </symbol>
      <symbol id="sm-d74">
         <name>RAM_BASE_ADDR</name>
         <value>0x200044f8</value>
      </symbol>
      <symbol id="sm-d75">
         <name>__checksum_value</name>
         <value>0x81d7</value>
      </symbol>
      <symbol id="sm-d94">
         <name>LL_Init</name>
         <value>0x18089</value>
         <object_component_ref idref="oc-4c7"/>
      </symbol>
      <symbol id="sm-d95">
         <name>LL_ProcessEvent</name>
         <value>0x18625</value>
         <object_component_ref idref="oc-9ea"/>
      </symbol>
      <symbol id="sm-d96">
         <name>LL_Reset</name>
         <value>0x188c5</value>
         <object_component_ref idref="oc-7ff"/>
      </symbol>
      <symbol id="sm-daa">
         <name>llGetNextConn</name>
         <value>0x18a35</value>
         <object_component_ref idref="oc-a82"/>
      </symbol>
      <symbol id="sm-dab">
         <name>llValidateConnParams</name>
         <value>0x18bf5</value>
         <object_component_ref idref="oc-847"/>
      </symbol>
      <symbol id="sm-dcd">
         <name>advPktSuffix</name>
         <value>0x1dc20</value>
         <object_component_ref idref="oc-9a4"/>
      </symbol>
      <symbol id="sm-dce">
         <name>connEvtCutoff</name>
         <value>0x1dc38</value>
         <object_component_ref idref="oc-9b0"/>
      </symbol>
      <symbol id="sm-dcf">
         <name>cryptoMode</name>
         <value>0x1dc2d</value>
         <object_component_ref idref="oc-9ae"/>
      </symbol>
      <symbol id="sm-dd0">
         <name>initPktSuffix</name>
         <value>0x1dc28</value>
         <object_component_ref idref="oc-9a8"/>
      </symbol>
      <symbol id="sm-dd1">
         <name>llConfigTable</name>
         <value>0x1dc3c</value>
         <object_component_ref idref="oc-711"/>
      </symbol>
      <symbol id="sm-dd2">
         <name>llUserConfig</name>
         <value>0x200040d8</value>
         <object_component_ref idref="oc-4fd"/>
      </symbol>
      <symbol id="sm-dd3">
         <name>maxPktsPerEvt</name>
         <value>0x1dc30</value>
         <object_component_ref idref="oc-9ac"/>
      </symbol>
      <symbol id="sm-dd4">
         <name>rfCfgVal</name>
         <value>0x1dc18</value>
         <object_component_ref idref="oc-9a0"/>
      </symbol>
      <symbol id="sm-dd5">
         <name>rfOpLoc</name>
         <value>0x1dc34</value>
         <object_component_ref idref="oc-99e"/>
      </symbol>
      <symbol id="sm-dd6">
         <name>rxPktSuffix</name>
         <value>0x1dc1c</value>
         <object_component_ref idref="oc-9a2"/>
      </symbol>
      <symbol id="sm-dd7">
         <name>scanPktSuffix</name>
         <value>0x1dc24</value>
         <object_component_ref idref="oc-9a6"/>
      </symbol>
      <symbol id="sm-dd8">
         <name>txPowerTable</name>
         <value>0x1dc0c</value>
         <object_component_ref idref="oc-ab0"/>
      </symbol>
      <symbol id="sm-dd9">
         <name>txPwrTbl</name>
         <value>0x1dc10</value>
         <object_component_ref idref="oc-887"/>
      </symbol>
      <symbol id="sm-dda">
         <name>wlSize</name>
         <value>0x1dc2c</value>
         <object_component_ref idref="oc-9aa"/>
      </symbol>
      <symbol id="sm-deb">
         <name>llDataGetConnPtr</name>
         <value>0x18c69</value>
         <object_component_ref idref="oc-817"/>
      </symbol>
      <symbol id="sm-dec">
         <name>rfParams</name>
         <value>0x20004100</value>
         <object_component_ref idref="oc-b64"/>
      </symbol>
      <symbol id="sm-ded">
         <name>sizeInfo</name>
         <value>0x200040f8</value>
         <object_component_ref idref="oc-70f"/>
      </symbol>
      <symbol id="sm-e26">
         <name>LL_DoorbellErrorCback</name>
         <value>0x18cc1</value>
         <object_component_ref idref="oc-a6b"/>
      </symbol>
      <symbol id="sm-e27">
         <name>LL_LastCmdDoneCback</name>
         <value>0x18cd1</value>
         <object_component_ref idref="oc-a65"/>
      </symbol>
      <symbol id="sm-e28">
         <name>LL_RxEntryDoneCback</name>
         <value>0x190bd</value>
         <object_component_ref idref="oc-a5f"/>
      </symbol>
      <symbol id="sm-e29">
         <name>LL_RxIgnoredCback</name>
         <value>0x18efd</value>
         <object_component_ref idref="oc-a59"/>
      </symbol>
      <symbol id="sm-e2a">
         <name>LL_TxEntryDoneCback</name>
         <value>0x18edd</value>
         <object_component_ref idref="oc-a53"/>
      </symbol>
      <symbol id="sm-e2b">
         <name>rfCallback</name>
         <value>0x18c8d</value>
         <object_component_ref idref="oc-805"/>
      </symbol>
      <symbol id="sm-e2c">
         <name>rfPUpCallback</name>
         <value>0x18c7d</value>
         <object_component_ref idref="oc-bcf"/>
      </symbol>
      <symbol id="sm-e91">
         <name>llActiveTask</name>
         <value>0x1979d</value>
         <object_component_ref idref="oc-80b"/>
      </symbol>
      <symbol id="sm-e92">
         <name>llAllocTask</name>
         <value>0x196c1</value>
         <object_component_ref idref="oc-811"/>
      </symbol>
      <symbol id="sm-e93">
         <name>llFindNextSecTask</name>
         <value>0x19599</value>
         <object_component_ref idref="oc-a7c"/>
      </symbol>
      <symbol id="sm-e94">
         <name>llFindStartType</name>
         <value>0x19551</value>
         <object_component_ref idref="oc-a88"/>
      </symbol>
      <symbol id="sm-e95">
         <name>llFreeTask</name>
         <value>0x19725</value>
         <object_component_ref idref="oc-81d"/>
      </symbol>
      <symbol id="sm-e96">
         <name>llGetActiveTasks</name>
         <value>0x197d5</value>
         <object_component_ref idref="oc-a8e"/>
      </symbol>
      <symbol id="sm-e97">
         <name>llGetCurrentTask</name>
         <value>0x19755</value>
         <object_component_ref idref="oc-823"/>
      </symbol>
      <symbol id="sm-e98">
         <name>llGetNumTasks</name>
         <value>0x19819</value>
         <object_component_ref idref="oc-829"/>
      </symbol>
      <symbol id="sm-e99">
         <name>llGetTask</name>
         <value>0x197e1</value>
         <object_component_ref idref="oc-b8f"/>
      </symbol>
      <symbol id="sm-e9a">
         <name>llGetTaskState</name>
         <value>0x19769</value>
         <object_component_ref idref="oc-82f"/>
      </symbol>
      <symbol id="sm-e9b">
         <name>llScheduleTask</name>
         <value>0x19825</value>
         <object_component_ref idref="oc-841"/>
      </symbol>
      <symbol id="sm-e9c">
         <name>llScheduler</name>
         <value>0x19299</value>
         <object_component_ref idref="oc-83b"/>
      </symbol>
      <symbol id="sm-e9d">
         <name>llSchedulerInit</name>
         <value>0x1925d</value>
         <object_component_ref idref="oc-a4c"/>
      </symbol>
      <symbol id="sm-e9e">
         <name>llTaskList</name>
         <value>0x200040a4</value>
         <object_component_ref idref="oc-713"/>
      </symbol>
      <symbol id="sm-eae">
         <name>llTaskError</name>
         <value>0x198c9</value>
         <object_component_ref idref="oc-b84"/>
      </symbol>
      <symbol id="sm-ee5">
         <name>HCI_GAPTaskRegister</name>
         <value>0x19991</value>
         <object_component_ref idref="oc-7ed"/>
      </symbol>
      <symbol id="sm-ee6">
         <name>HCI_Init</name>
         <value>0x198cd</value>
         <object_component_ref idref="oc-4cd"/>
      </symbol>
      <symbol id="sm-ee7">
         <name>HCI_L2CAPTaskRegister</name>
         <value>0x1999d</value>
         <object_component_ref idref="oc-7f3"/>
      </symbol>
      <symbol id="sm-ee8">
         <name>HCI_ProcessEvent</name>
         <value>0x19901</value>
         <object_component_ref idref="oc-9f0"/>
      </symbol>
      <symbol id="sm-ee9">
         <name>HCI_SMPTaskRegister</name>
         <value>0x199a9</value>
         <object_component_ref idref="oc-7f9"/>
      </symbol>
      <symbol id="sm-eea">
         <name>hciGapTaskID</name>
         <value>0x200040b2</value>
         <object_component_ref idref="oc-71a"/>
      </symbol>
      <symbol id="sm-eeb">
         <name>hciL2capTaskID</name>
         <value>0x200040b3</value>
         <object_component_ref idref="oc-71c"/>
      </symbol>
      <symbol id="sm-eec">
         <name>hciSmpTaskID</name>
         <value>0x200040b4</value>
         <object_component_ref idref="oc-71e"/>
      </symbol>
      <symbol id="sm-eed">
         <name>hciTaskID</name>
         <value>0x200040b0</value>
         <object_component_ref idref="oc-764"/>
      </symbol>
      <symbol id="sm-eee">
         <name>hciTestTaskID</name>
         <value>0x200040b1</value>
         <object_component_ref idref="oc-718"/>
      </symbol>
      <symbol id="sm-eff">
         <name>GAP_isPairing</name>
         <value>0x199b5</value>
         <object_component_ref idref="oc-b1e"/>
      </symbol>
      <symbol id="sm-f4b">
         <name>GGS_AddService</name>
         <value>0x19a89</value>
         <object_component_ref idref="oc-8a3"/>
      </symbol>
      <symbol id="sm-f4c">
         <name>GGS_GetParameter</name>
         <value>0x19a4d</value>
         <object_component_ref idref="oc-8a9"/>
      </symbol>
      <symbol id="sm-f4d">
         <name>GGS_SetParameter</name>
         <value>0x199c5</value>
         <object_component_ref idref="oc-89d"/>
      </symbol>
      <symbol id="sm-f4e">
         <name>gapServiceCBs</name>
         <value>0x1dc8c</value>
         <object_component_ref idref="oc-aca"/>
      </symbol>
      <symbol id="sm-fd8">
         <name>GATTServApp_AddService</name>
         <value>0x19e09</value>
         <object_component_ref idref="oc-8f1"/>
      </symbol>
      <symbol id="sm-fd9">
         <name>GATTServApp_DeregisterService</name>
         <value>0x19da7</value>
         <object_component_ref idref="oc-8f7"/>
      </symbol>
      <symbol id="sm-fda">
         <name>GATTServApp_GetParameter</name>
         <value>0x19df1</value>
         <object_component_ref idref="oc-903"/>
      </symbol>
      <symbol id="sm-fdb">
         <name>GATTServApp_Init</name>
         <value>0x19cdd</value>
         <object_component_ref idref="oc-4d3"/>
      </symbol>
      <symbol id="sm-fdc">
         <name>GATTServApp_ProcessEvent</name>
         <value>0x19d39</value>
         <object_component_ref idref="oc-9fc"/>
      </symbol>
      <symbol id="sm-fdd">
         <name>GATTServApp_ReadAttr</name>
         <value>0x19f8d</value>
         <object_component_ref idref="oc-85f"/>
      </symbol>
      <symbol id="sm-fde">
         <name>GATTServApp_RegisterForMsg</name>
         <value>0x19cd1</value>
         <object_component_ref idref="oc-b02"/>
      </symbol>
      <symbol id="sm-fdf">
         <name>GATTServApp_RegisterService</name>
         <value>0x19d79</value>
         <object_component_ref idref="oc-8eb"/>
      </symbol>
      <symbol id="sm-fe0">
         <name>GATTServApp_SendCCCUpdatedEvent</name>
         <value>0x1a285</value>
         <object_component_ref idref="oc-909"/>
      </symbol>
      <symbol id="sm-fe1">
         <name>GATTServApp_SetParameter</name>
         <value>0x19dcb</value>
         <object_component_ref idref="oc-8fd"/>
      </symbol>
      <symbol id="sm-fe2">
         <name>GATTServApp_UpdateCharCfg</name>
         <value>0x1a1fd</value>
         <object_component_ref idref="oc-af4"/>
      </symbol>
      <symbol id="sm-fe3">
         <name>GATTServApp_WriteAttr</name>
         <value>0x1a185</value>
         <object_component_ref idref="oc-86b"/>
      </symbol>
      <symbol id="sm-fe4">
         <name>gattAttrTbl</name>
         <value>0x200041ac</value>
         <object_component_ref idref="oc-b2d"/>
      </symbol>
      <symbol id="sm-fe5">
         <name>gattServApp_ClearPrepareWriteQ</name>
         <value>0x19f45</value>
         <object_component_ref idref="oc-84d"/>
      </symbol>
      <symbol id="sm-fe6">
         <name>gattServApp_EnqueuePrepareWriteReq</name>
         <value>0x19ef5</value>
         <object_component_ref idref="oc-853"/>
      </symbol>
      <symbol id="sm-fe7">
         <name>gattServApp_HandleConnStatusCB</name>
         <value>0x1a259</value>
         <object_component_ref idref="oc-723"/>
      </symbol>
      <symbol id="sm-fe8">
         <name>gattServApp_ProcessExchangeMTUReq</name>
         <value>0x19e25</value>
         <object_component_ref idref="oc-859"/>
      </symbol>
      <symbol id="sm-fe9">
         <name>gattServApp_ProcessReliableWrites</name>
         <value>0x19e91</value>
         <object_component_ref idref="oc-865"/>
      </symbol>
      <symbol id="sm-fea">
         <name>gattServApp_ProcessWriteLong</name>
         <value>0x19e61</value>
         <object_component_ref idref="oc-871"/>
      </symbol>
      <symbol id="sm-feb">
         <name>gattServApp_ResetCharCfg</name>
         <value>0x1a21d</value>
         <object_component_ref idref="oc-9ba"/>
      </symbol>
      <symbol id="sm-fec">
         <name>gattService</name>
         <value>0x1dca0</value>
         <object_component_ref idref="oc-bca"/>
      </symbol>
      <symbol id="sm-1016">
         <name>__TI_auto_init</name>
         <value>0x1a2c1</value>
         <object_component_ref idref="oc-491"/>
      </symbol>
      <symbol id="sm-101f">
         <name>__aeabi_lmul</name>
         <value>0x1a331</value>
         <object_component_ref idref="oc-9d2"/>
      </symbol>
      <symbol id="sm-103a">
         <name>memcpy</name>
         <value>0x1a349</value>
         <object_component_ref idref="oc-482"/>
      </symbol>
      <symbol id="sm-103b">
         <name>__aeabi_memcpy</name>
         <value>0x1a349</value>
         <object_component_ref idref="oc-482"/>
      </symbol>
      <symbol id="sm-103c">
         <name>__aeabi_memcpy8</name>
         <value>0x1a349</value>
         <object_component_ref idref="oc-482"/>
      </symbol>
      <symbol id="sm-103d">
         <name>__aeabi_memcpy4</name>
         <value>0x1a349</value>
         <object_component_ref idref="oc-482"/>
      </symbol>
      <symbol id="sm-104c">
         <name>__aeabi_memset</name>
         <value>0x1a3e7</value>
         <object_component_ref idref="oc-48b"/>
      </symbol>
      <symbol id="sm-104d">
         <name>memset</name>
         <value>0x1a3ed</value>
         <object_component_ref idref="oc-48b"/>
      </symbol>
      <symbol id="sm-104e">
         <name>__aeabi_memset8</name>
         <value>0x1a3e7</value>
         <object_component_ref idref="oc-48b"/>
      </symbol>
      <symbol id="sm-104f">
         <name>__aeabi_memset4</name>
         <value>0x1a3e7</value>
         <object_component_ref idref="oc-48b"/>
      </symbol>
      <symbol id="sm-1050">
         <name>__aeabi_memclr8</name>
         <value>0x1a3e5</value>
         <object_component_ref idref="oc-48b"/>
      </symbol>
      <symbol id="sm-1051">
         <name>__aeabi_memclr4</name>
         <value>0x1a3e5</value>
         <object_component_ref idref="oc-48b"/>
      </symbol>
      <symbol id="sm-1052">
         <name>__aeabi_memclr</name>
         <value>0x1a3e5</value>
         <object_component_ref idref="oc-48b"/>
      </symbol>
      <symbol id="sm-106e">
         <name>__aeabi_uldivmod</name>
         <value>0x1a45f</value>
         <object_component_ref idref="oc-9cd"/>
      </symbol>
      <symbol id="sm-106f">
         <name>__TI_static_base__</name>
         <value>0x17d30</value>
      </symbol>
      <symbol id="sm-11b6">
         <name>SHT$$INIT_ARRAY$$Limit</name>
         <value>0x0</value>
      </symbol>
      <symbol id="sm-11b7">
         <name>SHT$$INIT_ARRAY$$Base</name>
         <value>0x0</value>
      </symbol>
   </symbol_table>
   <title>Link successful</title>
</link_info>
